Archive member included to satisfy reference by file (symbol)

app/libapp.a(main.cpp.obj)    (--whole-archive)
zephyr/libzephyr.a(cbprintf_packaged.c.obj)
                              (--whole-archive)
zephyr/libzephyr.a(dec.c.obj)
                              (--whole-archive)
zephyr/libzephyr.a(fdtable.c.obj)
                              (--whole-archive)
zephyr/libzephyr.a(hex.c.obj)
                              (--whole-archive)
zephyr/libzephyr.a(printk.c.obj)
                              (--whole-archive)
zephyr/libzephyr.a(rb.c.obj)  (--whole-archive)
zephyr/libzephyr.a(sem.c.obj)
                              (--whole-archive)
zephyr/libzephyr.a(thread_entry.c.obj)
                              (--whole-archive)
zephyr/libzephyr.a(timeutil.c.obj)
                              (--whole-archive)
zephyr/libzephyr.a(heap.c.obj)
                              (--whole-archive)
zephyr/libzephyr.a(heap-validate.c.obj)
                              (--whole-archive)
zephyr/libzephyr.a(bitarray.c.obj)
                              (--whole-archive)
zephyr/libzephyr.a(multi_heap.c.obj)
                              (--whole-archive)
zephyr/libzephyr.a(crc32c_sw.c.obj)
                              (--whole-archive)
zephyr/libzephyr.a(crc32_sw.c.obj)
                              (--whole-archive)
zephyr/libzephyr.a(crc16_sw.c.obj)
                              (--whole-archive)
zephyr/libzephyr.a(crc8_sw.c.obj)
                              (--whole-archive)
zephyr/libzephyr.a(crc7_sw.c.obj)
                              (--whole-archive)
zephyr/libzephyr.a(cbprintf_complete.c.obj)
                              (--whole-archive)
zephyr/libzephyr.a(cbprintf.c.obj)
                              (--whole-archive)
zephyr/libzephyr.a(assert.c.obj)
                              (--whole-archive)
zephyr/libzephyr.a(mpsc_pbuf.c.obj)
                              (--whole-archive)
zephyr/libzephyr.a(configs.c.obj)
                              (--whole-archive)
zephyr/libzephyr.a(soc_m7.c.obj)
                              (--whole-archive)
zephyr/libzephyr.a(mpu_regions.c.obj)
                              (--whole-archive)
zephyr/libzephyr.a(stm32cube_hal.c.obj)
                              (--whole-archive)
zephyr/libzephyr.a(soc_config.c.obj)
                              (--whole-archive)
zephyr/libzephyr.a(log_core.c.obj)
                              (--whole-archive)
zephyr/libzephyr.a(log_mgmt.c.obj)
                              (--whole-archive)
zephyr/libzephyr.a(log_cache.c.obj)
                              (--whole-archive)
zephyr/libzephyr.a(log_msg.c.obj)
                              (--whole-archive)
zephyr/libzephyr.a(log_output.c.obj)
                              (--whole-archive)
zephyr/libzephyr.a(log_backend_uart.c.obj)
                              (--whole-archive)
zephyr/libzephyr.a(tracing_none.c.obj)
                              (--whole-archive)
zephyr/arch/common/libarch__common.a(sw_isr_common.c.obj)
                              (--whole-archive)
zephyr/arch/arch/arm/core/aarch32/libarch__arm__core__aarch32.a(cpu_idle.S.obj)
                              (--whole-archive)
zephyr/arch/arch/arm/core/aarch32/libarch__arm__core__aarch32.a(fatal.c.obj)
                              (--whole-archive)
zephyr/arch/arch/arm/core/aarch32/libarch__arm__core__aarch32.a(irq_manage.c.obj)
                              (--whole-archive)
zephyr/arch/arch/arm/core/aarch32/libarch__arm__core__aarch32.a(nmi.c.obj)
                              (--whole-archive)
zephyr/arch/arch/arm/core/aarch32/libarch__arm__core__aarch32.a(nmi_on_reset.S.obj)
                              (--whole-archive)
zephyr/arch/arch/arm/core/aarch32/libarch__arm__core__aarch32.a(prep_c.c.obj)
                              (--whole-archive)
zephyr/arch/arch/arm/core/aarch32/libarch__arm__core__aarch32.a(swap.c.obj)
                              (--whole-archive)
zephyr/arch/arch/arm/core/aarch32/libarch__arm__core__aarch32.a(swap_helper.S.obj)
                              (--whole-archive)
zephyr/arch/arch/arm/core/aarch32/libarch__arm__core__aarch32.a(thread.c.obj)
                              (--whole-archive)
zephyr/arch/arch/arm/core/aarch32/libarch__arm__core__aarch32.a(isr_wrapper.S.obj)
                              (--whole-archive)
zephyr/arch/arch/arm/core/aarch32/cortex_m/libarch__arm__core__aarch32__cortex_m.a(exc_exit.S.obj)
                              (--whole-archive)
zephyr/arch/arch/arm/core/aarch32/cortex_m/libarch__arm__core__aarch32__cortex_m.a(fault.c.obj)
                              (--whole-archive)
zephyr/arch/arch/arm/core/aarch32/cortex_m/libarch__arm__core__aarch32__cortex_m.a(fault_s.S.obj)
                              (--whole-archive)
zephyr/arch/arch/arm/core/aarch32/cortex_m/libarch__arm__core__aarch32__cortex_m.a(fpu.c.obj)
                              (--whole-archive)
zephyr/arch/arch/arm/core/aarch32/cortex_m/libarch__arm__core__aarch32__cortex_m.a(irq_init.c.obj)
[...]
Memory Configuration

Name             Origin             Length             Attributes
FLASH            0x0000000008000000 0x0000000000100000 xr
RAM              0x0000000024000000 0x0000000000050000 xw
BACKUP_SRAM      0x0000000038800000 0x0000000000001000
QSPI             0x0000000090000000 0x0000000010000000
SRAM1            0x0000000030000000 0x0000000000004000
SRAM2            0x0000000030004000 0x0000000000004000
SRAM4            0x0000000038000000 0x0000000000004000
DTCM             0x0000000020000000 0x0000000000020000
ITCM             0x0000000000000000 0x0000000000010000
IDT_LIST         0x00000000fffff7ff 0x0000000000000800 xw
*default*        0x0000000000000000 0xffffffffffffffff

Linker script and memory map

LOAD zephyr/CMakeFiles/zephyr_pre0.dir/misc/empty_file.c.obj
LOAD zephyr/CMakeFiles/offsets.dir/./arch/arm/core/offsets/offsets.c.obj
LOAD app/libapp.a
LOAD zephyr/libzephyr.a
LOAD zephyr/arch/common/libarch__common.a
LOAD zephyr/arch/arch/arm/core/aarch32/libarch__arm__core__aarch32.a
LOAD zephyr/arch/arch/arm/core/aarch32/cortex_m/libarch__arm__core__aarch32__cortex_m.a
LOAD zephyr/arch/arch/arm/core/aarch32/mpu/libarch__arm__core__aarch32__mpu.a
LOAD zephyr/lib/libc/minimal/liblib__libc__minimal.a
LOAD zephyr/lib/libc/common/liblib__libc__common.a
LOAD zephyr/drivers/interrupt_controller/libdrivers__interrupt_controller.a
LOAD zephyr/drivers/clock_control/libdrivers__clock_control.a
LOAD zephyr/drivers/console/libdrivers__console.a
LOAD zephyr/drivers/display/libdrivers__display.a
LOAD zephyr/drivers/gpio/libdrivers__gpio.a
LOAD zephyr/drivers/pinctrl/libdrivers__pinctrl.a
LOAD zephyr/drivers/reset/libdrivers__reset.a
LOAD zephyr/drivers/serial/libdrivers__serial.a
LOAD zephyr/drivers/spi/libdrivers__spi.a
LOAD zephyr/drivers/timer/libdrivers__timer.a
LOAD modules/stm32/stm32cube/lib..__modules__hal__stm32__stm32cube.a
LOAD modules/lvgl/lib..__modules__lib__gui__lvgl__zephyr.a
LOAD zephyr/kernel/libkernel.a
LOAD c:/users/gazto/zephyr-sdk-0.16.1/arm-zephyr-eabi/bin/../lib/gcc/arm-zephyr-eabi/12.2.0/thumb/v7e-m/nofp\libgcc.a
LOAD zephyr/arch/common/libisr_tables.a
                0x0000000000000020                _region_min_align = 0x20

.rel.plt        0x0000000008000000        0x0
 *(SORT_BY_ALIGNMENT(.rel.plt))
                [!provide]                        PROVIDE (__rel_iplt_start = .)
 *(SORT_BY_ALIGNMENT(.rel.iplt))
 .rel.iplt      0x0000000008000000        0x0 app/libapp.a(main.cpp.obj)
                [!provide]                        PROVIDE (__rel_iplt_end = .)

.rela.plt       0x0000000000000000        0x0
 *(SORT_BY_ALIGNMENT(.rela.plt))
                [!provide]                        PROVIDE (__rela_iplt_start = .)
 *(SORT_BY_ALIGNMENT(.rela.iplt))
                [!provide]                        PROVIDE (__rela_iplt_end = .)

.rel.dyn
 *(SORT_BY_ALIGNMENT(.rel.*))

.rela.dyn
 *(SORT_BY_ALIGNMENT(.rela.*))

/DISCARD/
 *(SORT_BY_ALIGNMENT(.plt))

/DISCARD/
 *(SORT_BY_ALIGNMENT(.iplt))
                0x0000000008000000                __rom_region_start = 0x8000000

rom_start       0x0000000008000000      0x2cc
                0x0000000008000000                __rom_start_address = .
                0x0000000008000000                . = (. + (0x0 - (. - __rom_start_address)))
                0x0000000008000000                . = ALIGN (0x4)
                0x0000000008000000                . = ALIGN (0x80)
                0x0000000008000000                . = ALIGN (0x400)
                0x0000000008000000                _vector_start = .
 *(SORT_BY_ALIGNMENT(.exc_vector_table))
 *(SORT_BY_ALIGNMENT(.exc_vector_table.*))
 .exc_vector_table._vector_table_section
                0x0000000008000000       0x40 zephyr/arch/arch/arm/core/aarch32/cortex_m/libarch__arm__core__aarch32__cortex_m.a(vector_table.S.obj)
                0x0000000008000000                _vector_table
 *(SORT_BY_ALIGNMENT(.vectors))
                0x00000000080002cc                _vector_end = .
                0x0000000008000040                . = ALIGN (0x4)
 *(SORT_BY_ALIGNMENT(.gnu.linkonce.irq_vector_table*))
 .gnu.linkonce.irq_vector_table
                0x0000000008000040      0x28c zephyr/arch/common/libisr_tables.a(isr_tables.c.obj)
                0x0000000008000040                _irq_vector_table
                0x00000000080002cc                _vector_end = .

text            0x00000000080002cc    0x27f78
                0x00000000080002cc                __text_region_start = .
 *(SORT_BY_ALIGNMENT(.text))
 .text          0x00000000080002cc       0x30 c:/users/gazto/zephyr-sdk-0.16.1/arm-zephyr-eabi/bin/../lib/gcc/arm-zephyr-eabi/12.2.0/thumb/v7e-m/nofp\libgcc.a(_aeabi_uldivmod.o)
                0x00000000080002cc                __aeabi_uldivmod
 .text          0x00000000080002fc        0x4 c:/users/gazto/zephyr-sdk-0.16.1/arm-zephyr-eabi/bin/../lib/gcc/arm-zephyr-eabi/12.2.0/thumb/v7e-m/nofp\libgcc.a(_dvmd_tls.o)
                0x00000000080002fc                __aeabi_idiv0
                0x00000000080002fc                __aeabi_ldiv0
 .text          0x0000000008000300      0x2a0 c:/users/gazto/zephyr-sdk-0.16.1/arm-zephyr-eabi/bin/../lib/gcc/arm-zephyr-eabi/12.2.0/thumb/v7e-m/nofp\libgcc.a(_udivmoddi4.o)
                0x0000000008000300                __udivmoddi4
 *(SORT_BY_ALIGNMENT(.text.*))
 .text.main     0x00000000080005a0       0xd0 app/libapp.a(main.cpp.obj)
                0x00000000080005a0                main
 .text.cbvprintf_package
                0x0000000008000670      0x3a4 zephyr/libzephyr.a(cbprintf_packaged.c.obj)
                0x0000000008000670                cbvprintf_package
 .text.cbprintf_package_convert
                0x0000000008000a14      0x3c0 zephyr/libzephyr.a(cbprintf_packaged.c.obj)
                0x0000000008000a14                cbprintf_package_convert
 .text.__printk_hook_install
                0x0000000008000dd4        0xc zephyr/libzephyr.a(printk.c.obj)
                0x0000000008000dd4                __printk_hook_install
 .text.vsnprintk
                0x0000000008000de0       0x2c zephyr/libzephyr.a(printk.c.obj)
                0x0000000008000de0                vsnprintk
 .text.z_cbvprintf_impl
                0x0000000008000e0c      0x764 zephyr/libzephyr.a(cbprintf_complete.c.obj)
                0x0000000008000e0c                z_cbvprintf_impl
 .text.stm32h7_init
                0x0000000008001570       0xe4 zephyr/libzephyr.a(soc_m7.c.obj)
 .text.activate_foreach_backend
                0x0000000008001654       0x64 zephyr/libzephyr.a(log_core.c.obj)
 .text.enable_logger
                0x00000000080016b8       0x5c zephyr/libzephyr.a(log_core.c.obj)
 .text.log_process_thread_timer_expiry_fn
                0x0000000008001714        0xc zephyr/libzephyr.a(log_core.c.obj)
 .text.z_log_init
                0x0000000008001720       0x8c zephyr/libzephyr.a(log_core.c.obj)
 .text.log_format_func_t_get
                0x00000000080017ac        0xc zephyr/libzephyr.a(log_core.c.obj)
                0x00000000080017ac                log_format_func_t_get
 .text.log_set_timestamp_func
                0x00000000080017b8       0x20 zephyr/libzephyr.a(log_core.c.obj)
                0x00000000080017b8                log_set_timestamp_func
 .text.z_log_notify_backend_enabled
                0x00000000080017d8       0x1c zephyr/libzephyr.a(log_core.c.obj)
                0x00000000080017d8                z_log_notify_backend_enabled
 .text.z_log_dropped
                0x00000000080017f4       0x30 zephyr/libzephyr.a(log_core.c.obj)
                0x00000000080017f4                z_log_dropped
 .text.z_log_dropped_read_and_clear
                0x0000000008001824       0x20 zephyr/libzephyr.a(log_core.c.obj)
                0x0000000008001824                z_log_dropped_read_and_clear
 .text.dropped_notify
                0x0000000008001844       0x30 zephyr/libzephyr.a(log_core.c.obj)
                0x0000000008001844                dropped_notify
 .text.z_log_msg_init
                0x0000000008001874       0x20 zephyr/libzephyr.a(log_core.c.obj)
                0x0000000008001874                z_log_msg_init
 .text.log_core_init
                0x0000000008001894       0x34 zephyr/libzephyr.a(log_core.c.obj)
                0x0000000008001894                log_core_init
 .text.z_log_msg_alloc
                0x00000000080018c8       0x10 zephyr/libzephyr.a(log_core.c.obj)
                0x00000000080018c8                z_log_msg_alloc
 .text.z_log_msg_local_claim
                0x00000000080018d8        0xc zephyr/libzephyr.a(log_core.c.obj)
                0x00000000080018d8                z_log_msg_local_claim
 .text.z_log_msg_free
                0x00000000080018e4       0x10 zephyr/libzephyr.a(log_core.c.obj)
                0x00000000080018e4                z_log_msg_free
 .text.z_log_msg_pending
                0x00000000080018f4        0xc zephyr/libzephyr.a(log_core.c.obj)
                0x00000000080018f4                z_log_msg_pending
 .text.z_impl_log_process
                0x0000000008001900       0xb0 zephyr/libzephyr.a(log_core.c.obj)
                0x0000000008001900                z_impl_log_process
 .text.z_impl_log_panic
                0x00000000080019b0       0x44 zephyr/libzephyr.a(log_core.c.obj)
                0x00000000080019b0                z_impl_log_panic
 .text.log_process_thread_func
                0x00000000080019f4       0x9c zephyr/libzephyr.a(log_core.c.obj)
 .text.z_log_msg_post_finalize
                0x0000000008001a90       0x78 zephyr/libzephyr.a(log_core.c.obj)
 .text.z_log_msg_commit
                0x0000000008001b08       0x24 zephyr/libzephyr.a(log_core.c.obj)
                0x0000000008001b08                z_log_msg_commit
 .text.log_source_name_get
                0x0000000008001b2c       0x1c zephyr/libzephyr.a(log_mgmt.c.obj)
                0x0000000008001b2c                log_source_name_get
 .text.log_backend_enable
                0x0000000008001b48       0x28 zephyr/libzephyr.a(log_mgmt.c.obj)
                0x0000000008001b48                log_backend_enable
 .text.z_impl_z_log_msg_static_create
                0x0000000008001b70      0x108 zephyr/libzephyr.a(log_msg.c.obj)
                0x0000000008001b70                z_impl_z_log_msg_static_create
 .text.z_impl_z_log_msg_runtime_vcreate
                0x0000000008001c78       0x8c zephyr/libzephyr.a(log_msg.c.obj)
                0x0000000008001c78                z_impl_z_log_msg_runtime_vcreate
 .text.print_formatted
                0x0000000008001d04       0x24 zephyr/libzephyr.a(log_output.c.obj)
 .text.newline_print
                0x0000000008001d28       0x1c zephyr/libzephyr.a(log_output.c.obj)
 .text.log_output_process
                0x0000000008001d44      0x2a4 zephyr/libzephyr.a(log_output.c.obj)
                0x0000000008001d44                log_output_process
 .text.log_output_msg_process
                0x0000000008001fe8       0x70 zephyr/libzephyr.a(log_output.c.obj)
                0x0000000008001fe8                log_output_msg_process
 .text.log_output_dropped_process
                0x0000000008002058       0x58 zephyr/libzephyr.a(log_output.c.obj)
                0x0000000008002058                log_output_dropped_process
 .text.log_output_timestamp_freq_set
                0x00000000080020b0       0x2c zephyr/libzephyr.a(log_output.c.obj)
                0x00000000080020b0                log_output_timestamp_freq_set
 .text.format_set
                0x00000000080020dc        0xc zephyr/libzephyr.a(log_backend_uart.c.obj)
 .text.panic    0x00000000080020e8       0x14 zephyr/libzephyr.a(log_backend_uart.c.obj)
 .text.dropped  0x00000000080020fc        0xc zephyr/libzephyr.a(log_backend_uart.c.obj)
 .text.process  0x0000000008002108       0x24 zephyr/libzephyr.a(log_backend_uart.c.obj)
 .text.char_out
                0x000000000800212c       0x24 zephyr/libzephyr.a(log_backend_uart.c.obj)
 .text.z_arm_cpu_idle_init
                0x0000000008002150        0xc zephyr/arch/arch/arm/core/aarch32/libarch__arm__core__aarch32.a(cpu_idle.S.obj)
                0x0000000008002150                z_arm_cpu_idle_init
 .text.arch_cpu_idle
                0x000000000800215c       0x1c zephyr/arch/arch/arm/core/aarch32/libarch__arm__core__aarch32.a(cpu_idle.S.obj)
                0x000000000800215c                arch_cpu_idle
 .text.z_arm_fatal_error
                0x0000000008002178       0xcc zephyr/arch/arch/arm/core/aarch32/libarch__arm__core__aarch32.a(fatal.c.obj)
                0x0000000008002178                z_arm_fatal_error
 .text.arch_irq_enable
                0x0000000008002244       0x1c zephyr/arch/arch/arm/core/aarch32/libarch__arm__core__aarch32.a(irq_manage.c.obj)
                0x0000000008002244                arch_irq_enable
 .text.z_arm_irq_priority_set
                0x0000000008002260       0x2c zephyr/arch/arch/arm/core/aarch32/libarch__arm__core__aarch32.a(irq_manage.c.obj)
                0x0000000008002260                z_arm_irq_priority_set
 .text.z_SysNmiOnReset
                0x000000000800228c        0x8 zephyr/arch/arch/arm/core/aarch32/libarch__arm__core__aarch32.a(nmi_on_reset.S.obj)
                0x000000000800228c                z_SysNmiOnReset
 .text.z_arm_prep_c
                0x0000000008002294       0x48 zephyr/arch/arch/arm/core/aarch32/libarch__arm__core__aarch32.a(prep_c.c.obj)
                0x0000000008002294                z_arm_prep_c
 .text.arch_swap
                0x00000000080022dc       0x34 zephyr/arch/arch/arm/core/aarch32/libarch__arm__core__aarch32.a(swap.c.obj)
                0x00000000080022dc                arch_swap
 .text.z_arm_pendsv
                0x0000000008002310       0x54 zephyr/arch/arch/arm/core/aarch32/libarch__arm__core__aarch32.a(swap_helper.S.obj)
                0x0000000008002310                z_arm_pendsv
 .text.z_arm_svc
                0x0000000008002364       0x20 zephyr/arch/arch/arm/core/aarch32/libarch__arm__core__aarch32.a(swap_helper.S.obj)
                0x0000000008002364                z_arm_svc
 .text.arch_new_thread
                0x0000000008002384       0x2c zephyr/arch/arch/arm/core/aarch32/libarch__arm__core__aarch32.a(thread.c.obj)
                0x0000000008002384                arch_new_thread
 .text.z_check_thread_stack_fail
                0x00000000080023b0       0x2c zephyr/arch/arch/arm/core/aarch32/libarch__arm__core__aarch32.a(thread.c.obj)
                0x00000000080023b0                z_check_thread_stack_fail
 .text.arch_switch_to_main_thread
                0x00000000080023dc       0x2c zephyr/arch/arch/arm/core/aarch32/libarch__arm__core__aarch32.a(thread.c.obj)
                0x00000000080023dc                arch_switch_to_main_thread
 .text._isr_wrapper
                0x0000000008002408       0x28 zephyr/arch/arch/arm/core/aarch32/libarch__arm__core__aarch32.a(isr_wrapper.S.obj)
                0x0000000008002408                _isr_wrapper
 .text._HandlerModeExit
                0x0000000008002430       0x1c zephyr/arch/arch/arm/core/aarch32/cortex_m/libarch__arm__core__aarch32__cortex_m.a(exc_exit.S.obj)
                0x0000000008002430                z_arm_int_exit
                0x0000000008002430                z_arm_exc_exit
 .text.bus_fault.constprop.0
                0x000000000800244c      0x154 zephyr/arch/arch/arm/core/aarch32/cortex_m/libarch__arm__core__aarch32__cortex_m.a(fault.c.obj)
 .text.usage_fault.constprop.0
                0x00000000080025a0      0x104 zephyr/arch/arch/arm/core/aarch32/cortex_m/libarch__arm__core__aarch32__cortex_m.a(fault.c.obj)
 .text.mem_manage_fault
                0x00000000080026a4      0x178 zephyr/arch/arch/arm/core/aarch32/cortex_m/libarch__arm__core__aarch32__cortex_m.a(fault.c.obj)
 .text.z_arm_fault
                0x000000000800281c      0x218 zephyr/arch/arch/arm/core/aarch32/cortex_m/libarch__arm__core__aarch32__cortex_m.a(fault.c.obj)
                0x000000000800281c                z_arm_fault
 .text.z_arm_fault_init
                0x0000000008002a34       0x10 zephyr/arch/arch/arm/core/aarch32/cortex_m/libarch__arm__core__aarch32__cortex_m.a(fault.c.obj)
                0x0000000008002a34                z_arm_fault_init
 .text.__fault  0x0000000008002a44       0x14 zephyr/arch/arch/arm/core/aarch32/cortex_m/libarch__arm__core__aarch32__cortex_m.a(fault_s.S.obj)
                0x0000000008002a44                z_arm_usage_fault
                0x0000000008002a44                z_arm_mpu_fault
                0x0000000008002a44                z_arm_exc_spurious
                0x0000000008002a44                z_arm_debug_monitor
                0x0000000008002a44                z_arm_hard_fault
                0x0000000008002a44                z_arm_bus_fault
 .text.z_arm_interrupt_init
                0x0000000008002a58       0x18 zephyr/arch/arch/arm/core/aarch32/cortex_m/libarch__arm__core__aarch32__cortex_m.a(irq_init.c.obj)
                0x0000000008002a58                z_arm_interrupt_init
 .text._reset_section
                0x0000000008002a70       0x2c zephyr/arch/arch/arm/core/aarch32/cortex_m/libarch__arm__core__aarch32__cortex_m.a(reset.S.obj)
                0x0000000008002a70                __start
                0x0000000008002a70                z_arm_reset
 .text.z_impl_k_thread_abort
                0x0000000008002a9c       0x2c zephyr/arch/arch/arm/core/aarch32/cortex_m/libarch__arm__core__aarch32__cortex_m.a(thread_abort.c.obj)
                0x0000000008002a9c                z_impl_k_thread_abort
 .text.z_arm_configure_static_mpu_regions
                0x0000000008002ac8       0x18 zephyr/arch/arch/arm/core/aarch32/mpu/libarch__arm__core__aarch32__mpu.a(arm_core_mpu.c.obj)
                0x0000000008002ac8                z_arm_configure_static_mpu_regions
 .text.z_arm_configure_dynamic_mpu_regions
                0x0000000008002ae0       0x20 zephyr/arch/arch/arm/core/aarch32/mpu/libarch__arm__core__aarch32__mpu.a(arm_core_mpu.c.obj)
                0x0000000008002ae0                z_arm_configure_dynamic_mpu_regions
 .text.mpu_configure_regions
                0x0000000008002b00       0xcc zephyr/arch/arch/arm/core/aarch32/mpu/libarch__arm__core__aarch32__mpu.a(arm_mpu.c.obj)
 .text.arm_core_mpu_enable
                0x0000000008002bcc       0x18 zephyr/arch/arch/arm/core/aarch32/mpu/libarch__arm__core__aarch32__mpu.a(arm_mpu.c.obj)
                0x0000000008002bcc                arm_core_mpu_enable
 .text.arm_core_mpu_disable
                0x0000000008002be4       0x14 zephyr/arch/arch/arm/core/aarch32/mpu/libarch__arm__core__aarch32__mpu.a(arm_mpu.c.obj)
                0x0000000008002be4                arm_core_mpu_disable
 .text.arm_core_mpu_configure_static_mpu_regions
                0x0000000008002bf8       0x14 zephyr/arch/arch/arm/core/aarch32/mpu/libarch__arm__core__aarch32__mpu.a(arm_mpu.c.obj)
                0x0000000008002bf8                arm_core_mpu_configure_static_mpu_regions
 .text.arm_core_mpu_configure_dynamic_mpu_regions
                0x0000000008002c0c       0x30 zephyr/arch/arch/arm/core/aarch32/mpu/libarch__arm__core__aarch32__mpu.a(arm_mpu.c.obj)
                0x0000000008002c0c                arm_core_mpu_configure_dynamic_mpu_regions
 .text.z_arm_mpu_init
                0x0000000008002c3c       0x60 zephyr/arch/arch/arm/core/aarch32/mpu/libarch__arm__core__aarch32__mpu.a(arm_mpu.c.obj)
                0x0000000008002c3c                z_arm_mpu_init
 .text.__stdout_hook_install
                0x0000000008002c9c        0xc zephyr/lib/libc/minimal/liblib__libc__minimal.a(stdout_console.c.obj)
                0x0000000008002c9c                __stdout_hook_install
 .text.snprintf
                0x0000000008002ca8       0x34 zephyr/lib/libc/minimal/liblib__libc__minimal.a(sprintf.c.obj)
                0x0000000008002ca8                snprintf
 .text.vsnprintf
                0x0000000008002cdc       0x28 zephyr/lib/libc/minimal/liblib__libc__minimal.a(sprintf.c.obj)
                0x0000000008002cdc                vsnprintf
 .text.stm32_exti_isr
                0x0000000008002d04       0x50 zephyr/drivers/interrupt_controller/libdrivers__interrupt_controller.a(intc_exti_stm32.c.obj)
 .text.stm32_fill_irq_table
                0x0000000008002d54       0x18 zephyr/drivers/interrupt_controller/libdrivers__interrupt_controller.a(intc_exti_stm32.c.obj)
 .text.stm32_exti_enable
                0x0000000008002d6c       0x28 zephyr/drivers/interrupt_controller/libdrivers__interrupt_controller.a(intc_exti_stm32.c.obj)
                0x0000000008002d6c                stm32_exti_enable
 .text.stm32_exti_set_callback
                0x0000000008002d94       0x30 zephyr/drivers/interrupt_controller/libdrivers__interrupt_controller.a(intc_exti_stm32.c.obj)
                0x0000000008002d94                stm32_exti_set_callback
 .text.stm32_exti_unset_callback
                0x0000000008002dc4       0x14 zephyr/drivers/interrupt_controller/libdrivers__interrupt_controller.a(intc_exti_stm32.c.obj)
                0x0000000008002dc4                stm32_exti_unset_callback
 .text.get_pllsrc_frequency
                0x0000000008002dd8       0x1c zephyr/drivers/clock_control/libdrivers__clock_control.a(clock_stm32_ll_h7.c.obj)
 .text.get_hclk_frequency
                0x0000000008002df4       0x34 zephyr/drivers/clock_control/libdrivers__clock_control.a(clock_stm32_ll_h7.c.obj)
 .text.stm32_clock_control_configure
                0x0000000008002e28       0x5c zephyr/drivers/clock_control/libdrivers__clock_control.a(clock_stm32_ll_h7.c.obj)
 .text.stm32_clock_control_get_subsys_rate
                0x0000000008002e84       0xdc zephyr/drivers/clock_control/libdrivers__clock_control.a(clock_stm32_ll_h7.c.obj)
 .text.stm32_clock_control_init
                0x0000000008002f60      0x210 zephyr/drivers/clock_control/libdrivers__clock_control.a(clock_stm32_ll_h7.c.obj)
                0x0000000008002f60                stm32_clock_control_init
 .text.uart_console_init
                0x0000000008003170       0x28 zephyr/drivers/console/libdrivers__console.a(uart_console.c.obj)
 .text.console_out
                0x0000000008003198       0x28 zephyr/drivers/console/libdrivers__console.a(uart_console.c.obj)
 .text.ili9xxx_set_pixel_format.part.0
                0x00000000080031c0       0x28 zephyr/drivers/display/libdrivers__display.a(display_ili9xxx.c.obj)
 .text.ili9xxx_read
                0x00000000080031e8       0x28 zephyr/drivers/display/libdrivers__display.a(display_ili9xxx.c.obj)
 .text.ili9xxx_get_framebuffer
                0x0000000008003210       0x28 zephyr/drivers/display/libdrivers__display.a(display_ili9xxx.c.obj)
 .text.ili9xxx_set_brightness
                0x0000000008003238       0x28 zephyr/drivers/display/libdrivers__display.a(display_ili9xxx.c.obj)
 .text.ili9xxx_set_contrast
                0x0000000008003260       0x28 zephyr/drivers/display/libdrivers__display.a(display_ili9xxx.c.obj)
 .text.ili9xxx_init
                0x0000000008003288      0x1a4 zephyr/drivers/display/libdrivers__display.a(display_ili9xxx.c.obj)
 .text.gpio_stm32_init
                0x000000000800342c       0x30 zephyr/drivers/gpio/libdrivers__gpio.a(gpio_stm32.c.obj)
 .text.gpio_stm32_pin_interrupt_configure
                0x000000000800345c      0x110 zephyr/drivers/gpio/libdrivers__gpio.a(gpio_stm32.c.obj)
 .text.pinctrl_configure_pins
                0x000000000800356c       0x84 zephyr/drivers/pinctrl/libdrivers__pinctrl.a(pinctrl_stm32.c.obj)
                0x000000000800356c                pinctrl_configure_pins
 .text.uart_stm32_set_baudrate.part.0
                0x00000000080035f0       0x28 zephyr/drivers/serial/libdrivers__serial.a(uart_stm32.c.obj)
 .text.uart_stm32_configure
                0x0000000008003618      0x210 zephyr/drivers/serial/libdrivers__serial.a(uart_stm32.c.obj)
 .text.uart_stm32_init
                0x0000000008003828      0x288 zephyr/drivers/serial/libdrivers__serial.a(uart_stm32.c.obj)
 .text.spi_stm32_init
                0x0000000008003ab0      0x188 zephyr/drivers/spi/libdrivers__spi.a(spi_ll_stm32.c.obj)
 .text.spi_stm32_transceive
                0x0000000008003c38      0x5bc zephyr/drivers/spi/libdrivers__spi.a(spi_ll_stm32.c.obj)
 .text.elapsed  0x00000000080041f4       0x3c zephyr/drivers/timer/libdrivers__timer.a(cortex_m_systick.c.obj)
 .text.sys_clock_driver_init
                0x0000000008004230       0x34 zephyr/drivers/timer/libdrivers__timer.a(cortex_m_systick.c.obj)
 .text.sys_clock_isr
                0x0000000008004264       0x54 zephyr/drivers/timer/libdrivers__timer.a(cortex_m_systick.c.obj)
                0x0000000008004264                sys_clock_isr
 .text.sys_clock_set_timeout
                0x00000000080042b8       0xfc zephyr/drivers/timer/libdrivers__timer.a(cortex_m_systick.c.obj)
                0x00000000080042b8                sys_clock_set_timeout
 .text.sys_clock_elapsed
                0x00000000080043b4       0x3c zephyr/drivers/timer/libdrivers__timer.a(cortex_m_systick.c.obj)
                0x00000000080043b4                sys_clock_elapsed
 .text.sys_clock_cycle_get_32
                0x00000000080043f0       0x2c zephyr/drivers/timer/libdrivers__timer.a(cortex_m_systick.c.obj)
                0x00000000080043f0                sys_clock_cycle_get_32
 .text.LL_SetFlashLatency
                0x000000000800441c      0x198 modules/stm32/stm32cube/lib..__modules__hal__stm32__stm32cube.a(stm32h7xx_ll_utils.c.obj)
                0x000000000800441c                LL_SetFlashLatency
 .text.event_send_core
                0x00000000080045b4      0x128 modules/lvgl/lib..__modules__lib__gui__lvgl__zephyr.a(lv_event.c.obj)
 .text.lv_event_send
                0x00000000080046dc       0x40 modules/lvgl/lib..__modules__lib__gui__lvgl__zephyr.a(lv_event.c.obj)
                0x00000000080046dc                lv_event_send
 .text._lv_event_mark_deleted
                0x000000000800471c       0x24 modules/lvgl/lib..__modules__lib__gui__lvgl__zephyr.a(lv_event.c.obj)
                0x000000000800471c                _lv_event_mark_deleted
 .text._lv_group_init
                0x0000000008004740        0xc modules/lvgl/lib..__modules__lib__gui__lvgl__zephyr.a(lv_group.c.obj)
                0x0000000008004740                _lv_group_init
 .text.lv_group_get_default
                0x000000000800474c        0xc modules/lvgl/lib..__modules__lib__gui__lvgl__zephyr.a(lv_group.c.obj)
                0x000000000800474c                lv_group_get_default
 .text.lv_group_focus_next
                0x0000000008004758       0x28 modules/lvgl/lib..__modules__lib__gui__lvgl__zephyr.a(lv_group.c.obj)
                0x0000000008004758                lv_group_focus_next
 .text.lv_group_focus_prev
                0x0000000008004780       0x28 modules/lvgl/lib..__modules__lib__gui__lvgl__zephyr.a(lv_group.c.obj)
                0x0000000008004780                lv_group_focus_prev
 .text.lv_indev_get_act
                0x00000000080047a8        0xc modules/lvgl/lib..__modules__lib__gui__lvgl__zephyr.a(lv_indev.c.obj)
                0x00000000080047a8                lv_indev_get_act
 .text.lv_indev_reset
                0x00000000080047b4       0xa0 modules/lvgl/lib..__modules__lib__gui__lvgl__zephyr.a(lv_indev.c.obj)
                0x00000000080047b4                lv_indev_reset
 .text.lv_indev_get_obj_act
                0x0000000008004854        0xc modules/lvgl/lib..__modules__lib__gui__lvgl__zephyr.a(lv_indev.c.obj)
                0x0000000008004854                lv_indev_get_obj_act
 .text.lv_obj_draw
                0x0000000008004860      0x444 modules/lvgl/lib..__modules__lib__gui__lvgl__zephyr.a(lv_obj.c.obj)
 .text.lv_init  0x0000000008004ca4       0x54 modules/lvgl/lib..__modules__lib__gui__lvgl__zephyr.a(lv_obj.c.obj)
                0x0000000008004ca4                lv_init
 .text.lv_obj_create
                0x0000000008004cf8       0x18 modules/lvgl/lib..__modules__lib__gui__lvgl__zephyr.a(lv_obj.c.obj)
                0x0000000008004cf8                lv_obj_create
 .text.lv_obj_destructor
                0x0000000008004d10       0x68 modules/lvgl/lib..__modules__lib__gui__lvgl__zephyr.a(lv_obj.c.obj)
 .text.lv_obj_allocate_spec_attr
                0x0000000008004d78       0x40 modules/lvgl/lib..__modules__lib__gui__lvgl__zephyr.a(lv_obj.c.obj)
                0x0000000008004d78                lv_obj_allocate_spec_attr
 .text.lv_obj_class_create_obj
                0x0000000008004db8       0xe4 modules/lvgl/lib..__modules__lib__gui__lvgl__zephyr.a(lv_obj_class.c.obj)
                0x0000000008004db8                lv_obj_class_create_obj
 .text.lv_obj_is_layout_positioned
                0x0000000008004e9c       0x34 modules/lvgl/lib..__modules__lib__gui__lvgl__zephyr.a(lv_obj_pos.c.obj)
                0x0000000008004e9c                lv_obj_is_layout_positioned
 .text.lv_layout_register
                0x0000000008004ed0       0x40 modules/lvgl/lib..__modules__lib__gui__lvgl__zephyr.a(lv_obj_pos.c.obj)
                0x0000000008004ed0                lv_layout_register
 .text.lv_obj_get_self_width
                0x0000000008004f10       0x1c modules/lvgl/lib..__modules__lib__gui__lvgl__zephyr.a(lv_obj_pos.c.obj)
                0x0000000008004f10                lv_obj_get_self_width
 .text.lv_obj_refr_pos
                0x0000000008004f2c      0x260 modules/lvgl/lib..__modules__lib__gui__lvgl__zephyr.a(lv_obj_pos.c.obj)
                0x0000000008004f2c                lv_obj_refr_pos
 .text.lv_obj_refr_size
                0x000000000800518c      0x558 modules/lvgl/lib..__modules__lib__gui__lvgl__zephyr.a(lv_obj_pos.c.obj)
                0x000000000800518c                lv_obj_refr_size
 .text.layout_update_core
                0x00000000080056e4       0x7c modules/lvgl/lib..__modules__lib__gui__lvgl__zephyr.a(lv_obj_pos.c.obj)
 .text.lv_obj_update_layout
                0x0000000008005760       0x34 modules/lvgl/lib..__modules__lib__gui__lvgl__zephyr.a(lv_obj_pos.c.obj)
                0x0000000008005760                lv_obj_update_layout
 .text.lv_obj_align_to
                0x0000000008005794      0x3c4 modules/lvgl/lib..__modules__lib__gui__lvgl__zephyr.a(lv_obj_pos.c.obj)
                0x0000000008005794                lv_obj_align_to
 .text.lv_obj_get_scroll_bottom
                0x0000000008005b58       0xa4 modules/lvgl/lib..__modules__lib__gui__lvgl__zephyr.a(lv_obj_scroll.c.obj)
                0x0000000008005b58                lv_obj_get_scroll_bottom
 .text.lv_obj_get_scroll_left
                0x0000000008005bfc       0xd0 modules/lvgl/lib..__modules__lib__gui__lvgl__zephyr.a(lv_obj_scroll.c.obj)
                0x0000000008005bfc                lv_obj_get_scroll_left
 .text.lv_obj_get_scroll_right
                0x0000000008005ccc       0xb8 modules/lvgl/lib..__modules__lib__gui__lvgl__zephyr.a(lv_obj_scroll.c.obj)
                0x0000000008005ccc                lv_obj_get_scroll_right
 .text.lv_obj_get_scroll_end
                0x0000000008005d84       0x44 modules/lvgl/lib..__modules__lib__gui__lvgl__zephyr.a(lv_obj_scroll.c.obj)
                0x0000000008005d84                lv_obj_get_scroll_end
 .text.lv_obj_scroll_by
                0x0000000008005dc8      0x11c modules/lvgl/lib..__modules__lib__gui__lvgl__zephyr.a(lv_obj_scroll.c.obj)
                0x0000000008005dc8                lv_obj_scroll_by
 .text.lv_obj_scroll_to_x
                0x0000000008005ee4       0x2c modules/lvgl/lib..__modules__lib__gui__lvgl__zephyr.a(lv_obj_scroll.c.obj)
                0x0000000008005ee4                lv_obj_scroll_to_x
 .text.lv_obj_scroll_to_y
                0x0000000008005f10       0x2c modules/lvgl/lib..__modules__lib__gui__lvgl__zephyr.a(lv_obj_scroll.c.obj)
                0x0000000008005f10                lv_obj_scroll_to_y
 .text.scroll_area_into_view
                0x0000000008005f3c      0x2f0 modules/lvgl/lib..__modules__lib__gui__lvgl__zephyr.a(lv_obj_scroll.c.obj)
 .text.trans_del.isra.0
                0x000000000800622c       0xa4 modules/lvgl/lib..__modules__lib__gui__lvgl__zephyr.a(lv_obj_style.c.obj)
 .text._lv_obj_style_init
                0x00000000080062d0        0xc modules/lvgl/lib..__modules__lib__gui__lvgl__zephyr.a(lv_obj_style.c.obj)
                0x00000000080062d0                _lv_obj_style_init
 .text.lv_obj_enable_style_refresh
                0x00000000080062dc        0xc modules/lvgl/lib..__modules__lib__gui__lvgl__zephyr.a(lv_obj_style.c.obj)
                0x00000000080062dc                lv_obj_enable_style_refresh
 .text.lv_obj_refresh_style
                0x00000000080062e8      0x1e4 modules/lvgl/lib..__modules__lib__gui__lvgl__zephyr.a(lv_obj_style.c.obj)
                0x00000000080062e8                lv_obj_refresh_style
 .text.lv_obj_report_style_change
                0x00000000080064cc       0x38 modules/lvgl/lib..__modules__lib__gui__lvgl__zephyr.a(lv_obj_style.c.obj)
                0x00000000080064cc                lv_obj_report_style_change
 .text.trans_anim_cb
                0x0000000008006504      0x17c modules/lvgl/lib..__modules__lib__gui__lvgl__zephyr.a(lv_obj_style.c.obj)
 .text.trans_anim_ready_cb
                0x0000000008006680       0xa8 modules/lvgl/lib..__modules__lib__gui__lvgl__zephyr.a(lv_obj_style.c.obj)
 .text._lv_obj_style_create_transition
                0x0000000008006728      0x144 modules/lvgl/lib..__modules__lib__gui__lvgl__zephyr.a(lv_obj_style.c.obj)
                0x0000000008006728                _lv_obj_style_create_transition
 .text.lv_obj_get_disp
                0x000000000800686c       0x3c modules/lvgl/lib..__modules__lib__gui__lvgl__zephyr.a(lv_obj_tree.c.obj)
                0x000000000800686c                lv_obj_get_disp
 .text.refr_obj
                0x00000000080068a8      0x314 modules/lvgl/lib..__modules__lib__gui__lvgl__zephyr.a(lv_refr.c.obj)
 .text.refr_obj_and_children
                0x0000000008006bbc       0x8c modules/lvgl/lib..__modules__lib__gui__lvgl__zephyr.a(lv_refr.c.obj)
 .text.refr_area_part
                0x0000000008006c48      0x5bc modules/lvgl/lib..__modules__lib__gui__lvgl__zephyr.a(lv_refr.c.obj)
 .text._lv_refr_get_disp_refreshing
                0x0000000008007204        0xc modules/lvgl/lib..__modules__lib__gui__lvgl__zephyr.a(lv_refr.c.obj)
                0x0000000008007204                _lv_refr_get_disp_refreshing
 .text._lv_disp_refr_timer
                0x0000000008007210      0x3d8 modules/lvgl/lib..__modules__lib__gui__lvgl__zephyr.a(lv_refr.c.obj)
                0x0000000008007210                _lv_disp_refr_timer
 .text.lv_theme_apply
                0x00000000080075e8       0x28 modules/lvgl/lib..__modules__lib__gui__lvgl__zephyr.a(lv_theme.c.obj)
                0x00000000080075e8                lv_theme_apply
 .text.lv_draw_arc_get_area
                0x0000000008007610      0x458 modules/lvgl/lib..__modules__lib__gui__lvgl__zephyr.a(lv_draw_arc.c.obj)
                0x0000000008007610                lv_draw_arc_get_area
 .text.lv_img_cf_get_px_size
                0x0000000008007a68       0x14 modules/lvgl/lib..__modules__lib__gui__lvgl__zephyr.a(lv_draw_img.c.obj)
                0x0000000008007a68                lv_img_cf_get_px_size
 .text.lv_draw_img
                0x0000000008007a7c      0x22c modules/lvgl/lib..__modules__lib__gui__lvgl__zephyr.a(lv_draw_img.c.obj)
                0x0000000008007a7c                lv_draw_img
 .text.lv_draw_label_dsc_init
                0x0000000008007ca8       0x30 modules/lvgl/lib..__modules__lib__gui__lvgl__zephyr.a(lv_draw_label.c.obj)
                0x0000000008007ca8                lv_draw_label_dsc_init
 .text.lv_draw_label
                0x0000000008007cd8      0x568 modules/lvgl/lib..__modules__lib__gui__lvgl__zephyr.a(lv_draw_label.c.obj)
                0x0000000008007cd8                lv_draw_label
 .text.lv_draw_mask_add
                0x0000000008008240       0x2c modules/lvgl/lib..__modules__lib__gui__lvgl__zephyr.a(lv_draw_mask.c.obj)
                0x0000000008008240                lv_draw_mask_add
 .text.lv_draw_mask_apply
                0x000000000800826c       0x40 modules/lvgl/lib..__modules__lib__gui__lvgl__zephyr.a(lv_draw_mask.c.obj)
                0x000000000800826c                lv_draw_mask_apply
 .text.lv_draw_mask_remove_id
                0x00000000080082ac       0x24 modules/lvgl/lib..__modules__lib__gui__lvgl__zephyr.a(lv_draw_mask.c.obj)
                0x00000000080082ac                lv_draw_mask_remove_id
 .text.lv_draw_mask_remove_custom
                0x00000000080082d0       0x28 modules/lvgl/lib..__modules__lib__gui__lvgl__zephyr.a(lv_draw_mask.c.obj)
                0x00000000080082d0                lv_draw_mask_remove_custom
 .text._lv_draw_mask_cleanup
                0x00000000080082f8       0x24 modules/lvgl/lib..__modules__lib__gui__lvgl__zephyr.a(lv_draw_mask.c.obj)
                0x00000000080082f8                _lv_draw_mask_cleanup
 .text.lv_draw_mask_is_any
                0x000000000800831c       0x54 modules/lvgl/lib..__modules__lib__gui__lvgl__zephyr.a(lv_draw_mask.c.obj)
                0x000000000800831c                lv_draw_mask_is_any
 .text.lv_draw_mask_line_points_init
                0x0000000008008370      0x120 modules/lvgl/lib..__modules__lib__gui__lvgl__zephyr.a(lv_draw_mask.c.obj)
                0x0000000008008370                lv_draw_mask_line_points_init
 .text.lv_draw_mask_angle_init
                0x0000000008008490       0xa0 modules/lvgl/lib..__modules__lib__gui__lvgl__zephyr.a(lv_draw_mask.c.obj)
                0x0000000008008490                lv_draw_mask_angle_init
 .text.lv_draw_mask_radius_init
                0x0000000008008530      0x40c modules/lvgl/lib..__modules__lib__gui__lvgl__zephyr.a(lv_draw_mask.c.obj)
                0x0000000008008530                lv_draw_mask_radius_init
 .text.lv_draw_rect_dsc_init
                0x000000000800893c       0x4c modules/lvgl/lib..__modules__lib__gui__lvgl__zephyr.a(lv_draw_rect.c.obj)
                0x000000000800893c                lv_draw_rect_dsc_init
 .text._lv_img_cache_open
                0x0000000008008988       0x5c modules/lvgl/lib..__modules__lib__gui__lvgl__zephyr.a(lv_img_cache.c.obj)
                0x0000000008008988                _lv_img_cache_open
 .text.lv_img_decoder_built_in_info
                0x00000000080089e4       0xb0 modules/lvgl/lib..__modules__lib__gui__lvgl__zephyr.a(lv_img_decoder.c.obj)
                0x00000000080089e4                lv_img_decoder_built_in_info
 .text.lv_img_decoder_built_in_read_line
                0x0000000008008a94      0x33c modules/lvgl/lib..__modules__lib__gui__lvgl__zephyr.a(lv_img_decoder.c.obj)
                0x0000000008008a94                lv_img_decoder_built_in_read_line
 .text.lv_img_decoder_built_in_open
                0x0000000008008dd0      0x170 modules/lvgl/lib..__modules__lib__gui__lvgl__zephyr.a(lv_img_decoder.c.obj)
                0x0000000008008dd0                lv_img_decoder_built_in_open
 .text.lv_img_decoder_get_info
                0x0000000008008f40       0x60 modules/lvgl/lib..__modules__lib__gui__lvgl__zephyr.a(lv_img_decoder.c.obj)
                0x0000000008008f40                lv_img_decoder_get_info
 .text.lv_img_decoder_open
                0x0000000008008fa0       0xc4 modules/lvgl/lib..__modules__lib__gui__lvgl__zephyr.a(lv_img_decoder.c.obj)
                0x0000000008008fa0                lv_img_decoder_open
 .text.lv_img_decoder_create
                0x0000000008009064       0x20 modules/lvgl/lib..__modules__lib__gui__lvgl__zephyr.a(lv_img_decoder.c.obj)
                0x0000000008009064                lv_img_decoder_create
 .text._lv_img_decoder_init
                0x0000000008009084       0x38 modules/lvgl/lib..__modules__lib__gui__lvgl__zephyr.a(lv_img_decoder.c.obj)
                0x0000000008009084                _lv_img_decoder_init
 .text.lv_draw_sw_init_ctx
                0x00000000080090bc       0x8c modules/lvgl/lib..__modules__lib__gui__lvgl__zephyr.a(lv_draw_sw.c.obj)
                0x00000000080090bc                lv_draw_sw_init_ctx
 .text.lv_draw_sw_blend_basic
                0x0000000008009148      0x9a4 modules/lvgl/lib..__modules__lib__gui__lvgl__zephyr.a(lv_draw_sw_blend.c.obj)
                0x0000000008009148                lv_draw_sw_blend_basic
 .text.iterate_cache
                0x0000000008009aec       0x6c modules/lvgl/lib..__modules__lib__gui__lvgl__zephyr.a(lv_draw_sw_gradient.c.obj)
 .text.kill_oldest_item
                0x0000000008009b58       0x88 modules/lvgl/lib..__modules__lib__gui__lvgl__zephyr.a(lv_draw_sw_gradient.c.obj)
 .text.lv_gradient_set_cache_size
                0x0000000008009be0       0x38 modules/lvgl/lib..__modules__lib__gui__lvgl__zephyr.a(lv_draw_sw_gradient.c.obj)
                0x0000000008009be0                lv_gradient_set_cache_size
 .text.lv_gradient_get
                0x0000000008009c18      0x178 modules/lvgl/lib..__modules__lib__gui__lvgl__zephyr.a(lv_draw_sw_gradient.c.obj)
                0x0000000008009c18                lv_gradient_get
 .text.lv_draw_sw_letter
                0x0000000008009d90      0x428 modules/lvgl/lib..__modules__lib__gui__lvgl__zephyr.a(lv_draw_sw_letter.c.obj)
                0x0000000008009d90                lv_draw_sw_letter
 .text.lv_draw_sw_line
                0x000000000800a1b8      0x758 modules/lvgl/lib..__modules__lib__gui__lvgl__zephyr.a(lv_draw_sw_line.c.obj)
                0x000000000800a1b8                lv_draw_sw_line
 .text.lv_draw_sw_polygon
                0x000000000800a910      0x280 modules/lvgl/lib..__modules__lib__gui__lvgl__zephyr.a(lv_draw_sw_polygon.c.obj)
                0x000000000800a910                lv_draw_sw_polygon
 .text.find_track_end
                0x000000000800ab90      0x268 modules/lvgl/lib..__modules__lib__gui__lvgl__zephyr.a(lv_flex.c.obj)
 .text.flex_update
                0x000000000800adf8      0x70c modules/lvgl/lib..__modules__lib__gui__lvgl__zephyr.a(lv_flex.c.obj)
 .text.lv_flex_init
                0x000000000800b504       0x50 modules/lvgl/lib..__modules__lib__gui__lvgl__zephyr.a(lv_flex.c.obj)
                0x000000000800b504                lv_flex_init
 .text.lv_obj_set_style_flex_flow
                0x000000000800b554       0x10 modules/lvgl/lib..__modules__lib__gui__lvgl__zephyr.a(lv_flex.c.obj)
                0x000000000800b554                lv_obj_set_style_flex_flow
 .text.lv_obj_set_flex_flow
                0x000000000800b564       0x20 modules/lvgl/lib..__modules__lib__gui__lvgl__zephyr.a(lv_flex.c.obj)
                0x000000000800b564                lv_obj_set_flex_flow
 .text.lv_obj_set_style_flex_main_place
                0x000000000800b584       0x10 modules/lvgl/lib..__modules__lib__gui__lvgl__zephyr.a(lv_flex.c.obj)
                0x000000000800b584                lv_obj_set_style_flex_main_place
 .text.lv_obj_set_style_flex_cross_place
                0x000000000800b594       0x10 modules/lvgl/lib..__modules__lib__gui__lvgl__zephyr.a(lv_flex.c.obj)
                0x000000000800b594                lv_obj_set_style_flex_cross_place
 .text.lv_obj_set_style_flex_track_place
                0x000000000800b5a4       0x10 modules/lvgl/lib..__modules__lib__gui__lvgl__zephyr.a(lv_flex.c.obj)
                0x000000000800b5a4                lv_obj_set_style_flex_track_place
 .text.lv_obj_set_flex_align
                0x000000000800b5b4       0x38 modules/lvgl/lib..__modules__lib__gui__lvgl__zephyr.a(lv_flex.c.obj)
                0x000000000800b5b4                lv_obj_set_flex_align
 .text.lv_obj_set_style_flex_grow
                0x000000000800b5ec       0x10 modules/lvgl/lib..__modules__lib__gui__lvgl__zephyr.a(lv_flex.c.obj)
                0x000000000800b5ec                lv_obj_set_style_flex_grow
 .text.grid_align
                0x000000000800b5fc      0x134 modules/lvgl/lib..__modules__lib__gui__lvgl__zephyr.a(lv_grid.c.obj)
 .text.grid_update
                0x000000000800b730      0x7ec modules/lvgl/lib..__modules__lib__gui__lvgl__zephyr.a(lv_grid.c.obj)
 .text.lv_grid_init
                0x000000000800bf1c       0xa4 modules/lvgl/lib..__modules__lib__gui__lvgl__zephyr.a(lv_grid.c.obj)
                0x000000000800bf1c                lv_grid_init
 .text.theme_apply
                0x000000000800bfc0      0xe88 modules/lvgl/lib..__modules__lib__gui__lvgl__zephyr.a(lv_theme_default.c.obj)
 .text.grey_filter_cb
                0x000000000800ce48       0x2c modules/lvgl/lib..__modules__lib__gui__lvgl__zephyr.a(lv_theme_default.c.obj)
 .text.style_init_reset
                0x000000000800ce74       0x14 modules/lvgl/lib..__modules__lib__gui__lvgl__zephyr.a(lv_theme_default.c.obj)
 .text.lv_theme_default_init
                0x000000000800ce88     0x15c4 modules/lvgl/lib..__modules__lib__gui__lvgl__zephyr.a(lv_theme_default.c.obj)
                0x000000000800ce88                lv_theme_default_init
 .text.lv_theme_default_get
                0x000000000800e44c       0x18 modules/lvgl/lib..__modules__lib__gui__lvgl__zephyr.a(lv_theme_default.c.obj)
                0x000000000800e44c                lv_theme_default_get
 .text.lv_theme_default_is_inited
                0x000000000800e464       0x10 modules/lvgl/lib..__modules__lib__gui__lvgl__zephyr.a(lv_theme_default.c.obj)
                0x000000000800e464                lv_theme_default_is_inited
 .text.lv_calendar_set_showed_date
                0x000000000800e474      0x13c modules/lvgl/lib..__modules__lib__gui__lvgl__zephyr.a(lv_calendar.c.obj)
                0x000000000800e474                lv_calendar_set_showed_date
 .text.lv_calendar_constructor
                0x000000000800e5b0       0xe8 modules/lvgl/lib..__modules__lib__gui__lvgl__zephyr.a(lv_calendar.c.obj)
 .text.my_constructor
                0x000000000800e698       0xe0 modules/lvgl/lib..__modules__lib__gui__lvgl__zephyr.a(lv_calendar_header_arrow.c.obj)
 .text.value_changed_event_cb
                0x000000000800e778       0x3c modules/lvgl/lib..__modules__lib__gui__lvgl__zephyr.a(lv_calendar_header_arrow.c.obj)
 .text.month_event_cb
                0x000000000800e7b4       0x7c modules/lvgl/lib..__modules__lib__gui__lvgl__zephyr.a(lv_calendar_header_arrow.c.obj)
 .text.my_constructor
                0x000000000800e830       0x90 modules/lvgl/lib..__modules__lib__gui__lvgl__zephyr.a(lv_calendar_header_dropdown.c.obj)
 .text.lv_chart_constructor
                0x000000000800e8c0       0x50 modules/lvgl/lib..__modules__lib__gui__lvgl__zephyr.a(lv_chart.c.obj)
 .text.draw_y_ticks
                0x000000000800e910      0x2dc modules/lvgl/lib..__modules__lib__gui__lvgl__zephyr.a(lv_chart.c.obj)
 .text.draw_x_ticks
                0x000000000800ebec      0x368 modules/lvgl/lib..__modules__lib__gui__lvgl__zephyr.a(lv_chart.c.obj)
 .text.lv_chart_event
                0x000000000800ef54     0x10f0 modules/lvgl/lib..__modules__lib__gui__lvgl__zephyr.a(lv_chart.c.obj)
 .text.lv_colorwheel_constructor
                0x0000000008010044       0x50 modules/lvgl/lib..__modules__lib__gui__lvgl__zephyr.a(lv_colorwheel.c.obj)
 .text.lv_colorwheel_event
                0x0000000008010094      0x784 modules/lvgl/lib..__modules__lib__gui__lvgl__zephyr.a(lv_colorwheel.c.obj)
 .text.lv_keyboard_update_ctrl_map
                0x0000000008010818       0x6c modules/lvgl/lib..__modules__lib__gui__lvgl__zephyr.a(lv_keyboard.c.obj)
 .text.lv_keyboard_update_map
                0x0000000008010884       0x20 modules/lvgl/lib..__modules__lib__gui__lvgl__zephyr.a(lv_keyboard.c.obj)
 .text.lv_keyboard_constructor
                0x00000000080108a4       0x4c modules/lvgl/lib..__modules__lib__gui__lvgl__zephyr.a(lv_keyboard.c.obj)
 .text.lv_keyboard_def_event_cb
                0x00000000080108f0      0x1f8 modules/lvgl/lib..__modules__lib__gui__lvgl__zephyr.a(lv_keyboard.c.obj)
                0x00000000080108f0                lv_keyboard_def_event_cb
 .text.lv_led_event
                0x0000000008010ae8      0x250 modules/lvgl/lib..__modules__lib__gui__lvgl__zephyr.a(lv_led.c.obj)
 .text.lv_menu_constructor
                0x0000000008010d38      0x138 modules/lvgl/lib..__modules__lib__gui__lvgl__zephyr.a(lv_menu.c.obj)
 .text.lv_meter_event
                0x0000000008010e70      0x8ac modules/lvgl/lib..__modules__lib__gui__lvgl__zephyr.a(lv_meter.c.obj)
 .text.lv_spinbox_updatevalue
                0x000000000801171c      0x10c modules/lvgl/lib..__modules__lib__gui__lvgl__zephyr.a(lv_spinbox.c.obj)
 .text.lv_spinbox_constructor
                0x0000000008011828       0x50 modules/lvgl/lib..__modules__lib__gui__lvgl__zephyr.a(lv_spinbox.c.obj)
 .text.lv_spinbox_event
                0x0000000008011878      0x15c modules/lvgl/lib..__modules__lib__gui__lvgl__zephyr.a(lv_spinbox.c.obj)
 .text.lv_spinner_constructor
                0x00000000080119d4       0x84 modules/lvgl/lib..__modules__lib__gui__lvgl__zephyr.a(lv_spinner.c.obj)
 .text.lv_tabview_constructor
                0x0000000008011a58      0x14c modules/lvgl/lib..__modules__lib__gui__lvgl__zephyr.a(lv_tabview.c.obj)
 .text.lv_tabview_event
                0x0000000008011ba4       0x34 modules/lvgl/lib..__modules__lib__gui__lvgl__zephyr.a(lv_tabview.c.obj)
 .text.lv_tileview_constructor
                0x0000000008011bd8       0x3c modules/lvgl/lib..__modules__lib__gui__lvgl__zephyr.a(lv_tileview.c.obj)
 .text.lv_tileview_tile_constructor
                0x0000000008011c14       0x78 modules/lvgl/lib..__modules__lib__gui__lvgl__zephyr.a(lv_tileview.c.obj)
 .text.lv_win_constructor
                0x0000000008011c8c       0x74 modules/lvgl/lib..__modules__lib__gui__lvgl__zephyr.a(lv_win.c.obj)
 .text.get_glyph_dsc_id
                0x0000000008011d00       0xd4 modules/lvgl/lib..__modules__lib__gui__lvgl__zephyr.a(lv_font_fmt_txt.c.obj)
 .text.lv_font_get_glyph_dsc_fmt_txt
                0x0000000008011dd4      0x144 modules/lvgl/lib..__modules__lib__gui__lvgl__zephyr.a(lv_font_fmt_txt.c.obj)
                0x0000000008011dd4                lv_font_get_glyph_dsc_fmt_txt
 .text.lv_disp_drv_init
                0x0000000008011f18       0x48 modules/lvgl/lib..__modules__lib__gui__lvgl__zephyr.a(lv_hal_disp.c.obj)
                0x0000000008011f18                lv_disp_drv_init
 .text.lv_disp_drv_register
                0x0000000008011f60      0x12c modules/lvgl/lib..__modules__lib__gui__lvgl__zephyr.a(lv_hal_disp.c.obj)
                0x0000000008011f60                lv_disp_drv_register
 .text.lv_disp_get_default
                0x000000000801208c        0xc modules/lvgl/lib..__modules__lib__gui__lvgl__zephyr.a(lv_hal_disp.c.obj)
                0x000000000801208c                lv_disp_get_default
 .text.lv_disp_get_hor_res
                0x0000000008012098       0x20 modules/lvgl/lib..__modules__lib__gui__lvgl__zephyr.a(lv_hal_disp.c.obj)
                0x0000000008012098                lv_disp_get_hor_res
 .text.lv_disp_get_ver_res
                0x00000000080120b8       0x20 modules/lvgl/lib..__modules__lib__gui__lvgl__zephyr.a(lv_hal_disp.c.obj)
                0x00000000080120b8                lv_disp_get_ver_res
 .text.lv_disp_get_dpi
                0x00000000080120d8       0x1c modules/lvgl/lib..__modules__lib__gui__lvgl__zephyr.a(lv_hal_disp.c.obj)
                0x00000000080120d8                lv_disp_get_dpi
 .text.lv_disp_get_next
                0x00000000080120f4       0x14 modules/lvgl/lib..__modules__lib__gui__lvgl__zephyr.a(lv_hal_disp.c.obj)
                0x00000000080120f4                lv_disp_get_next
 .text.lv_indev_get_next
                0x0000000008012108       0x14 modules/lvgl/lib..__modules__lib__gui__lvgl__zephyr.a(lv_hal_indev.c.obj)
                0x0000000008012108                lv_indev_get_next
 .text.anim_mark_list_change
                0x000000000801211c       0x34 modules/lvgl/lib..__modules__lib__gui__lvgl__zephyr.a(lv_anim.c.obj)
 .text.anim_timer
                0x0000000008012150      0x17c modules/lvgl/lib..__modules__lib__gui__lvgl__zephyr.a(lv_anim.c.obj)
 .text._lv_anim_core_init
                0x00000000080122cc       0x34 modules/lvgl/lib..__modules__lib__gui__lvgl__zephyr.a(lv_anim.c.obj)
                0x00000000080122cc                _lv_anim_core_init
 .text.lv_anim_init
                0x0000000008012300       0x38 modules/lvgl/lib..__modules__lib__gui__lvgl__zephyr.a(lv_anim.c.obj)
                0x0000000008012300                lv_anim_init
 .text.lv_anim_del
                0x0000000008012338       0x60 modules/lvgl/lib..__modules__lib__gui__lvgl__zephyr.a(lv_anim.c.obj)
                0x0000000008012338                lv_anim_del
 .text.lv_anim_start
                0x0000000008012398       0x84 modules/lvgl/lib..__modules__lib__gui__lvgl__zephyr.a(lv_anim.c.obj)
                0x0000000008012398                lv_anim_start
 .text.lv_anim_get
                0x000000000801241c       0x30 modules/lvgl/lib..__modules__lib__gui__lvgl__zephyr.a(lv_anim.c.obj)
                0x000000000801241c                lv_anim_get
 .text.lv_point_transform
                0x000000000801244c      0x130 modules/lvgl/lib..__modules__lib__gui__lvgl__zephyr.a(lv_area.c.obj)
                0x000000000801244c                lv_point_transform
 .text.lv_palette_main
                0x000000000801257c       0x14 modules/lvgl/lib..__modules__lib__gui__lvgl__zephyr.a(lv_color.c.obj)
                0x000000000801257c                lv_palette_main
 .text.lv_palette_lighten
                0x0000000008012590       0x24 modules/lvgl/lib..__modules__lib__gui__lvgl__zephyr.a(lv_color.c.obj)
                0x0000000008012590                lv_palette_lighten
 .text.lv_palette_darken
                0x00000000080125b4       0x24 modules/lvgl/lib..__modules__lib__gui__lvgl__zephyr.a(lv_color.c.obj)
                0x00000000080125b4                lv_palette_darken
 .text._lv_fs_init
                0x00000000080125d8        0xc modules/lvgl/lib..__modules__lib__gui__lvgl__zephyr.a(lv_fs.c.obj)
                0x00000000080125d8                _lv_fs_init
 .text.lv_fs_get_drv
                0x00000000080125e4       0x2c modules/lvgl/lib..__modules__lib__gui__lvgl__zephyr.a(lv_fs.c.obj)
                0x00000000080125e4                lv_fs_get_drv
 .text.lv_fs_get_ext
                0x0000000008012610       0x2c modules/lvgl/lib..__modules__lib__gui__lvgl__zephyr.a(lv_fs.c.obj)
                0x0000000008012610                lv_fs_get_ext
 .text.lv_trigo_sin
                0x000000000801263c       0x58 modules/lvgl/lib..__modules__lib__gui__lvgl__zephyr.a(lv_math.c.obj)
                0x000000000801263c                lv_trigo_sin
 .text.lv_mem_init
                0x0000000008012694       0x1c modules/lvgl/lib..__modules__lib__gui__lvgl__zephyr.a(lv_mem.c.obj)
                0x0000000008012694                lv_mem_init
 .text.lv_mem_alloc
                0x00000000080126b0       0x3c modules/lvgl/lib..__modules__lib__gui__lvgl__zephyr.a(lv_mem.c.obj)
                0x00000000080126b0                lv_mem_alloc
 .text.lv_mem_free
                0x00000000080126ec       0x30 modules/lvgl/lib..__modules__lib__gui__lvgl__zephyr.a(lv_mem.c.obj)
                0x00000000080126ec                lv_mem_free
 .text.lv_mem_realloc
                0x000000000801271c       0x34 modules/lvgl/lib..__modules__lib__gui__lvgl__zephyr.a(lv_mem.c.obj)
                0x000000000801271c                lv_mem_realloc
 .text.lv_mem_buf_get
                0x0000000008012750       0x94 modules/lvgl/lib..__modules__lib__gui__lvgl__zephyr.a(lv_mem.c.obj)
                0x0000000008012750                lv_mem_buf_get
 .text.lv_mem_buf_release
                0x00000000080127e4       0x28 modules/lvgl/lib..__modules__lib__gui__lvgl__zephyr.a(lv_mem.c.obj)
                0x00000000080127e4                lv_mem_buf_release
 .text.lv_mem_buf_free_all
                0x000000000801280c       0x30 modules/lvgl/lib..__modules__lib__gui__lvgl__zephyr.a(lv_mem.c.obj)
                0x000000000801280c                lv_mem_buf_free_all
 .text.lv_style_register_prop
                0x000000000801283c       0x74 modules/lvgl/lib..__modules__lib__gui__lvgl__zephyr.a(lv_style.c.obj)
                0x000000000801283c                lv_style_register_prop
 .text.lv_style_transition_dsc_init
                0x00000000080128b0       0x30 modules/lvgl/lib..__modules__lib__gui__lvgl__zephyr.a(lv_style.c.obj)
                0x00000000080128b0                lv_style_transition_dsc_init
 .text.lv_style_prop_get_default
                0x00000000080128e0       0x98 modules/lvgl/lib..__modules__lib__gui__lvgl__zephyr.a(lv_style.c.obj)
                0x00000000080128e0                lv_style_prop_get_default
 .text.lv_style_set_prop
                0x0000000008012978        0xc modules/lvgl/lib..__modules__lib__gui__lvgl__zephyr.a(lv_style.c.obj)
                0x0000000008012978                lv_style_set_prop
 .text._lv_style_prop_lookup_flags
                0x0000000008012984       0x40 modules/lvgl/lib..__modules__lib__gui__lvgl__zephyr.a(lv_style.c.obj)
                0x0000000008012984                _lv_style_prop_lookup_flags
 .text._lv_timer_core_init
                0x00000000080129c4       0x1c modules/lvgl/lib..__modules__lib__gui__lvgl__zephyr.a(lv_timer.c.obj)
                0x00000000080129c4                _lv_timer_core_init
 .text.lv_timer_create
                0x00000000080129e0       0x40 modules/lvgl/lib..__modules__lib__gui__lvgl__zephyr.a(lv_timer.c.obj)
                0x00000000080129e0                lv_timer_create
 .text.lv_timer_del
                0x0000000008012a20       0x24 modules/lvgl/lib..__modules__lib__gui__lvgl__zephyr.a(lv_timer.c.obj)
                0x0000000008012a20                lv_timer_del
 .text.lv_timer_handler
                0x0000000008012a44      0x1a0 modules/lvgl/lib..__modules__lib__gui__lvgl__zephyr.a(lv_timer.c.obj)
                0x0000000008012a44                lv_timer_handler
 .text.lv_txt_utf8_prev
                0x0000000008012be4       0x48 modules/lvgl/lib..__modules__lib__gui__lvgl__zephyr.a(lv_txt.c.obj)
 .text.lv_txt_utf8_get_byte_id
                0x0000000008012c2c       0x38 modules/lvgl/lib..__modules__lib__gui__lvgl__zephyr.a(lv_txt.c.obj)
 .text.lv_txt_utf8_get_char_id
                0x0000000008012c64       0x28 modules/lvgl/lib..__modules__lib__gui__lvgl__zephyr.a(lv_txt.c.obj)
 .text.lv_txt_utf8_get_length
                0x0000000008012c8c       0x28 modules/lvgl/lib..__modules__lib__gui__lvgl__zephyr.a(lv_txt.c.obj)
 .text._lv_txt_get_next_line
                0x0000000008012cb4      0x228 modules/lvgl/lib..__modules__lib__gui__lvgl__zephyr.a(lv_txt.c.obj)
                0x0000000008012cb4                _lv_txt_get_next_line
 .text._lv_txt_ins
                0x0000000008012edc       0x54 modules/lvgl/lib..__modules__lib__gui__lvgl__zephyr.a(lv_txt.c.obj)
                0x0000000008012edc                _lv_txt_ins
 .text._lv_txt_cut
                0x0000000008012f30       0x48 modules/lvgl/lib..__modules__lib__gui__lvgl__zephyr.a(lv_txt.c.obj)
                0x0000000008012f30                _lv_txt_cut
 .text._lv_txt_encoded_letter_next_2
                0x0000000008012f78       0x34 modules/lvgl/lib..__modules__lib__gui__lvgl__zephyr.a(lv_txt.c.obj)
                0x0000000008012f78                _lv_txt_encoded_letter_next_2
 .text.lv_arc_constructor
                0x0000000008012fac       0x5c modules/lvgl/lib..__modules__lib__gui__lvgl__zephyr.a(lv_arc.c.obj)
 .text.lv_arc_event
                0x0000000008013008      0x5ec modules/lvgl/lib..__modules__lib__gui__lvgl__zephyr.a(lv_arc.c.obj)
 .text.lv_bar_set_value_with_anim
                0x00000000080135f4       0x7c modules/lvgl/lib..__modules__lib__gui__lvgl__zephyr.a(lv_bar.c.obj)
 .text.draw_indic
                0x0000000008013670      0x530 modules/lvgl/lib..__modules__lib__gui__lvgl__zephyr.a(lv_bar.c.obj)
 .text.lv_bar_event
                0x0000000008013ba0       0xc8 modules/lvgl/lib..__modules__lib__gui__lvgl__zephyr.a(lv_bar.c.obj)
 .text.lv_btn_create
                0x0000000008013c68       0x18 modules/lvgl/lib..__modules__lib__gui__lvgl__zephyr.a(lv_btn.c.obj)
                0x0000000008013c68                lv_btn_create
 .text.lv_btnmatrix_set_map.part.0
                0x0000000008013c80      0x258 modules/lvgl/lib..__modules__lib__gui__lvgl__zephyr.a(lv_btnmatrix.c.obj)
 .text.lv_btnmatrix_constructor
                0x0000000008013ed8       0x28 modules/lvgl/lib..__modules__lib__gui__lvgl__zephyr.a(lv_btnmatrix.c.obj)
 .text.draw_main
                0x0000000008013f00      0x3b0 modules/lvgl/lib..__modules__lib__gui__lvgl__zephyr.a(lv_btnmatrix.c.obj)
 .text.lv_btnmatrix_create
                0x00000000080142b0       0x18 modules/lvgl/lib..__modules__lib__gui__lvgl__zephyr.a(lv_btnmatrix.c.obj)
                0x00000000080142b0                lv_btnmatrix_create
 .text.lv_btnmatrix_get_btn_text
                0x00000000080142c8       0x5c modules/lvgl/lib..__modules__lib__gui__lvgl__zephyr.a(lv_btnmatrix.c.obj)
                0x00000000080142c8                lv_btnmatrix_get_btn_text
 .text.lv_btnmatrix_event
                0x0000000008014324      0x52c modules/lvgl/lib..__modules__lib__gui__lvgl__zephyr.a(lv_btnmatrix.c.obj)
 .text.lv_checkbox_constructor
                0x0000000008014850       0x38 modules/lvgl/lib..__modules__lib__gui__lvgl__zephyr.a(lv_checkbox.c.obj)
 .text.lv_checkbox_event
                0x0000000008014888      0x2e0 modules/lvgl/lib..__modules__lib__gui__lvgl__zephyr.a(lv_checkbox.c.obj)
 .text.lv_dropdown_create
                0x0000000008014b68       0x18 modules/lvgl/lib..__modules__lib__gui__lvgl__zephyr.a(lv_dropdown.c.obj)
                0x0000000008014b68                lv_dropdown_create
 .text.lv_dropdown_constructor
                0x0000000008014b80       0x60 modules/lvgl/lib..__modules__lib__gui__lvgl__zephyr.a(lv_dropdown.c.obj)
 .text.lv_dropdown_list_event
                0x0000000008014be0      0x1a4 modules/lvgl/lib..__modules__lib__gui__lvgl__zephyr.a(lv_dropdown.c.obj)
 .text.lv_dropdown_event
                0x0000000008014d84      0x398 modules/lvgl/lib..__modules__lib__gui__lvgl__zephyr.a(lv_dropdown.c.obj)
 .text.lv_img_create
                0x000000000801511c       0x18 modules/lvgl/lib..__modules__lib__gui__lvgl__zephyr.a(lv_img.c.obj)
                0x000000000801511c                lv_img_create
 .text.lv_img_event
                0x0000000008015134      0x674 modules/lvgl/lib..__modules__lib__gui__lvgl__zephyr.a(lv_img.c.obj)
 .text.lv_label_revert_dots
                0x00000000080157a8       0x58 modules/lvgl/lib..__modules__lib__gui__lvgl__zephyr.a(lv_label.c.obj)
 .text.lv_label_get_letter_on.part.0
                0x0000000008015800      0x1ec modules/lvgl/lib..__modules__lib__gui__lvgl__zephyr.a(lv_label.c.obj)
 .text.lv_label_refr_text
                0x00000000080159ec      0x4bc modules/lvgl/lib..__modules__lib__gui__lvgl__zephyr.a(lv_label.c.obj)
 .text.lv_label_event
                0x0000000008015ea8      0x344 modules/lvgl/lib..__modules__lib__gui__lvgl__zephyr.a(lv_label.c.obj)
 .text.lv_label_create
                0x00000000080161ec       0x18 modules/lvgl/lib..__modules__lib__gui__lvgl__zephyr.a(lv_label.c.obj)
                0x00000000080161ec                lv_label_create
 .text.lv_label_set_long_mode
                0x0000000008016204       0x60 modules/lvgl/lib..__modules__lib__gui__lvgl__zephyr.a(lv_label.c.obj)
                0x0000000008016204                lv_label_set_long_mode
 .text.lv_label_constructor
                0x0000000008016264       0x4c modules/lvgl/lib..__modules__lib__gui__lvgl__zephyr.a(lv_label.c.obj)
 .text.lv_label_get_letter_pos
                0x00000000080162b0      0x1bc modules/lvgl/lib..__modules__lib__gui__lvgl__zephyr.a(lv_label.c.obj)
                0x00000000080162b0                lv_label_get_letter_pos
 .text.lv_label_ins_text
                0x000000000801646c       0x64 modules/lvgl/lib..__modules__lib__gui__lvgl__zephyr.a(lv_label.c.obj)
                0x000000000801646c                lv_label_ins_text
 .text.lv_line_event
                0x00000000080164d0      0x174 modules/lvgl/lib..__modules__lib__gui__lvgl__zephyr.a(lv_line.c.obj)
 .text.refr_position
                0x0000000008016644      0x130 modules/lvgl/lib..__modules__lib__gui__lvgl__zephyr.a(lv_roller.c.obj)
 .text.lv_roller_constructor
                0x0000000008016774       0x4c modules/lvgl/lib..__modules__lib__gui__lvgl__zephyr.a(lv_roller.c.obj)
 .text.lv_roller_label_event
                0x00000000080167c0      0x158 modules/lvgl/lib..__modules__lib__gui__lvgl__zephyr.a(lv_roller.c.obj)
 .text.lv_roller_event
                0x0000000008016918      0x494 modules/lvgl/lib..__modules__lib__gui__lvgl__zephyr.a(lv_roller.c.obj)
 .text.lv_slider_event
                0x0000000008016dac      0x714 modules/lvgl/lib..__modules__lib__gui__lvgl__zephyr.a(lv_slider.c.obj)
 .text.lv_switch_event
                0x00000000080174c0      0x2ac modules/lvgl/lib..__modules__lib__gui__lvgl__zephyr.a(lv_switch.c.obj)
 .text.draw_main
                0x000000000801776c      0x4c4 modules/lvgl/lib..__modules__lib__gui__lvgl__zephyr.a(lv_table.c.obj)
 .text.lv_table_event
                0x0000000008017c30      0x2c4 modules/lvgl/lib..__modules__lib__gui__lvgl__zephyr.a(lv_table.c.obj)
 .text.start_cursor_blink
                0x0000000008017ef4       0x64 modules/lvgl/lib..__modules__lib__gui__lvgl__zephyr.a(lv_textarea.c.obj)
 .text.refr_cursor_area
                0x0000000008017f58      0x210 modules/lvgl/lib..__modules__lib__gui__lvgl__zephyr.a(lv_textarea.c.obj)
 .text.lv_textarea_set_cursor_pos
                0x0000000008018168       0xf4 modules/lvgl/lib..__modules__lib__gui__lvgl__zephyr.a(lv_textarea.c.obj)
                0x0000000008018168                lv_textarea_set_cursor_pos
 .text.lv_textarea_constructor
                0x000000000801825c       0x84 modules/lvgl/lib..__modules__lib__gui__lvgl__zephyr.a(lv_textarea.c.obj)
 .text.lv_textarea_get_password_bullet
                0x00000000080182e0       0x30 modules/lvgl/lib..__modules__lib__gui__lvgl__zephyr.a(lv_textarea.c.obj)
                0x00000000080182e0                lv_textarea_get_password_bullet
 .text.pwd_char_hider
                0x0000000008018310       0x7c modules/lvgl/lib..__modules__lib__gui__lvgl__zephyr.a(lv_textarea.c.obj)
 .text.auto_hide_characters
                0x000000000801838c       0x4c modules/lvgl/lib..__modules__lib__gui__lvgl__zephyr.a(lv_textarea.c.obj)
 .text.lv_textarea_add_text
                0x00000000080183d8       0xd8 modules/lvgl/lib..__modules__lib__gui__lvgl__zephyr.a(lv_textarea.c.obj)
                0x00000000080183d8                lv_textarea_add_text
 .text.insert_handler
                0x00000000080184b0       0x3c modules/lvgl/lib..__modules__lib__gui__lvgl__zephyr.a(lv_textarea.c.obj)
 .text.lv_textarea_add_char
                0x00000000080184ec       0xf4 modules/lvgl/lib..__modules__lib__gui__lvgl__zephyr.a(lv_textarea.c.obj)
                0x00000000080184ec                lv_textarea_add_char
 .text.lv_textarea_set_text
                0x00000000080185e0       0xcc modules/lvgl/lib..__modules__lib__gui__lvgl__zephyr.a(lv_textarea.c.obj)
                0x00000000080185e0                lv_textarea_set_text
 .text.lv_textarea_event
                0x00000000080186ac      0x474 modules/lvgl/lib..__modules__lib__gui__lvgl__zephyr.a(lv_textarea.c.obj)
 .text.lvgl_init
                0x0000000008018b20      0x134 modules/lvgl/lib..__modules__lib__gui__lvgl__zephyr.a(lvgl.c.obj)
 .text.set_lvgl_rendering_cb
                0x0000000008018c54       0x80 modules/lvgl/lib..__modules__lib__gui__lvgl__zephyr.a(lvgl_display.c.obj)
                0x0000000008018c54                set_lvgl_rendering_cb
 .text.lvgl_heap_init
                0x0000000008018cd4       0x1c modules/lvgl/lib..__modules__lib__gui__lvgl__zephyr.a(lvgl_mem.c.obj)
 .text.z_impl_k_busy_wait
                0x0000000008018cf0       0x30 zephyr/kernel/libkernel.a(busy_wait.c.obj)
                0x0000000008018cf0                z_impl_k_busy_wait
 .text.k_sys_fatal_error_handler
                0x0000000008018d20       0x30 zephyr/kernel/libkernel.a(fatal.c.obj)
                0x0000000008018d20                k_sys_fatal_error_handler
 .text.z_fatal_error
                0x0000000008018d50      0x100 zephyr/kernel/libkernel.a(fatal.c.obj)
                0x0000000008018d50                z_fatal_error
 .text.z_sys_init_run_level
                0x0000000008018e50       0x48 zephyr/kernel/libkernel.a(init.c.obj)
 .text.bg_thread_main
                0x0000000008018e98       0x34 zephyr/kernel/libkernel.a(init.c.obj)
 .text.z_bss_zero
                0x0000000008018ecc       0x2c zephyr/kernel/libkernel.a(init.c.obj)
                0x0000000008018ecc                z_bss_zero
 .text.z_init_cpu
                0x0000000008018ef8       0x8c zephyr/kernel/libkernel.a(init.c.obj)
                0x0000000008018ef8                z_init_cpu
 .text.z_cstart
                0x0000000008018f84       0xd8 zephyr/kernel/libkernel.a(init.c.obj)
                0x0000000008018f84                z_cstart
 .text.z_setup_new_thread
                0x000000000801905c       0x64 zephyr/kernel/libkernel.a(thread.c.obj)
                0x000000000801905c                z_setup_new_thread
 .text.z_impl_k_thread_create
                0x00000000080190c0       0x58 zephyr/kernel/libkernel.a(thread.c.obj)
                0x00000000080190c0                z_impl_k_thread_create
 .text.z_init_static_threads
                0x0000000008019118       0x94 zephyr/kernel/libkernel.a(thread.c.obj)
                0x0000000008019118                z_init_static_threads
 .text.z_impl_k_sem_give
                0x00000000080191ac       0x48 zephyr/kernel/libkernel.a(sem.c.obj)
                0x00000000080191ac                z_impl_k_sem_give
 .text.z_impl_k_sem_take
                0x00000000080191f4       0x50 zephyr/kernel/libkernel.a(sem.c.obj)
                0x00000000080191f4                z_impl_k_sem_take
 .text.sliceable
                0x0000000008019244       0x3c zephyr/kernel/libkernel.a(sched.c.obj)
 .text.slice_timeout
                0x0000000008019280       0x20 zephyr/kernel/libkernel.a(sched.c.obj)
 .text.z_reset_time_slice
                0x00000000080192a0       0x50 zephyr/kernel/libkernel.a(sched.c.obj)
                0x00000000080192a0                z_reset_time_slice
 .text.update_cache
                0x00000000080192f0       0x3c zephyr/kernel/libkernel.a(sched.c.obj)
 .text.move_thread_to_end_of_prio_q
                0x000000000801932c       0x74 zephyr/kernel/libkernel.a(sched.c.obj)
 .text.ready_thread
                0x00000000080193a0       0x68 zephyr/kernel/libkernel.a(sched.c.obj)
 .text.unready_thread
                0x0000000008019408       0x30 zephyr/kernel/libkernel.a(sched.c.obj)
 .text.pend_locked
                0x0000000008019438       0x30 zephyr/kernel/libkernel.a(sched.c.obj)
 .text.z_time_slice
                0x0000000008019468       0x60 zephyr/kernel/libkernel.a(sched.c.obj)
                0x0000000008019468                z_time_slice
 .text.z_pend_curr
                0x00000000080194c8       0x3c zephyr/kernel/libkernel.a(sched.c.obj)
                0x00000000080194c8                z_pend_curr
 .text.z_reschedule
                0x0000000008019504       0x24 zephyr/kernel/libkernel.a(sched.c.obj)
                0x0000000008019504                z_reschedule
 .text.z_sched_start
                0x0000000008019528       0x3c zephyr/kernel/libkernel.a(sched.c.obj)
                0x0000000008019528                z_sched_start
 .text.z_impl_k_thread_suspend
                0x0000000008019564       0x64 zephyr/kernel/libkernel.a(sched.c.obj)
                0x0000000008019564                z_impl_k_thread_suspend
 .text.k_sched_lock
                0x00000000080195c8       0x28 zephyr/kernel/libkernel.a(sched.c.obj)
                0x00000000080195c8                k_sched_lock
 .text.k_sched_unlock
                0x00000000080195f0       0x38 zephyr/kernel/libkernel.a(sched.c.obj)
                0x00000000080195f0                k_sched_unlock
 .text.z_sched_init
                0x0000000008019628       0x10 zephyr/kernel/libkernel.a(sched.c.obj)
                0x0000000008019628                z_sched_init
 .text.z_impl_k_yield
                0x0000000008019638       0x7c zephyr/kernel/libkernel.a(sched.c.obj)
                0x0000000008019638                z_impl_k_yield
 .text.z_tick_sleep
                0x00000000080196b4       0x88 zephyr/kernel/libkernel.a(sched.c.obj)
 .text.z_impl_k_sleep
                0x000000000801973c       0x30 zephyr/kernel/libkernel.a(sched.c.obj)
                0x000000000801973c                z_impl_k_sleep
 .text.z_impl_z_current_get
                0x000000000801976c        0xc zephyr/kernel/libkernel.a(sched.c.obj)
                0x000000000801976c                z_impl_z_current_get
 .text.z_thread_abort
                0x0000000008019778       0xc0 zephyr/kernel/libkernel.a(sched.c.obj)
                0x0000000008019778                z_thread_abort
 .text.z_data_copy
                0x0000000008019838       0x4c zephyr/kernel/libkernel.a(xip.c.obj)
                0x0000000008019838                z_data_copy
 .text.elapsed  0x0000000008019884       0x14 zephyr/kernel/libkernel.a(timeout.c.obj)
 .text.next_timeout
                0x0000000008019898       0x40 zephyr/kernel/libkernel.a(timeout.c.obj)
 .text.remove_timeout
                0x00000000080198d8       0x38 zephyr/kernel/libkernel.a(timeout.c.obj)
 .text.z_add_timeout
                0x0000000008019910       0xec zephyr/kernel/libkernel.a(timeout.c.obj)
                0x0000000008019910                z_add_timeout
 .text.sys_clock_announce
                0x00000000080199fc       0xd8 zephyr/kernel/libkernel.a(timeout.c.obj)
                0x00000000080199fc                sys_clock_announce
 .text.sys_clock_tick_get
                0x0000000008019ad4       0x34 zephyr/kernel/libkernel.a(timeout.c.obj)
                0x0000000008019ad4                sys_clock_tick_get
 .text.z_timer_expiration_handler
                0x0000000008019b08       0xe4 zephyr/kernel/libkernel.a(timer.c.obj)
                0x0000000008019b08                z_timer_expiration_handler
 .text.z_impl_k_timer_start
                0x0000000008019bec       0x60 zephyr/kernel/libkernel.a(timer.c.obj)
                0x0000000008019bec                z_impl_k_timer_start
 .text.k_thread_system_pool_assign
                0x0000000008019c4c        0xc zephyr/kernel/libkernel.a(mempool.c.obj)
                0x0000000008019c4c                k_thread_system_pool_assign
 .text.boot_banner
                0x0000000008019c58        0xc zephyr/kernel/libkernel.a(banner.c.obj)
                0x0000000008019c58                boot_banner
 .text.statics_init
                0x0000000008019c64       0x24 zephyr/kernel/libkernel.a(kheap.c.obj)
 .text._OffsetAbsSyms
                0x0000000008019c88        0x2 zephyr/CMakeFiles/offsets.dir/./arch/arm/core/offsets/offsets.c.obj
                0x0000000008019c88                _OffsetAbsSyms
 .text._Z7reversePci
                0x0000000008019c8a       0x22 app/libapp.a(main.cpp.obj)
                0x0000000008019c8a                reverse(char*, int)
 .text._Z5citoaiPci
                0x0000000008019cac       0x5e app/libapp.a(main.cpp.obj)
                0x0000000008019cac                citoa(int, char*, int)
 .text.cbpprintf_external
                0x0000000008019d0a       0x62 zephyr/libzephyr.a(cbprintf_packaged.c.obj)
                0x0000000008019d0a                cbpprintf_external
 .text.is_ptr   0x0000000008019d6c       0x4a zephyr/libzephyr.a(cbprintf_packaged.c.obj)
                0x0000000008019d6c                is_ptr
 .text.arch_printk_char_out
                0x0000000008019db6        0x4 zephyr/libzephyr.a(printk.c.obj)
                0x0000000008019db6                arch_printk_char_out
 .text.str_out  0x0000000008019dba       0x24 zephyr/libzephyr.a(printk.c.obj)
 .text.printk   0x0000000008019dde       0x1a zephyr/libzephyr.a(printk.c.obj)
                0x0000000008019dde                printk
 .text.snprintk
                0x0000000008019df8       0x1a zephyr/libzephyr.a(printk.c.obj)
                0x0000000008019df8                snprintk
 .text.z_thread_entry
                0x0000000008019e12       0x14 zephyr/libzephyr.a(thread_entry.c.obj)
                0x0000000008019e12                z_thread_entry
 .text.chunk_field
                0x0000000008019e26       0x16 zephyr/libzephyr.a(heap.c.obj)
 .text.chunk_set
                0x0000000008019e3c       0x16 zephyr/libzephyr.a(heap.c.obj)
 .text.chunk_size
                0x0000000008019e52        0xc zephyr/libzephyr.a(heap.c.obj)
 .text.set_chunk_used
                0x0000000008019e5e       0x30 zephyr/libzephyr.a(heap.c.obj)
 .text.set_chunk_size
                0x0000000008019e8e        0x8 zephyr/libzephyr.a(heap.c.obj)
 .text.bucket_idx.isra.0
                0x0000000008019e96       0x1e zephyr/libzephyr.a(heap.c.obj)
 .text.free_list_add
                0x0000000008019eb4       0x84 zephyr/libzephyr.a(heap.c.obj)
 .text.sys_heap_init
                0x0000000008019f38       0xa4 zephyr/libzephyr.a(heap.c.obj)
                0x0000000008019f38                sys_heap_init
 .text.encode_uint
                0x0000000008019fdc       0x8c zephyr/libzephyr.a(cbprintf_complete.c.obj)
 .text.outs     0x000000000801a068       0x2e zephyr/libzephyr.a(cbprintf_complete.c.obj)
 .text.free_space
                0x000000000801a096       0x26 zephyr/libzephyr.a(mpsc_pbuf.c.obj)
 .text.get_usage
                0x000000000801a0bc       0x22 zephyr/libzephyr.a(mpsc_pbuf.c.obj)
 .text.idx_inc  0x000000000801a0de       0x1c zephyr/libzephyr.a(mpsc_pbuf.c.obj)
 .text.rd_idx_inc
                0x000000000801a0fa       0x18 zephyr/libzephyr.a(mpsc_pbuf.c.obj)
 .text.add_skip_item
                0x000000000801a112       0x3a zephyr/libzephyr.a(mpsc_pbuf.c.obj)
 .text.drop_item_locked
                0x000000000801a14c       0xee zephyr/libzephyr.a(mpsc_pbuf.c.obj)
 .text.post_drop_action
                0x000000000801a23a       0x36 zephyr/libzephyr.a(mpsc_pbuf.c.obj)
 .text.max_utilization_update
                0x000000000801a270       0x1a zephyr/libzephyr.a(mpsc_pbuf.c.obj)
 .text.mpsc_pbuf_init
                0x000000000801a28a       0x42 zephyr/libzephyr.a(mpsc_pbuf.c.obj)
                0x000000000801a28a                mpsc_pbuf_init
 .text.mpsc_pbuf_alloc
                0x000000000801a2cc       0xfc zephyr/libzephyr.a(mpsc_pbuf.c.obj)
                0x000000000801a2cc                mpsc_pbuf_alloc
 .text.mpsc_pbuf_commit
                0x000000000801a3c8       0x40 zephyr/libzephyr.a(mpsc_pbuf.c.obj)
                0x000000000801a3c8                mpsc_pbuf_commit
 .text.mpsc_pbuf_claim
                0x000000000801a408       0xa4 zephyr/libzephyr.a(mpsc_pbuf.c.obj)
                0x000000000801a408                mpsc_pbuf_claim
 .text.mpsc_pbuf_free
                0x000000000801a4ac       0x78 zephyr/libzephyr.a(mpsc_pbuf.c.obj)
                0x000000000801a4ac                mpsc_pbuf_free
 .text.mpsc_pbuf_is_pending
                0x000000000801a524       0x1a zephyr/libzephyr.a(mpsc_pbuf.c.obj)
                0x000000000801a524                mpsc_pbuf_is_pending
 .text._ConfigAbsSyms
                0x000000000801a53e        0x2 zephyr/libzephyr.a(configs.c.obj)
                0x000000000801a53e                _ConfigAbsSyms
 .text.st_stm32_common_config
                0x000000000801a540        0x4 zephyr/libzephyr.a(soc_config.c.obj)
 .text.log_msg_generic_get_wlen
                0x000000000801a544       0x20 zephyr/libzephyr.a(log_core.c.obj)
 .text.dummy_timestamp
                0x000000000801a564        0x4 zephyr/libzephyr.a(log_core.c.obj)
 .text.atomic_inc
                0x000000000801a568       0x1a zephyr/libzephyr.a(log_core.c.obj)
 .text.default_lf_get_timestamp
                0x000000000801a582       0x10 zephyr/libzephyr.a(log_core.c.obj)
 .text.z_log_vprintk
                0x000000000801a592       0x1c zephyr/libzephyr.a(log_core.c.obj)
                0x000000000801a592                z_log_vprintk
 .text.z_log_notify_drop
                0x000000000801a5ae        0x6 zephyr/libzephyr.a(log_core.c.obj)
 .text.z_log_get_tag
                0x000000000801a5b4        0x4 zephyr/libzephyr.a(log_core.c.obj)
                0x000000000801a5b4                z_log_get_tag
 .text.z_cbprintf_cpy
                0x000000000801a5b8       0x2c zephyr/libzephyr.a(log_msg.c.obj)
 .text.z_log_msg_finalize
                0x000000000801a5e4       0x32 zephyr/libzephyr.a(log_msg.c.obj)
                0x000000000801a5e4                z_log_msg_finalize
 .text.buffer_write
                0x000000000801a616       0x1a zephyr/libzephyr.a(log_output.c.obj)
 .text.cbvprintf
                0x000000000801a630        0xe zephyr/libzephyr.a(log_output.c.obj)
 .text.log_output_flush
                0x000000000801a63e       0x1a zephyr/libzephyr.a(log_output.c.obj)
                0x000000000801a63e                log_output_flush
 .text.out_func
                0x000000000801a658       0x36 zephyr/libzephyr.a(log_output.c.obj)
 .text.cr_out_func
                0x000000000801a68e       0x1c zephyr/libzephyr.a(log_output.c.obj)
 .text.log_backend_uart_init
                0x000000000801a6aa        0x2 zephyr/libzephyr.a(log_backend_uart.c.obj)
 .text.z_do_kernel_oops
                0x000000000801a6ac        0x8 zephyr/arch/arch/arm/core/aarch32/libarch__arm__core__aarch32.a(fatal.c.obj)
                0x000000000801a6ac                z_do_kernel_oops
 .text.z_irq_spurious
                0x000000000801a6b4        0x8 zephyr/arch/arch/arm/core/aarch32/libarch__arm__core__aarch32.a(irq_manage.c.obj)
                0x000000000801a6b4                z_irq_spurious
 .text.z_arm_nmi
                0x000000000801a6bc        0xe zephyr/arch/arch/arm/core/aarch32/libarch__arm__core__aarch32.a(nmi.c.obj)
                0x000000000801a6bc                z_arm_nmi
 .text.z_log_msg_static_create.constprop.0
                0x000000000801a6ca        0x6 zephyr/arch/arch/arm/core/aarch32/cortex_m/libarch__arm__core__aarch32__cortex_m.a(fault.c.obj)
 .text.strcpy   0x000000000801a6d0       0x14 zephyr/lib/libc/minimal/liblib__libc__minimal.a(string.c.obj)
                0x000000000801a6d0                strcpy
 .text.strlen   0x000000000801a6e4        0xe zephyr/lib/libc/minimal/liblib__libc__minimal.a(string.c.obj)
                0x000000000801a6e4                strlen
 .text.strcmp   0x000000000801a6f2       0x18 zephyr/lib/libc/minimal/liblib__libc__minimal.a(string.c.obj)
                0x000000000801a6f2                strcmp
 .text.memcpy   0x000000000801a70a       0x16 zephyr/lib/libc/minimal/liblib__libc__minimal.a(string.c.obj)
                0x000000000801a70a                memcpy
 .text.memset   0x000000000801a720       0x12 zephyr/lib/libc/minimal/liblib__libc__minimal.a(string.c.obj)
                0x000000000801a720                memset
 .text._stdout_hook_default
                0x000000000801a732        0x6 zephyr/lib/libc/minimal/liblib__libc__minimal.a(stdout_console.c.obj)
 .text.sprintf_out
                0x000000000801a738       0x1a zephyr/lib/libc/minimal/liblib__libc__minimal.a(sprintf.c.obj)
 .text.strnlen  0x000000000801a752       0x12 zephyr/lib/libc/common/liblib__libc__common.a(strnlen.c.obj)
                0x000000000801a752                strnlen
 .text.stm32_exti_init
                0x000000000801a764       0x92 zephyr/drivers/interrupt_controller/libdrivers__interrupt_controller.a(intc_exti_stm32.c.obj)
 .text.stm32_exti_disable
                0x000000000801a7f6       0x1a zephyr/drivers/interrupt_controller/libdrivers__interrupt_controller.a(intc_exti_stm32.c.obj)
                0x000000000801a7f6                stm32_exti_disable
 .text.stm32_exti_trigger
                0x000000000801a810       0x64 zephyr/drivers/interrupt_controller/libdrivers__interrupt_controller.a(intc_exti_stm32.c.obj)
                0x000000000801a810                stm32_exti_trigger
 .text.stm32_clock_control_on
                0x000000000801a874       0x24 zephyr/drivers/clock_control/libdrivers__clock_control.a(clock_stm32_ll_h7.c.obj)
 .text.stm32_clock_control_off
                0x000000000801a898       0x26 zephyr/drivers/clock_control/libdrivers__clock_control.a(clock_stm32_ll_h7.c.obj)
 .text.gpio_pin_configure_dt
                0x000000000801a8be       0x40 zephyr/drivers/display/libdrivers__display.a(display_ili9xxx.c.obj)
 .text.ili9xxx_get_capabilities
                0x000000000801a8fe       0x38 zephyr/drivers/display/libdrivers__display.a(display_ili9xxx.c.obj)
 .text.z_log_msg_static_create.constprop.0
                0x000000000801a936        0x6 zephyr/drivers/display/libdrivers__display.a(display_ili9xxx.c.obj)
 .text.spi_write_dt
                0x000000000801a93c       0x16 zephyr/drivers/display/libdrivers__display.a(display_ili9xxx.c.obj)
 .text.gpio_pin_set_dt.isra.0
                0x000000000801a952       0x28 zephyr/drivers/display/libdrivers__display.a(display_ili9xxx.c.obj)
 .text.ili9xxx_transmit
                0x000000000801a97a       0x58 zephyr/drivers/display/libdrivers__display.a(display_ili9xxx.c.obj)
                0x000000000801a97a                ili9xxx_transmit
 .text.ili9xxx_set_orientation
                0x000000000801a9d2       0x66 zephyr/drivers/display/libdrivers__display.a(display_ili9xxx.c.obj)
 .text.ili9xxx_set_pixel_format
                0x000000000801aa38       0x40 zephyr/drivers/display/libdrivers__display.a(display_ili9xxx.c.obj)
 .text.ili9xxx_write
                0x000000000801aa78       0xde zephyr/drivers/display/libdrivers__display.a(display_ili9xxx.c.obj)
 .text.ili9xxx_display_blanking_off
                0x000000000801ab56        0xa zephyr/drivers/display/libdrivers__display.a(display_ili9xxx.c.obj)
 .text.ili9xxx_display_blanking_on
                0x000000000801ab60        0xa zephyr/drivers/display/libdrivers__display.a(display_ili9xxx.c.obj)
 .text.ili9340_regs_init
                0x000000000801ab6a       0xa2 zephyr/drivers/display/libdrivers__display.a(display_ili9340.c.obj)
                0x000000000801ab6a                ili9340_regs_init
 .text.gpio_stm32_port_get_raw
                0x000000000801ac0c        0xc zephyr/drivers/gpio/libdrivers__gpio.a(gpio_stm32.c.obj)
 .text.gpio_stm32_port_set_masked_raw
                0x000000000801ac18       0x12 zephyr/drivers/gpio/libdrivers__gpio.a(gpio_stm32.c.obj)
 .text.gpio_stm32_port_set_bits_raw
                0x000000000801ac2a        0xa zephyr/drivers/gpio/libdrivers__gpio.a(gpio_stm32.c.obj)
 .text.gpio_stm32_port_clear_bits_raw
                0x000000000801ac34        0xc zephyr/drivers/gpio/libdrivers__gpio.a(gpio_stm32.c.obj)
 .text.gpio_stm32_port_toggle_bits
                0x000000000801ac40        0xe zephyr/drivers/gpio/libdrivers__gpio.a(gpio_stm32.c.obj)
 .text.gpio_stm32_manage_callback
                0x000000000801ac4e       0x52 zephyr/drivers/gpio/libdrivers__gpio.a(gpio_stm32.c.obj)
 .text.gpio_stm32_configure_raw.isra.0
                0x000000000801aca0       0xa0 zephyr/drivers/gpio/libdrivers__gpio.a(gpio_stm32.c.obj)
 .text.gpio_stm32_config
                0x000000000801ad40       0x78 zephyr/drivers/gpio/libdrivers__gpio.a(gpio_stm32.c.obj)
 .text.gpio_stm32_isr
                0x000000000801adb8       0x2e zephyr/drivers/gpio/libdrivers__gpio.a(gpio_stm32.c.obj)
 .text.gpio_stm32_configure
                0x000000000801ade6       0x30 zephyr/drivers/gpio/libdrivers__gpio.a(gpio_stm32.c.obj)
                0x000000000801ade6                gpio_stm32_configure
 .text.pinctrl_lookup_state
                0x000000000801ae16       0x26 zephyr/drivers/pinctrl/libdrivers__pinctrl.a(common.c.obj)
                0x000000000801ae16                pinctrl_lookup_state
 .text.reset_stm32_status
                0x000000000801ae3c       0x22 zephyr/drivers/reset/libdrivers__reset.a(reset_stm32.c.obj)
 .text.reset_stm32_line_assert
                0x000000000801ae5e       0x1c zephyr/drivers/reset/libdrivers__reset.a(reset_stm32.c.obj)
 .text.reset_stm32_line_deassert
                0x000000000801ae7a       0x1e zephyr/drivers/reset/libdrivers__reset.a(reset_stm32.c.obj)
 .text.reset_stm32_line_toggle
                0x000000000801ae98       0x16 zephyr/drivers/reset/libdrivers__reset.a(reset_stm32.c.obj)
 .text.uart_stm32_err_check
                0x000000000801aeae       0x62 zephyr/drivers/serial/libdrivers__serial.a(uart_stm32.c.obj)
 .text.uart_stm32_poll_out
                0x000000000801af10       0x3a zephyr/drivers/serial/libdrivers__serial.a(uart_stm32.c.obj)
 .text.uart_stm32_poll_in
                0x000000000801af4a       0x24 zephyr/drivers/serial/libdrivers__serial.a(uart_stm32.c.obj)
 .text.uart_stm32_config_get
                0x000000000801af6e       0xb2 zephyr/drivers/serial/libdrivers__serial.a(uart_stm32.c.obj)
 .text.uart_stm32_set_baudrate
                0x000000000801b020       0x42 zephyr/drivers/serial/libdrivers__serial.a(uart_stm32.c.obj)
 .text.spi_context_get_next_buf
                0x000000000801b062       0x2c zephyr/drivers/spi/libdrivers__spi.a(spi_ll_stm32.c.obj)
 .text.spi_context_buffers_setup
                0x000000000801b08e       0x5e zephyr/drivers/spi/libdrivers__spi.a(spi_ll_stm32.c.obj)
 .text.gpio_pin_set_dt.isra.0
                0x000000000801b0ec       0x28 zephyr/drivers/spi/libdrivers__spi.a(spi_ll_stm32.c.obj)
 .text.spi_context_unlock_unconditionally
                0x000000000801b114       0x30 zephyr/drivers/spi/libdrivers__spi.a(spi_ll_stm32.c.obj)
 .text.spi_stm32_release
                0x000000000801b144        0xc zephyr/drivers/spi/libdrivers__spi.a(spi_ll_stm32.c.obj)
 .text.lv_disp_get_scr_act
                0x000000000801b150        0xe modules/lvgl/lib..__modules__lib__gui__lvgl__zephyr.a(lv_disp.c.obj)
                0x000000000801b150                lv_disp_get_scr_act
 .text.lv_disp_get_scr_prev
                0x000000000801b15e        0xe modules/lvgl/lib..__modules__lib__gui__lvgl__zephyr.a(lv_disp.c.obj)
                0x000000000801b15e                lv_disp_get_scr_prev
 .text.lv_disp_get_layer_top
                0x000000000801b16c        0xe modules/lvgl/lib..__modules__lib__gui__lvgl__zephyr.a(lv_disp.c.obj)
                0x000000000801b16c                lv_disp_get_layer_top
 .text.lv_disp_get_layer_sys
                0x000000000801b17a        0xe modules/lvgl/lib..__modules__lib__gui__lvgl__zephyr.a(lv_disp.c.obj)
                0x000000000801b17a                lv_disp_get_layer_sys
 .text.lv_disp_get_theme
                0x000000000801b188        0xc modules/lvgl/lib..__modules__lib__gui__lvgl__zephyr.a(lv_disp.c.obj)
                0x000000000801b188                lv_disp_get_theme
 .text.lv_disp_is_invalidation_enabled
                0x000000000801b194       0x18 modules/lvgl/lib..__modules__lib__gui__lvgl__zephyr.a(lv_disp.c.obj)
                0x000000000801b194                lv_disp_is_invalidation_enabled
 .text.lv_obj_get_event_dsc.isra.0
                0x000000000801b1ac       0x1a modules/lvgl/lib..__modules__lib__gui__lvgl__zephyr.a(lv_event.c.obj)
 .text.lv_obj_event_base
                0x000000000801b1c6       0x2c modules/lvgl/lib..__modules__lib__gui__lvgl__zephyr.a(lv_event.c.obj)
                0x000000000801b1c6                lv_obj_event_base
 .text.lv_event_get_target
                0x000000000801b1f2        0x4 modules/lvgl/lib..__modules__lib__gui__lvgl__zephyr.a(lv_event.c.obj)
                0x000000000801b1f2                lv_event_get_target
 .text.lv_event_get_current_target
                0x000000000801b1f6        0x4 modules/lvgl/lib..__modules__lib__gui__lvgl__zephyr.a(lv_event.c.obj)
                0x000000000801b1f6                lv_event_get_current_target
 .text.lv_event_get_code
                0x000000000801b1fa        0x8 modules/lvgl/lib..__modules__lib__gui__lvgl__zephyr.a(lv_event.c.obj)
                0x000000000801b1fa                lv_event_get_code
 .text.lv_event_get_param
                0x000000000801b202        0x4 modules/lvgl/lib..__modules__lib__gui__lvgl__zephyr.a(lv_event.c.obj)
                0x000000000801b202                lv_event_get_param
 .text.lv_event_get_user_data
                0x000000000801b206        0x4 modules/lvgl/lib..__modules__lib__gui__lvgl__zephyr.a(lv_event.c.obj)
                0x000000000801b206                lv_event_get_user_data
 .text.lv_obj_add_event_cb
                0x000000000801b20a       0x8c modules/lvgl/lib..__modules__lib__gui__lvgl__zephyr.a(lv_event.c.obj)
                0x000000000801b20a                lv_obj_add_event_cb
 .text.lv_event_get_indev
                0x000000000801b296        0xe modules/lvgl/lib..__modules__lib__gui__lvgl__zephyr.a(lv_event.c.obj)
                0x000000000801b296                lv_event_get_indev
 .text.lv_event_get_draw_ctx
                0x000000000801b2a4        0xe modules/lvgl/lib..__modules__lib__gui__lvgl__zephyr.a(lv_event.c.obj)
                0x000000000801b2a4                lv_event_get_draw_ctx
 .text.lv_event_set_ext_draw_size
                0x000000000801b2b2       0x18 modules/lvgl/lib..__modules__lib__gui__lvgl__zephyr.a(lv_event.c.obj)
                0x000000000801b2b2                lv_event_set_ext_draw_size
 .text.get_indev
                0x000000000801b2ca       0x4c modules/lvgl/lib..__modules__lib__gui__lvgl__zephyr.a(lv_group.c.obj)
 .text.focus_next_core
                0x000000000801b316       0xe4 modules/lvgl/lib..__modules__lib__gui__lvgl__zephyr.a(lv_group.c.obj)
 .text.lv_group_refocus
                0x000000000801b3fa       0x28 modules/lvgl/lib..__modules__lib__gui__lvgl__zephyr.a(lv_group.c.obj)
 .text.lv_group_remove_obj
                0x000000000801b422       0x90 modules/lvgl/lib..__modules__lib__gui__lvgl__zephyr.a(lv_group.c.obj)
                0x000000000801b422                lv_group_remove_obj
 .text.lv_group_add_obj
                0x000000000801b4b2       0x72 modules/lvgl/lib..__modules__lib__gui__lvgl__zephyr.a(lv_group.c.obj)
                0x000000000801b4b2                lv_group_add_obj
 .text.lv_group_get_focused
                0x000000000801b524        0xa modules/lvgl/lib..__modules__lib__gui__lvgl__zephyr.a(lv_group.c.obj)