Archive member included to satisfy reference by file (symbol)

app/libapp.a(main.cpp.obj)    (--whole-archive)
zephyr/libzephyr.a(cbprintf_packaged.c.obj)
                              (--whole-archive)
zephyr/libzephyr.a(dec.c.obj)
                              (--whole-archive)
zephyr/libzephyr.a(fdtable.c.obj)
                              (--whole-archive)
zephyr/libzephyr.a(hex.c.obj)
                              (--whole-archive)
zephyr/libzephyr.a(printk.c.obj)
                              (--whole-archive)
zephyr/libzephyr.a(rb.c.obj)  (--whole-archive)
zephyr/libzephyr.a(sem.c.obj)
                              (--whole-archive)
zephyr/libzephyr.a(thread_entry.c.obj)
                              (--whole-archive)
zephyr/libzephyr.a(timeutil.c.obj)
                              (--whole-archive)
zephyr/libzephyr.a(heap.c.obj)
                              (--whole-archive)
zephyr/libzephyr.a(heap-validate.c.obj)
                              (--whole-archive)
zephyr/libzephyr.a(bitarray.c.obj)
                              (--whole-archive)
zephyr/libzephyr.a(multi_heap.c.obj)
                              (--whole-archive)
zephyr/libzephyr.a(crc32c_sw.c.obj)
                              (--whole-archive)
zephyr/libzephyr.a(crc32_sw.c.obj)
                              (--whole-archive)
zephyr/libzephyr.a(crc16_sw.c.obj)
                              (--whole-archive)
zephyr/libzephyr.a(crc8_sw.c.obj)
                              (--whole-archive)
zephyr/libzephyr.a(crc7_sw.c.obj)
                              (--whole-archive)
zephyr/libzephyr.a(cbprintf_complete.c.obj)
                              (--whole-archive)
zephyr/libzephyr.a(cbprintf.c.obj)
                              (--whole-archive)
zephyr/libzephyr.a(assert.c.obj)
                              (--whole-archive)
zephyr/libzephyr.a(mpsc_pbuf.c.obj)
                              (--whole-archive)
zephyr/libzephyr.a(configs.c.obj)
                              (--whole-archive)
zephyr/libzephyr.a(soc_m7.c.obj)
                              (--whole-archive)
zephyr/libzephyr.a(mpu_regions.c.obj)
                              (--whole-archive)
zephyr/libzephyr.a(stm32cube_hal.c.obj)
                              (--whole-archive)
zephyr/libzephyr.a(soc_config.c.obj)
                              (--whole-archive)
zephyr/libzephyr.a(log_core.c.obj)
                              (--whole-archive)
zephyr/libzephyr.a(log_mgmt.c.obj)
                              (--whole-archive)
zephyr/libzephyr.a(log_cache.c.obj)
                              (--whole-archive)
zephyr/libzephyr.a(log_msg.c.obj)
                              (--whole-archive)
zephyr/libzephyr.a(log_output.c.obj)
                              (--whole-archive)
zephyr/libzephyr.a(log_backend_uart.c.obj)
                              (--whole-archive)
zephyr/libzephyr.a(tracing_none.c.obj)
                              (--whole-archive)
zephyr/arch/common/libarch__common.a(sw_isr_common.c.obj)
                              (--whole-archive)
zephyr/arch/arch/arm/core/aarch32/libarch__arm__core__aarch32.a(cpu_idle.S.obj)
                              (--whole-archive)
zephyr/arch/arch/arm/core/aarch32/libarch__arm__core__aarch32.a(fatal.c.obj)
                              (--whole-archive)
zephyr/arch/arch/arm/core/aarch32/libarch__arm__core__aarch32.a(irq_manage.c.obj)
                              (--whole-archive)
zephyr/arch/arch/arm/core/aarch32/libarch__arm__core__aarch32.a(nmi.c.obj)
                              (--whole-archive)
zephyr/arch/arch/arm/core/aarch32/libarch__arm__core__aarch32.a(nmi_on_reset.S.obj)
                              (--whole-archive)
zephyr/arch/arch/arm/core/aarch32/libarch__arm__core__aarch32.a(prep_c.c.obj)
                              (--whole-archive)
zephyr/arch/arch/arm/core/aarch32/libarch__arm__core__aarch32.a(swap.c.obj)
                              (--whole-archive)
zephyr/arch/arch/arm/core/aarch32/libarch__arm__core__aarch32.a(swap_helper.S.obj)
                              (--whole-archive)
zephyr/arch/arch/arm/core/aarch32/libarch__arm__core__aarch32.a(thread.c.obj)
                              (--whole-archive)
zephyr/arch/arch/arm/core/aarch32/libarch__arm__core__aarch32.a(isr_wrapper.S.obj)
                              (--whole-archive)
zephyr/arch/arch/arm/core/aarch32/cortex_m/libarch__arm__core__aarch32__cortex_m.a(exc_exit.S.obj)
                              (--whole-archive)
zephyr/arch/arch/arm/core/aarch32/cortex_m/libarch__arm__core__aarch32__cortex_m.a(fault.c.obj)
                              (--whole-archive)
zephyr/arch/arch/arm/core/aarch32/cortex_m/libarch__arm__core__aarch32__cortex_m.a(fault_s.S.obj)
                              (--whole-archive)
zephyr/arch/arch/arm/core/aarch32/cortex_m/libarch__arm__core__aarch32__cortex_m.a(fpu.c.obj)
                              (--whole-archive)
zephyr/arch/arch/arm/core/aarch32/cortex_m/libarch__arm__core__aarch32__cortex_m.a(irq_init.c.obj)
[...]
Memory Configuration

Name             Origin             Length             Attributes
FLASH            0x0000000008000000 0x0000000000100000 xr
RAM              0x0000000024000000 0x0000000000050000 xw
BACKUP_SRAM      0x0000000038800000 0x0000000000001000
QSPI             0x0000000090000000 0x0000000010000000
SRAM1            0x0000000030000000 0x0000000000004000
SRAM2            0x0000000030004000 0x0000000000004000
SRAM4            0x0000000038000000 0x0000000000004000
DTCM             0x0000000020000000 0x0000000000020000
ITCM             0x0000000000000000 0x0000000000010000
IDT_LIST         0x00000000fffff7ff 0x0000000000000800 xw
*default*        0x0000000000000000 0xffffffffffffffff

Linker script and memory map

LOAD zephyr/CMakeFiles/zephyr_pre0.dir/misc/empty_file.c.obj
LOAD zephyr/CMakeFiles/offsets.dir/./arch/arm/core/offsets/offsets.c.obj
LOAD app/libapp.a
LOAD zephyr/libzephyr.a
LOAD zephyr/arch/common/libarch__common.a
LOAD zephyr/arch/arch/arm/core/aarch32/libarch__arm__core__aarch32.a
LOAD zephyr/arch/arch/arm/core/aarch32/cortex_m/libarch__arm__core__aarch32__cortex_m.a
LOAD zephyr/arch/arch/arm/core/aarch32/mpu/libarch__arm__core__aarch32__mpu.a
LOAD zephyr/lib/libc/minimal/liblib__libc__minimal.a
LOAD zephyr/lib/libc/common/liblib__libc__common.a
LOAD zephyr/drivers/interrupt_controller/libdrivers__interrupt_controller.a
LOAD zephyr/drivers/clock_control/libdrivers__clock_control.a
LOAD zephyr/drivers/console/libdrivers__console.a
LOAD zephyr/drivers/display/libdrivers__display.a
LOAD zephyr/drivers/gpio/libdrivers__gpio.a
LOAD zephyr/drivers/pinctrl/libdrivers__pinctrl.a
LOAD zephyr/drivers/reset/libdrivers__reset.a
LOAD zephyr/drivers/serial/libdrivers__serial.a
LOAD zephyr/drivers/spi/libdrivers__spi.a
LOAD zephyr/drivers/timer/libdrivers__timer.a
LOAD modules/stm32/stm32cube/lib..__modules__hal__stm32__stm32cube.a
LOAD modules/lvgl/lib..__modules__lib__gui__lvgl__zephyr.a
LOAD zephyr/kernel/libkernel.a
LOAD c:/users/gazto/zephyr-sdk-0.16.1/arm-zephyr-eabi/bin/../lib/gcc/arm-zephyr-eabi/12.2.0/thumb/v7e-m/nofp\libgcc.a
LOAD zephyr/arch/common/libisr_tables.a
                0x0000000000000020                _region_min_align = 0x20

.rel.plt        0x0000000008000000        0x0
 *(SORT_BY_ALIGNMENT(.rel.plt))
                [!provide]                        PROVIDE (__rel_iplt_start = .)
 *(SORT_BY_ALIGNMENT(.rel.iplt))
 .rel.iplt      0x0000000008000000        0x0 app/libapp.a(main.cpp.obj)
                [!provide]                        PROVIDE (__rel_iplt_end = .)

.rela.plt       0x0000000000000000        0x0
 *(SORT_BY_ALIGNMENT(.rela.plt))
                [!provide]                        PROVIDE (__rela_iplt_start = .)
 *(SORT_BY_ALIGNMENT(.rela.iplt))
                [!provide]                        PROVIDE (__rela_iplt_end = .)

.rel.dyn
 *(SORT_BY_ALIGNMENT(.rel.*))

.rela.dyn
 *(SORT_BY_ALIGNMENT(.rela.*))

/DISCARD/
 *(SORT_BY_ALIGNMENT(.plt))

/DISCARD/
 *(SORT_BY_ALIGNMENT(.iplt))
                0x0000000008000000                __rom_region_start = 0x8000000

rom_start       0x0000000008000000      0x2cc
                0x0000000008000000                __rom_start_address = .
                0x0000000008000000                . = (. + (0x0 - (. - __rom_start_address)))
                0x0000000008000000                . = ALIGN (0x4)
                0x0000000008000000                . = ALIGN (0x80)
                0x0000000008000000                . = ALIGN (0x400)
                0x0000000008000000                _vector_start = .
 *(SORT_BY_ALIGNMENT(.exc_vector_table))
 *(SORT_BY_ALIGNMENT(.exc_vector_table.*))
 .exc_vector_table._vector_table_section
                0x0000000008000000       0x40 zephyr/arch/arch/arm/core/aarch32/cortex_m/libarch__arm__core__aarch32__cortex_m.a(vector_table.S.obj)
                0x0000000008000000                _vector_table
 *(SORT_BY_ALIGNMENT(.vectors))
                0x00000000080002cc                _vector_end = .
                0x0000000008000040                . = ALIGN (0x4)
 *(SORT_BY_ALIGNMENT(.gnu.linkonce.irq_vector_table*))
 .gnu.linkonce.irq_vector_table
                0x0000000008000040      0x28c zephyr/arch/common/libisr_tables.a(isr_tables.c.obj)
                0x0000000008000040                _irq_vector_table
                0x00000000080002cc                _vector_end = .

text            0x00000000080002cc    0x2800c
                0x00000000080002cc                __text_region_start = .
 *(SORT_BY_ALIGNMENT(.text))
 .text          0x00000000080002cc       0x30 c:/users/gazto/zephyr-sdk-0.16.1/arm-zephyr-eabi/bin/../lib/gcc/arm-zephyr-eabi/12.2.0/thumb/v7e-m/nofp\libgcc.a(_aeabi_uldivmod.o)
                0x00000000080002cc                __aeabi_uldivmod
 .text          0x00000000080002fc        0x4 c:/users/gazto/zephyr-sdk-0.16.1/arm-zephyr-eabi/bin/../lib/gcc/arm-zephyr-eabi/12.2.0/thumb/v7e-m/nofp\libgcc.a(_dvmd_tls.o)
                0x00000000080002fc                __aeabi_idiv0
                0x00000000080002fc                __aeabi_ldiv0
 .text          0x0000000008000300      0x2a0 c:/users/gazto/zephyr-sdk-0.16.1/arm-zephyr-eabi/bin/../lib/gcc/arm-zephyr-eabi/12.2.0/thumb/v7e-m/nofp\libgcc.a(_udivmoddi4.o)
                0x0000000008000300                __udivmoddi4
 *(SORT_BY_ALIGNMENT(.text.*))
 .text.main     0x00000000080005a0      0x164 app/libapp.a(main.cpp.obj)
                0x00000000080005a0                main
 .text.cbvprintf_package
                0x0000000008000704      0x3a4 zephyr/libzephyr.a(cbprintf_packaged.c.obj)
                0x0000000008000704                cbvprintf_package
 .text.cbprintf_package_convert
                0x0000000008000aa8      0x3c0 zephyr/libzephyr.a(cbprintf_packaged.c.obj)
                0x0000000008000aa8                cbprintf_package_convert
 .text.__printk_hook_install
                0x0000000008000e68        0xc zephyr/libzephyr.a(printk.c.obj)
                0x0000000008000e68                __printk_hook_install
 .text.vsnprintk
                0x0000000008000e74       0x2c zephyr/libzephyr.a(printk.c.obj)
                0x0000000008000e74                vsnprintk
 .text.z_cbvprintf_impl
                0x0000000008000ea0      0x764 zephyr/libzephyr.a(cbprintf_complete.c.obj)
                0x0000000008000ea0                z_cbvprintf_impl
 .text.stm32h7_init
                0x0000000008001604       0xe4 zephyr/libzephyr.a(soc_m7.c.obj)
 .text.activate_foreach_backend
                0x00000000080016e8       0x64 zephyr/libzephyr.a(log_core.c.obj)
 .text.enable_logger
                0x000000000800174c       0x5c zephyr/libzephyr.a(log_core.c.obj)
 .text.log_process_thread_timer_expiry_fn
                0x00000000080017a8        0xc zephyr/libzephyr.a(log_core.c.obj)
 .text.z_log_init
                0x00000000080017b4       0x8c zephyr/libzephyr.a(log_core.c.obj)
 .text.log_format_func_t_get
                0x0000000008001840        0xc zephyr/libzephyr.a(log_core.c.obj)
                0x0000000008001840                log_format_func_t_get
 .text.log_set_timestamp_func
                0x000000000800184c       0x20 zephyr/libzephyr.a(log_core.c.obj)
                0x000000000800184c                log_set_timestamp_func
 .text.z_log_notify_backend_enabled
                0x000000000800186c       0x1c zephyr/libzephyr.a(log_core.c.obj)
                0x000000000800186c                z_log_notify_backend_enabled
 .text.z_log_dropped
                0x0000000008001888       0x30 zephyr/libzephyr.a(log_core.c.obj)
                0x0000000008001888                z_log_dropped
 .text.z_log_dropped_read_and_clear
                0x00000000080018b8       0x20 zephyr/libzephyr.a(log_core.c.obj)
                0x00000000080018b8                z_log_dropped_read_and_clear
 .text.dropped_notify
                0x00000000080018d8       0x30 zephyr/libzephyr.a(log_core.c.obj)
                0x00000000080018d8                dropped_notify
 .text.z_log_msg_init
                0x0000000008001908       0x20 zephyr/libzephyr.a(log_core.c.obj)
                0x0000000008001908                z_log_msg_init
 .text.log_core_init
                0x0000000008001928       0x34 zephyr/libzephyr.a(log_core.c.obj)
                0x0000000008001928                log_core_init
 .text.z_log_msg_alloc
                0x000000000800195c       0x10 zephyr/libzephyr.a(log_core.c.obj)
                0x000000000800195c                z_log_msg_alloc
 .text.z_log_msg_local_claim
                0x000000000800196c        0xc zephyr/libzephyr.a(log_core.c.obj)
                0x000000000800196c                z_log_msg_local_claim
 .text.z_log_msg_free
                0x0000000008001978       0x10 zephyr/libzephyr.a(log_core.c.obj)
                0x0000000008001978                z_log_msg_free
 .text.z_log_msg_pending
                0x0000000008001988        0xc zephyr/libzephyr.a(log_core.c.obj)
                0x0000000008001988                z_log_msg_pending
 .text.z_impl_log_process
                0x0000000008001994       0xb0 zephyr/libzephyr.a(log_core.c.obj)
                0x0000000008001994                z_impl_log_process
 .text.z_impl_log_panic
                0x0000000008001a44       0x44 zephyr/libzephyr.a(log_core.c.obj)
                0x0000000008001a44                z_impl_log_panic
 .text.log_process_thread_func
                0x0000000008001a88       0x9c zephyr/libzephyr.a(log_core.c.obj)
 .text.z_log_msg_post_finalize
                0x0000000008001b24       0x78 zephyr/libzephyr.a(log_core.c.obj)
 .text.z_log_msg_commit
                0x0000000008001b9c       0x24 zephyr/libzephyr.a(log_core.c.obj)
                0x0000000008001b9c                z_log_msg_commit
 .text.log_source_name_get
                0x0000000008001bc0       0x1c zephyr/libzephyr.a(log_mgmt.c.obj)
                0x0000000008001bc0                log_source_name_get
 .text.log_backend_enable
                0x0000000008001bdc       0x28 zephyr/libzephyr.a(log_mgmt.c.obj)
                0x0000000008001bdc                log_backend_enable
 .text.z_impl_z_log_msg_static_create
                0x0000000008001c04      0x108 zephyr/libzephyr.a(log_msg.c.obj)
                0x0000000008001c04                z_impl_z_log_msg_static_create
 .text.z_impl_z_log_msg_runtime_vcreate
                0x0000000008001d0c       0x8c zephyr/libzephyr.a(log_msg.c.obj)
                0x0000000008001d0c                z_impl_z_log_msg_runtime_vcreate
 .text.print_formatted
                0x0000000008001d98       0x24 zephyr/libzephyr.a(log_output.c.obj)
 .text.newline_print
                0x0000000008001dbc       0x1c zephyr/libzephyr.a(log_output.c.obj)
 .text.log_output_process
                0x0000000008001dd8      0x2a4 zephyr/libzephyr.a(log_output.c.obj)
                0x0000000008001dd8                log_output_process
 .text.log_output_msg_process
                0x000000000800207c       0x70 zephyr/libzephyr.a(log_output.c.obj)
                0x000000000800207c                log_output_msg_process
 .text.log_output_dropped_process
                0x00000000080020ec       0x58 zephyr/libzephyr.a(log_output.c.obj)
                0x00000000080020ec                log_output_dropped_process
 .text.log_output_timestamp_freq_set
                0x0000000008002144       0x2c zephyr/libzephyr.a(log_output.c.obj)
                0x0000000008002144                log_output_timestamp_freq_set
 .text.format_set
                0x0000000008002170        0xc zephyr/libzephyr.a(log_backend_uart.c.obj)
 .text.panic    0x000000000800217c       0x14 zephyr/libzephyr.a(log_backend_uart.c.obj)
 .text.dropped  0x0000000008002190        0xc zephyr/libzephyr.a(log_backend_uart.c.obj)
 .text.process  0x000000000800219c       0x24 zephyr/libzephyr.a(log_backend_uart.c.obj)
 .text.char_out
                0x00000000080021c0       0x24 zephyr/libzephyr.a(log_backend_uart.c.obj)
 .text.z_arm_cpu_idle_init
                0x00000000080021e4        0xc zephyr/arch/arch/arm/core/aarch32/libarch__arm__core__aarch32.a(cpu_idle.S.obj)
                0x00000000080021e4                z_arm_cpu_idle_init
 .text.arch_cpu_idle
                0x00000000080021f0       0x1c zephyr/arch/arch/arm/core/aarch32/libarch__arm__core__aarch32.a(cpu_idle.S.obj)
                0x00000000080021f0                arch_cpu_idle
 .text.z_arm_fatal_error
                0x000000000800220c       0xcc zephyr/arch/arch/arm/core/aarch32/libarch__arm__core__aarch32.a(fatal.c.obj)
                0x000000000800220c                z_arm_fatal_error
 .text.arch_irq_enable
                0x00000000080022d8       0x1c zephyr/arch/arch/arm/core/aarch32/libarch__arm__core__aarch32.a(irq_manage.c.obj)
                0x00000000080022d8                arch_irq_enable
 .text.z_arm_irq_priority_set
                0x00000000080022f4       0x2c zephyr/arch/arch/arm/core/aarch32/libarch__arm__core__aarch32.a(irq_manage.c.obj)
                0x00000000080022f4                z_arm_irq_priority_set
 .text.z_SysNmiOnReset
                0x0000000008002320        0x8 zephyr/arch/arch/arm/core/aarch32/libarch__arm__core__aarch32.a(nmi_on_reset.S.obj)
                0x0000000008002320                z_SysNmiOnReset
 .text.z_arm_prep_c
                0x0000000008002328       0x48 zephyr/arch/arch/arm/core/aarch32/libarch__arm__core__aarch32.a(prep_c.c.obj)
                0x0000000008002328                z_arm_prep_c
 .text.arch_swap
                0x0000000008002370       0x34 zephyr/arch/arch/arm/core/aarch32/libarch__arm__core__aarch32.a(swap.c.obj)
                0x0000000008002370                arch_swap
 .text.z_arm_pendsv
                0x00000000080023a4       0x54 zephyr/arch/arch/arm/core/aarch32/libarch__arm__core__aarch32.a(swap_helper.S.obj)
                0x00000000080023a4                z_arm_pendsv
 .text.z_arm_svc
                0x00000000080023f8       0x20 zephyr/arch/arch/arm/core/aarch32/libarch__arm__core__aarch32.a(swap_helper.S.obj)
                0x00000000080023f8                z_arm_svc
 .text.arch_new_thread
                0x0000000008002418       0x2c zephyr/arch/arch/arm/core/aarch32/libarch__arm__core__aarch32.a(thread.c.obj)
                0x0000000008002418                arch_new_thread
 .text.z_check_thread_stack_fail
                0x0000000008002444       0x2c zephyr/arch/arch/arm/core/aarch32/libarch__arm__core__aarch32.a(thread.c.obj)
                0x0000000008002444                z_check_thread_stack_fail
 .text.arch_switch_to_main_thread
                0x0000000008002470       0x2c zephyr/arch/arch/arm/core/aarch32/libarch__arm__core__aarch32.a(thread.c.obj)
                0x0000000008002470                arch_switch_to_main_thread
 .text._isr_wrapper
                0x000000000800249c       0x28 zephyr/arch/arch/arm/core/aarch32/libarch__arm__core__aarch32.a(isr_wrapper.S.obj)
                0x000000000800249c                _isr_wrapper
 .text._HandlerModeExit
                0x00000000080024c4       0x1c zephyr/arch/arch/arm/core/aarch32/cortex_m/libarch__arm__core__aarch32__cortex_m.a(exc_exit.S.obj)
                0x00000000080024c4                z_arm_int_exit
                0x00000000080024c4                z_arm_exc_exit
 .text.bus_fault.constprop.0
                0x00000000080024e0      0x154 zephyr/arch/arch/arm/core/aarch32/cortex_m/libarch__arm__core__aarch32__cortex_m.a(fault.c.obj)
 .text.usage_fault.constprop.0
                0x0000000008002634      0x104 zephyr/arch/arch/arm/core/aarch32/cortex_m/libarch__arm__core__aarch32__cortex_m.a(fault.c.obj)
 .text.mem_manage_fault
                0x0000000008002738      0x178 zephyr/arch/arch/arm/core/aarch32/cortex_m/libarch__arm__core__aarch32__cortex_m.a(fault.c.obj)
 .text.z_arm_fault
                0x00000000080028b0      0x218 zephyr/arch/arch/arm/core/aarch32/cortex_m/libarch__arm__core__aarch32__cortex_m.a(fault.c.obj)
                0x00000000080028b0                z_arm_fault
 .text.z_arm_fault_init
                0x0000000008002ac8       0x10 zephyr/arch/arch/arm/core/aarch32/cortex_m/libarch__arm__core__aarch32__cortex_m.a(fault.c.obj)
                0x0000000008002ac8                z_arm_fault_init
 .text.__fault  0x0000000008002ad8       0x14 zephyr/arch/arch/arm/core/aarch32/cortex_m/libarch__arm__core__aarch32__cortex_m.a(fault_s.S.obj)
                0x0000000008002ad8                z_arm_usage_fault
                0x0000000008002ad8                z_arm_mpu_fault
                0x0000000008002ad8                z_arm_exc_spurious
                0x0000000008002ad8                z_arm_debug_monitor
                0x0000000008002ad8                z_arm_hard_fault
                0x0000000008002ad8                z_arm_bus_fault
 .text.z_arm_interrupt_init
                0x0000000008002aec       0x18 zephyr/arch/arch/arm/core/aarch32/cortex_m/libarch__arm__core__aarch32__cortex_m.a(irq_init.c.obj)
                0x0000000008002aec                z_arm_interrupt_init
 .text._reset_section
                0x0000000008002b04       0x2c zephyr/arch/arch/arm/core/aarch32/cortex_m/libarch__arm__core__aarch32__cortex_m.a(reset.S.obj)
                0x0000000008002b04                __start
                0x0000000008002b04                z_arm_reset
 .text.z_impl_k_thread_abort
                0x0000000008002b30       0x2c zephyr/arch/arch/arm/core/aarch32/cortex_m/libarch__arm__core__aarch32__cortex_m.a(thread_abort.c.obj)
                0x0000000008002b30                z_impl_k_thread_abort
 .text.z_arm_configure_static_mpu_regions
                0x0000000008002b5c       0x18 zephyr/arch/arch/arm/core/aarch32/mpu/libarch__arm__core__aarch32__mpu.a(arm_core_mpu.c.obj)
                0x0000000008002b5c                z_arm_configure_static_mpu_regions
 .text.z_arm_configure_dynamic_mpu_regions
                0x0000000008002b74       0x20 zephyr/arch/arch/arm/core/aarch32/mpu/libarch__arm__core__aarch32__mpu.a(arm_core_mpu.c.obj)
                0x0000000008002b74                z_arm_configure_dynamic_mpu_regions
 .text.mpu_configure_regions
                0x0000000008002b94       0xcc zephyr/arch/arch/arm/core/aarch32/mpu/libarch__arm__core__aarch32__mpu.a(arm_mpu.c.obj)
 .text.arm_core_mpu_enable
                0x0000000008002c60       0x18 zephyr/arch/arch/arm/core/aarch32/mpu/libarch__arm__core__aarch32__mpu.a(arm_mpu.c.obj)
                0x0000000008002c60                arm_core_mpu_enable
 .text.arm_core_mpu_disable
                0x0000000008002c78       0x14 zephyr/arch/arch/arm/core/aarch32/mpu/libarch__arm__core__aarch32__mpu.a(arm_mpu.c.obj)
                0x0000000008002c78                arm_core_mpu_disable
 .text.arm_core_mpu_configure_static_mpu_regions
                0x0000000008002c8c       0x14 zephyr/arch/arch/arm/core/aarch32/mpu/libarch__arm__core__aarch32__mpu.a(arm_mpu.c.obj)
                0x0000000008002c8c                arm_core_mpu_configure_static_mpu_regions
 .text.arm_core_mpu_configure_dynamic_mpu_regions
                0x0000000008002ca0       0x30 zephyr/arch/arch/arm/core/aarch32/mpu/libarch__arm__core__aarch32__mpu.a(arm_mpu.c.obj)
                0x0000000008002ca0                arm_core_mpu_configure_dynamic_mpu_regions
 .text.z_arm_mpu_init
                0x0000000008002cd0       0x60 zephyr/arch/arch/arm/core/aarch32/mpu/libarch__arm__core__aarch32__mpu.a(arm_mpu.c.obj)
                0x0000000008002cd0                z_arm_mpu_init
 .text.__stdout_hook_install
                0x0000000008002d30        0xc zephyr/lib/libc/minimal/liblib__libc__minimal.a(stdout_console.c.obj)
                0x0000000008002d30                __stdout_hook_install
 .text.snprintf
                0x0000000008002d3c       0x34 zephyr/lib/libc/minimal/liblib__libc__minimal.a(sprintf.c.obj)
                0x0000000008002d3c                snprintf
 .text.vsnprintf
                0x0000000008002d70       0x28 zephyr/lib/libc/minimal/liblib__libc__minimal.a(sprintf.c.obj)
                0x0000000008002d70                vsnprintf
 .text.stm32_exti_isr
                0x0000000008002d98       0x50 zephyr/drivers/interrupt_controller/libdrivers__interrupt_controller.a(intc_exti_stm32.c.obj)
 .text.stm32_fill_irq_table
                0x0000000008002de8       0x18 zephyr/drivers/interrupt_controller/libdrivers__interrupt_controller.a(intc_exti_stm32.c.obj)
 .text.stm32_exti_enable
                0x0000000008002e00       0x28 zephyr/drivers/interrupt_controller/libdrivers__interrupt_controller.a(intc_exti_stm32.c.obj)
                0x0000000008002e00                stm32_exti_enable
 .text.stm32_exti_set_callback
                0x0000000008002e28       0x30 zephyr/drivers/interrupt_controller/libdrivers__interrupt_controller.a(intc_exti_stm32.c.obj)
                0x0000000008002e28                stm32_exti_set_callback
 .text.stm32_exti_unset_callback
                0x0000000008002e58       0x14 zephyr/drivers/interrupt_controller/libdrivers__interrupt_controller.a(intc_exti_stm32.c.obj)
                0x0000000008002e58                stm32_exti_unset_callback
 .text.get_pllsrc_frequency
                0x0000000008002e6c       0x1c zephyr/drivers/clock_control/libdrivers__clock_control.a(clock_stm32_ll_h7.c.obj)
 .text.get_hclk_frequency
                0x0000000008002e88       0x34 zephyr/drivers/clock_control/libdrivers__clock_control.a(clock_stm32_ll_h7.c.obj)
 .text.stm32_clock_control_configure
                0x0000000008002ebc       0x5c zephyr/drivers/clock_control/libdrivers__clock_control.a(clock_stm32_ll_h7.c.obj)
 .text.stm32_clock_control_get_subsys_rate
                0x0000000008002f18       0xdc zephyr/drivers/clock_control/libdrivers__clock_control.a(clock_stm32_ll_h7.c.obj)
 .text.stm32_clock_control_init
                0x0000000008002ff4      0x210 zephyr/drivers/clock_control/libdrivers__clock_control.a(clock_stm32_ll_h7.c.obj)
                0x0000000008002ff4                stm32_clock_control_init
 .text.uart_console_init
                0x0000000008003204       0x28 zephyr/drivers/console/libdrivers__console.a(uart_console.c.obj)
 .text.console_out
                0x000000000800322c       0x28 zephyr/drivers/console/libdrivers__console.a(uart_console.c.obj)
 .text.ili9xxx_set_pixel_format.part.0
                0x0000000008003254       0x28 zephyr/drivers/display/libdrivers__display.a(display_ili9xxx.c.obj)
 .text.ili9xxx_read
                0x000000000800327c       0x28 zephyr/drivers/display/libdrivers__display.a(display_ili9xxx.c.obj)
 .text.ili9xxx_get_framebuffer
                0x00000000080032a4       0x28 zephyr/drivers/display/libdrivers__display.a(display_ili9xxx.c.obj)
 .text.ili9xxx_set_brightness
                0x00000000080032cc       0x28 zephyr/drivers/display/libdrivers__display.a(display_ili9xxx.c.obj)
 .text.ili9xxx_set_contrast
                0x00000000080032f4       0x28 zephyr/drivers/display/libdrivers__display.a(display_ili9xxx.c.obj)
 .text.ili9xxx_init
                0x000000000800331c      0x1a4 zephyr/drivers/display/libdrivers__display.a(display_ili9xxx.c.obj)
 .text.gpio_stm32_init
                0x00000000080034c0       0x30 zephyr/drivers/gpio/libdrivers__gpio.a(gpio_stm32.c.obj)
 .text.gpio_stm32_pin_interrupt_configure
                0x00000000080034f0      0x110 zephyr/drivers/gpio/libdrivers__gpio.a(gpio_stm32.c.obj)
 .text.pinctrl_configure_pins
                0x0000000008003600       0x84 zephyr/drivers/pinctrl/libdrivers__pinctrl.a(pinctrl_stm32.c.obj)
                0x0000000008003600                pinctrl_configure_pins
 .text.uart_stm32_set_baudrate.part.0
                0x0000000008003684       0x28 zephyr/drivers/serial/libdrivers__serial.a(uart_stm32.c.obj)
 .text.uart_stm32_configure
                0x00000000080036ac      0x210 zephyr/drivers/serial/libdrivers__serial.a(uart_stm32.c.obj)
 .text.uart_stm32_init
                0x00000000080038bc      0x288 zephyr/drivers/serial/libdrivers__serial.a(uart_stm32.c.obj)
 .text.spi_stm32_init
                0x0000000008003b44      0x188 zephyr/drivers/spi/libdrivers__spi.a(spi_ll_stm32.c.obj)
 .text.spi_stm32_transceive
                0x0000000008003ccc      0x5bc zephyr/drivers/spi/libdrivers__spi.a(spi_ll_stm32.c.obj)
 .text.elapsed  0x0000000008004288       0x3c zephyr/drivers/timer/libdrivers__timer.a(cortex_m_systick.c.obj)
 .text.sys_clock_driver_init
                0x00000000080042c4       0x34 zephyr/drivers/timer/libdrivers__timer.a(cortex_m_systick.c.obj)
 .text.sys_clock_isr
                0x00000000080042f8       0x54 zephyr/drivers/timer/libdrivers__timer.a(cortex_m_systick.c.obj)
                0x00000000080042f8                sys_clock_isr
 .text.sys_clock_set_timeout
                0x000000000800434c       0xfc zephyr/drivers/timer/libdrivers__timer.a(cortex_m_systick.c.obj)
                0x000000000800434c                sys_clock_set_timeout
 .text.sys_clock_elapsed
                0x0000000008004448       0x3c zephyr/drivers/timer/libdrivers__timer.a(cortex_m_systick.c.obj)
                0x0000000008004448                sys_clock_elapsed
 .text.sys_clock_cycle_get_32
                0x0000000008004484       0x2c zephyr/drivers/timer/libdrivers__timer.a(cortex_m_systick.c.obj)
                0x0000000008004484                sys_clock_cycle_get_32
 .text.LL_SetFlashLatency
                0x00000000080044b0      0x198 modules/stm32/stm32cube/lib..__modules__hal__stm32__stm32cube.a(stm32h7xx_ll_utils.c.obj)
                0x00000000080044b0                LL_SetFlashLatency
 .text.event_send_core
                0x0000000008004648      0x128 modules/lvgl/lib..__modules__lib__gui__lvgl__zephyr.a(lv_event.c.obj)
 .text.lv_event_send
                0x0000000008004770       0x40 modules/lvgl/lib..__modules__lib__gui__lvgl__zephyr.a(lv_event.c.obj)
                0x0000000008004770                lv_event_send
 .text._lv_event_mark_deleted
                0x00000000080047b0       0x24 modules/lvgl/lib..__modules__lib__gui__lvgl__zephyr.a(lv_event.c.obj)
                0x00000000080047b0                _lv_event_mark_deleted
 .text._lv_group_init
                0x00000000080047d4        0xc modules/lvgl/lib..__modules__lib__gui__lvgl__zephyr.a(lv_group.c.obj)
                0x00000000080047d4                _lv_group_init
 .text.lv_group_get_default
                0x00000000080047e0        0xc modules/lvgl/lib..__modules__lib__gui__lvgl__zephyr.a(lv_group.c.obj)
                0x00000000080047e0                lv_group_get_default
 .text.lv_group_focus_next
                0x00000000080047ec       0x28 modules/lvgl/lib..__modules__lib__gui__lvgl__zephyr.a(lv_group.c.obj)
                0x00000000080047ec                lv_group_focus_next
 .text.lv_group_focus_prev
                0x0000000008004814       0x28 modules/lvgl/lib..__modules__lib__gui__lvgl__zephyr.a(lv_group.c.obj)
                0x0000000008004814                lv_group_focus_prev
 .text.lv_indev_get_act
                0x000000000800483c        0xc modules/lvgl/lib..__modules__lib__gui__lvgl__zephyr.a(lv_indev.c.obj)
                0x000000000800483c                lv_indev_get_act
 .text.lv_indev_reset
                0x0000000008004848       0xa0 modules/lvgl/lib..__modules__lib__gui__lvgl__zephyr.a(lv_indev.c.obj)
                0x0000000008004848                lv_indev_reset
 .text.lv_indev_get_obj_act
                0x00000000080048e8        0xc modules/lvgl/lib..__modules__lib__gui__lvgl__zephyr.a(lv_indev.c.obj)
                0x00000000080048e8                lv_indev_get_obj_act
 .text.lv_obj_draw
                0x00000000080048f4      0x444 modules/lvgl/lib..__modules__lib__gui__lvgl__zephyr.a(lv_obj.c.obj)
 .text.lv_init  0x0000000008004d38       0x54 modules/lvgl/lib..__modules__lib__gui__lvgl__zephyr.a(lv_obj.c.obj)
                0x0000000008004d38                lv_init
 .text.lv_obj_create
                0x0000000008004d8c       0x18 modules/lvgl/lib..__modules__lib__gui__lvgl__zephyr.a(lv_obj.c.obj)
                0x0000000008004d8c                lv_obj_create
 .text.lv_obj_destructor
                0x0000000008004da4       0x68 modules/lvgl/lib..__modules__lib__gui__lvgl__zephyr.a(lv_obj.c.obj)
 .text.lv_obj_allocate_spec_attr
                0x0000000008004e0c       0x40 modules/lvgl/lib..__modules__lib__gui__lvgl__zephyr.a(lv_obj.c.obj)
                0x0000000008004e0c                lv_obj_allocate_spec_attr
 .text.lv_obj_class_create_obj
                0x0000000008004e4c       0xe4 modules/lvgl/lib..__modules__lib__gui__lvgl__zephyr.a(lv_obj_class.c.obj)
                0x0000000008004e4c                lv_obj_class_create_obj
 .text.lv_obj_is_layout_positioned
                0x0000000008004f30       0x34 modules/lvgl/lib..__modules__lib__gui__lvgl__zephyr.a(lv_obj_pos.c.obj)
                0x0000000008004f30                lv_obj_is_layout_positioned
 .text.lv_layout_register
                0x0000000008004f64       0x40 modules/lvgl/lib..__modules__lib__gui__lvgl__zephyr.a(lv_obj_pos.c.obj)
                0x0000000008004f64                lv_layout_register
 .text.lv_obj_get_self_width
                0x0000000008004fa4       0x1c modules/lvgl/lib..__modules__lib__gui__lvgl__zephyr.a(lv_obj_pos.c.obj)
                0x0000000008004fa4                lv_obj_get_self_width
 .text.lv_obj_refr_pos
                0x0000000008004fc0      0x260 modules/lvgl/lib..__modules__lib__gui__lvgl__zephyr.a(lv_obj_pos.c.obj)
                0x0000000008004fc0                lv_obj_refr_pos
 .text.lv_obj_refr_size
                0x0000000008005220      0x558 modules/lvgl/lib..__modules__lib__gui__lvgl__zephyr.a(lv_obj_pos.c.obj)
                0x0000000008005220                lv_obj_refr_size
 .text.layout_update_core
                0x0000000008005778       0x7c modules/lvgl/lib..__modules__lib__gui__lvgl__zephyr.a(lv_obj_pos.c.obj)
 .text.lv_obj_update_layout
                0x00000000080057f4       0x34 modules/lvgl/lib..__modules__lib__gui__lvgl__zephyr.a(lv_obj_pos.c.obj)
                0x00000000080057f4                lv_obj_update_layout
 .text.lv_obj_align_to
                0x0000000008005828      0x3c4 modules/lvgl/lib..__modules__lib__gui__lvgl__zephyr.a(lv_obj_pos.c.obj)
                0x0000000008005828                lv_obj_align_to
 .text.lv_obj_get_scroll_bottom
                0x0000000008005bec       0xa4 modules/lvgl/lib..__modules__lib__gui__lvgl__zephyr.a(lv_obj_scroll.c.obj)
                0x0000000008005bec                lv_obj_get_scroll_bottom
 .text.lv_obj_get_scroll_left
                0x0000000008005c90       0xd0 modules/lvgl/lib..__modules__lib__gui__lvgl__zephyr.a(lv_obj_scroll.c.obj)
                0x0000000008005c90                lv_obj_get_scroll_left
 .text.lv_obj_get_scroll_right
                0x0000000008005d60       0xb8 modules/lvgl/lib..__modules__lib__gui__lvgl__zephyr.a(lv_obj_scroll.c.obj)
                0x0000000008005d60                lv_obj_get_scroll_right
 .text.lv_obj_get_scroll_end
                0x0000000008005e18       0x44 modules/lvgl/lib..__modules__lib__gui__lvgl__zephyr.a(lv_obj_scroll.c.obj)
                0x0000000008005e18                lv_obj_get_scroll_end
 .text.lv_obj_scroll_by
                0x0000000008005e5c      0x11c modules/lvgl/lib..__modules__lib__gui__lvgl__zephyr.a(lv_obj_scroll.c.obj)
                0x0000000008005e5c                lv_obj_scroll_by
 .text.lv_obj_scroll_to_x
                0x0000000008005f78       0x2c modules/lvgl/lib..__modules__lib__gui__lvgl__zephyr.a(lv_obj_scroll.c.obj)
                0x0000000008005f78                lv_obj_scroll_to_x
 .text.lv_obj_scroll_to_y
                0x0000000008005fa4       0x2c modules/lvgl/lib..__modules__lib__gui__lvgl__zephyr.a(lv_obj_scroll.c.obj)
                0x0000000008005fa4                lv_obj_scroll_to_y
 .text.scroll_area_into_view
                0x0000000008005fd0      0x2f0 modules/lvgl/lib..__modules__lib__gui__lvgl__zephyr.a(lv_obj_scroll.c.obj)
 .text.trans_del.isra.0
                0x00000000080062c0       0xa4 modules/lvgl/lib..__modules__lib__gui__lvgl__zephyr.a(lv_obj_style.c.obj)
 .text._lv_obj_style_init
                0x0000000008006364        0xc modules/lvgl/lib..__modules__lib__gui__lvgl__zephyr.a(lv_obj_style.c.obj)
                0x0000000008006364                _lv_obj_style_init
 .text.lv_obj_enable_style_refresh
                0x0000000008006370        0xc modules/lvgl/lib..__modules__lib__gui__lvgl__zephyr.a(lv_obj_style.c.obj)
                0x0000000008006370                lv_obj_enable_style_refresh
 .text.lv_obj_refresh_style
                0x000000000800637c      0x1e4 modules/lvgl/lib..__modules__lib__gui__lvgl__zephyr.a(lv_obj_style.c.obj)
                0x000000000800637c                lv_obj_refresh_style
 .text.lv_obj_report_style_change
                0x0000000008006560       0x38 modules/lvgl/lib..__modules__lib__gui__lvgl__zephyr.a(lv_obj_style.c.obj)
                0x0000000008006560                lv_obj_report_style_change
 .text.trans_anim_cb
                0x0000000008006598      0x17c modules/lvgl/lib..__modules__lib__gui__lvgl__zephyr.a(lv_obj_style.c.obj)
 .text.trans_anim_ready_cb
                0x0000000008006714       0xa8 modules/lvgl/lib..__modules__lib__gui__lvgl__zephyr.a(lv_obj_style.c.obj)
 .text._lv_obj_style_create_transition
                0x00000000080067bc      0x144 modules/lvgl/lib..__modules__lib__gui__lvgl__zephyr.a(lv_obj_style.c.obj)
                0x00000000080067bc                _lv_obj_style_create_transition
 .text.lv_obj_get_disp
                0x0000000008006900       0x3c modules/lvgl/lib..__modules__lib__gui__lvgl__zephyr.a(lv_obj_tree.c.obj)
                0x0000000008006900                lv_obj_get_disp
 .text.refr_obj
                0x000000000800693c      0x314 modules/lvgl/lib..__modules__lib__gui__lvgl__zephyr.a(lv_refr.c.obj)
 .text.refr_obj_and_children
                0x0000000008006c50       0x8c modules/lvgl/lib..__modules__lib__gui__lvgl__zephyr.a(lv_refr.c.obj)
 .text.refr_area_part
                0x0000000008006cdc      0x5bc modules/lvgl/lib..__modules__lib__gui__lvgl__zephyr.a(lv_refr.c.obj)
 .text._lv_refr_get_disp_refreshing
                0x0000000008007298        0xc modules/lvgl/lib..__modules__lib__gui__lvgl__zephyr.a(lv_refr.c.obj)
                0x0000000008007298                _lv_refr_get_disp_refreshing
 .text._lv_disp_refr_timer
                0x00000000080072a4      0x3d8 modules/lvgl/lib..__modules__lib__gui__lvgl__zephyr.a(lv_refr.c.obj)
                0x00000000080072a4                _lv_disp_refr_timer
 .text.lv_theme_apply
                0x000000000800767c       0x28 modules/lvgl/lib..__modules__lib__gui__lvgl__zephyr.a(lv_theme.c.obj)
                0x000000000800767c                lv_theme_apply
 .text.lv_draw_arc_get_area
                0x00000000080076a4      0x458 modules/lvgl/lib..__modules__lib__gui__lvgl__zephyr.a(lv_draw_arc.c.obj)
                0x00000000080076a4                lv_draw_arc_get_area
 .text.lv_img_cf_get_px_size
                0x0000000008007afc       0x14 modules/lvgl/lib..__modules__lib__gui__lvgl__zephyr.a(lv_draw_img.c.obj)
                0x0000000008007afc                lv_img_cf_get_px_size
 .text.lv_draw_img
                0x0000000008007b10      0x22c modules/lvgl/lib..__modules__lib__gui__lvgl__zephyr.a(lv_draw_img.c.obj)
                0x0000000008007b10                lv_draw_img
 .text.lv_draw_label_dsc_init
                0x0000000008007d3c       0x30 modules/lvgl/lib..__modules__lib__gui__lvgl__zephyr.a(lv_draw_label.c.obj)
                0x0000000008007d3c                lv_draw_label_dsc_init
 .text.lv_draw_label
                0x0000000008007d6c      0x568 modules/lvgl/lib..__modules__lib__gui__lvgl__zephyr.a(lv_draw_label.c.obj)
                0x0000000008007d6c                lv_draw_label
 .text.lv_draw_mask_add
                0x00000000080082d4       0x2c modules/lvgl/lib..__modules__lib__gui__lvgl__zephyr.a(lv_draw_mask.c.obj)
                0x00000000080082d4                lv_draw_mask_add
 .text.lv_draw_mask_apply
                0x0000000008008300       0x40 modules/lvgl/lib..__modules__lib__gui__lvgl__zephyr.a(lv_draw_mask.c.obj)
                0x0000000008008300                lv_draw_mask_apply
 .text.lv_draw_mask_remove_id
                0x0000000008008340       0x24 modules/lvgl/lib..__modules__lib__gui__lvgl__zephyr.a(lv_draw_mask.c.obj)
                0x0000000008008340                lv_draw_mask_remove_id
 .text.lv_draw_mask_remove_custom
                0x0000000008008364       0x28 modules/lvgl/lib..__modules__lib__gui__lvgl__zephyr.a(lv_draw_mask.c.obj)
                0x0000000008008364                lv_draw_mask_remove_custom
 .text._lv_draw_mask_cleanup
                0x000000000800838c       0x24 modules/lvgl/lib..__modules__lib__gui__lvgl__zephyr.a(lv_draw_mask.c.obj)
                0x000000000800838c                _lv_draw_mask_cleanup
 .text.lv_draw_mask_is_any
                0x00000000080083b0       0x54 modules/lvgl/lib..__modules__lib__gui__lvgl__zephyr.a(lv_draw_mask.c.obj)
                0x00000000080083b0                lv_draw_mask_is_any
 .text.lv_draw_mask_line_points_init
                0x0000000008008404      0x120 modules/lvgl/lib..__modules__lib__gui__lvgl__zephyr.a(lv_draw_mask.c.obj)
                0x0000000008008404                lv_draw_mask_line_points_init
 .text.lv_draw_mask_angle_init
                0x0000000008008524       0xa0 modules/lvgl/lib..__modules__lib__gui__lvgl__zephyr.a(lv_draw_mask.c.obj)
                0x0000000008008524                lv_draw_mask_angle_init
 .text.lv_draw_mask_radius_init
                0x00000000080085c4      0x40c modules/lvgl/lib..__modules__lib__gui__lvgl__zephyr.a(lv_draw_mask.c.obj)
                0x00000000080085c4                lv_draw_mask_radius_init
 .text.lv_draw_rect_dsc_init
                0x00000000080089d0       0x4c modules/lvgl/lib..__modules__lib__gui__lvgl__zephyr.a(lv_draw_rect.c.obj)
                0x00000000080089d0                lv_draw_rect_dsc_init
 .text._lv_img_cache_open
                0x0000000008008a1c       0x5c modules/lvgl/lib..__modules__lib__gui__lvgl__zephyr.a(lv_img_cache.c.obj)
                0x0000000008008a1c                _lv_img_cache_open
 .text.lv_img_decoder_built_in_info
                0x0000000008008a78       0xb0 modules/lvgl/lib..__modules__lib__gui__lvgl__zephyr.a(lv_img_decoder.c.obj)
                0x0000000008008a78                lv_img_decoder_built_in_info
 .text.lv_img_decoder_built_in_read_line
                0x0000000008008b28      0x33c modules/lvgl/lib..__modules__lib__gui__lvgl__zephyr.a(lv_img_decoder.c.obj)
                0x0000000008008b28                lv_img_decoder_built_in_read_line
 .text.lv_img_decoder_built_in_open
                0x0000000008008e64      0x170 modules/lvgl/lib..__modules__lib__gui__lvgl__zephyr.a(lv_img_decoder.c.obj)
                0x0000000008008e64                lv_img_decoder_built_in_open
 .text.lv_img_decoder_get_info
                0x0000000008008fd4       0x60 modules/lvgl/lib..__modules__lib__gui__lvgl__zephyr.a(lv_img_decoder.c.obj)
                0x0000000008008fd4                lv_img_decoder_get_info
 .text.lv_img_decoder_open
                0x0000000008009034       0xc4 modules/lvgl/lib..__modules__lib__gui__lvgl__zephyr.a(lv_img_decoder.c.obj)
                0x0000000008009034                lv_img_decoder_open
 .text.lv_img_decoder_create
                0x00000000080090f8       0x20 modules/lvgl/lib..__modules__lib__gui__lvgl__zephyr.a(lv_img_decoder.c.obj)
                0x00000000080090f8                lv_img_decoder_create
 .text._lv_img_decoder_init
                0x0000000008009118       0x38 modules/lvgl/lib..__modules__lib__gui__lvgl__zephyr.a(lv_img_decoder.c.obj)
                0x0000000008009118                _lv_img_decoder_init
 .text.lv_draw_sw_init_ctx
                0x0000000008009150       0x8c modules/lvgl/lib..__modules__lib__gui__lvgl__zephyr.a(lv_draw_sw.c.obj)
                0x0000000008009150                lv_draw_sw_init_ctx
 .text.lv_draw_sw_blend_basic
                0x00000000080091dc      0x9a4 modules/lvgl/lib..__modules__lib__gui__lvgl__zephyr.a(lv_draw_sw_blend.c.obj)
                0x00000000080091dc                lv_draw_sw_blend_basic
 .text.iterate_cache
                0x0000000008009b80       0x6c modules/lvgl/lib..__modules__lib__gui__lvgl__zephyr.a(lv_draw_sw_gradient.c.obj)
 .text.kill_oldest_item
                0x0000000008009bec       0x88 modules/lvgl/lib..__modules__lib__gui__lvgl__zephyr.a(lv_draw_sw_gradient.c.obj)
 .text.lv_gradient_set_cache_size
                0x0000000008009c74       0x38 modules/lvgl/lib..__modules__lib__gui__lvgl__zephyr.a(lv_draw_sw_gradient.c.obj)
                0x0000000008009c74                lv_gradient_set_cache_size
 .text.lv_gradient_get
                0x0000000008009cac      0x178 modules/lvgl/lib..__modules__lib__gui__lvgl__zephyr.a(lv_draw_sw_gradient.c.obj)
                0x0000000008009cac                lv_gradient_get
 .text.lv_draw_sw_letter
                0x0000000008009e24      0x428 modules/lvgl/lib..__modules__lib__gui__lvgl__zephyr.a(lv_draw_sw_letter.c.obj)
                0x0000000008009e24                lv_draw_sw_letter
 .text.lv_draw_sw_line
                0x000000000800a24c      0x758 modules/lvgl/lib..__modules__lib__gui__lvgl__zephyr.a(lv_draw_sw_line.c.obj)
                0x000000000800a24c                lv_draw_sw_line
 .text.lv_draw_sw_polygon
                0x000000000800a9a4      0x280 modules/lvgl/lib..__modules__lib__gui__lvgl__zephyr.a(lv_draw_sw_polygon.c.obj)
                0x000000000800a9a4                lv_draw_sw_polygon
 .text.find_track_end
                0x000000000800ac24      0x268 modules/lvgl/lib..__modules__lib__gui__lvgl__zephyr.a(lv_flex.c.obj)
 .text.flex_update
                0x000000000800ae8c      0x70c modules/lvgl/lib..__modules__lib__gui__lvgl__zephyr.a(lv_flex.c.obj)
 .text.lv_flex_init
                0x000000000800b598       0x50 modules/lvgl/lib..__modules__lib__gui__lvgl__zephyr.a(lv_flex.c.obj)
                0x000000000800b598                lv_flex_init
 .text.lv_obj_set_style_flex_flow
                0x000000000800b5e8       0x10 modules/lvgl/lib..__modules__lib__gui__lvgl__zephyr.a(lv_flex.c.obj)
                0x000000000800b5e8                lv_obj_set_style_flex_flow
 .text.lv_obj_set_flex_flow
                0x000000000800b5f8       0x20 modules/lvgl/lib..__modules__lib__gui__lvgl__zephyr.a(lv_flex.c.obj)
                0x000000000800b5f8                lv_obj_set_flex_flow
 .text.lv_obj_set_style_flex_main_place
                0x000000000800b618       0x10 modules/lvgl/lib..__modules__lib__gui__lvgl__zephyr.a(lv_flex.c.obj)
                0x000000000800b618                lv_obj_set_style_flex_main_place
 .text.lv_obj_set_style_flex_cross_place
                0x000000000800b628       0x10 modules/lvgl/lib..__modules__lib__gui__lvgl__zephyr.a(lv_flex.c.obj)
                0x000000000800b628                lv_obj_set_style_flex_cross_place
 .text.lv_obj_set_style_flex_track_place
                0x000000000800b638       0x10 modules/lvgl/lib..__modules__lib__gui__lvgl__zephyr.a(lv_flex.c.obj)
                0x000000000800b638                lv_obj_set_style_flex_track_place
 .text.lv_obj_set_flex_align
                0x000000000800b648       0x38 modules/lvgl/lib..__modules__lib__gui__lvgl__zephyr.a(lv_flex.c.obj)
                0x000000000800b648                lv_obj_set_flex_align
 .text.lv_obj_set_style_flex_grow
                0x000000000800b680       0x10 modules/lvgl/lib..__modules__lib__gui__lvgl__zephyr.a(lv_flex.c.obj)
                0x000000000800b680                lv_obj_set_style_flex_grow
 .text.grid_align
                0x000000000800b690      0x134 modules/lvgl/lib..__modules__lib__gui__lvgl__zephyr.a(lv_grid.c.obj)
 .text.grid_update
                0x000000000800b7c4      0x7ec modules/lvgl/lib..__modules__lib__gui__lvgl__zephyr.a(lv_grid.c.obj)
 .text.lv_grid_init
                0x000000000800bfb0       0xa4 modules/lvgl/lib..__modules__lib__gui__lvgl__zephyr.a(lv_grid.c.obj)
                0x000000000800bfb0                lv_grid_init
 .text.theme_apply
                0x000000000800c054      0xe88 modules/lvgl/lib..__modules__lib__gui__lvgl__zephyr.a(lv_theme_default.c.obj)
 .text.grey_filter_cb
                0x000000000800cedc       0x2c modules/lvgl/lib..__modules__lib__gui__lvgl__zephyr.a(lv_theme_default.c.obj)
 .text.style_init_reset
                0x000000000800cf08       0x14 modules/lvgl/lib..__modules__lib__gui__lvgl__zephyr.a(lv_theme_default.c.obj)
 .text.lv_theme_default_init
                0x000000000800cf1c     0x15c4 modules/lvgl/lib..__modules__lib__gui__lvgl__zephyr.a(lv_theme_default.c.obj)
                0x000000000800cf1c                lv_theme_default_init
 .text.lv_theme_default_get
                0x000000000800e4e0       0x18 modules/lvgl/lib..__modules__lib__gui__lvgl__zephyr.a(lv_theme_default.c.obj)
                0x000000000800e4e0                lv_theme_default_get
 .text.lv_theme_default_is_inited
                0x000000000800e4f8       0x10 modules/lvgl/lib..__modules__lib__gui__lvgl__zephyr.a(lv_theme_default.c.obj)
                0x000000000800e4f8                lv_theme_default_is_inited
 .text.lv_calendar_set_showed_date
                0x000000000800e508      0x13c modules/lvgl/lib..__modules__lib__gui__lvgl__zephyr.a(lv_calendar.c.obj)
                0x000000000800e508                lv_calendar_set_showed_date
 .text.lv_calendar_constructor
                0x000000000800e644       0xe8 modules/lvgl/lib..__modules__lib__gui__lvgl__zephyr.a(lv_calendar.c.obj)
 .text.my_constructor
                0x000000000800e72c       0xe0 modules/lvgl/lib..__modules__lib__gui__lvgl__zephyr.a(lv_calendar_header_arrow.c.obj)
 .text.value_changed_event_cb
                0x000000000800e80c       0x3c modules/lvgl/lib..__modules__lib__gui__lvgl__zephyr.a(lv_calendar_header_arrow.c.obj)
 .text.month_event_cb
                0x000000000800e848       0x7c modules/lvgl/lib..__modules__lib__gui__lvgl__zephyr.a(lv_calendar_header_arrow.c.obj)
 .text.my_constructor
                0x000000000800e8c4       0x90 modules/lvgl/lib..__modules__lib__gui__lvgl__zephyr.a(lv_calendar_header_dropdown.c.obj)
 .text.lv_chart_constructor
                0x000000000800e954       0x50 modules/lvgl/lib..__modules__lib__gui__lvgl__zephyr.a(lv_chart.c.obj)
 .text.draw_y_ticks
                0x000000000800e9a4      0x2dc modules/lvgl/lib..__modules__lib__gui__lvgl__zephyr.a(lv_chart.c.obj)
 .text.draw_x_ticks
                0x000000000800ec80      0x368 modules/lvgl/lib..__modules__lib__gui__lvgl__zephyr.a(lv_chart.c.obj)
 .text.lv_chart_event
                0x000000000800efe8     0x10f0 modules/lvgl/lib..__modules__lib__gui__lvgl__zephyr.a(lv_chart.c.obj)
 .text.lv_colorwheel_constructor
                0x00000000080100d8       0x50 modules/lvgl/lib..__modules__lib__gui__lvgl__zephyr.a(lv_colorwheel.c.obj)
 .text.lv_colorwheel_event
                0x0000000008010128      0x784 modules/lvgl/lib..__modules__lib__gui__lvgl__zephyr.a(lv_colorwheel.c.obj)
 .text.lv_keyboard_update_ctrl_map
                0x00000000080108ac       0x6c modules/lvgl/lib..__modules__lib__gui__lvgl__zephyr.a(lv_keyboard.c.obj)
 .text.lv_keyboard_update_map
                0x0000000008010918       0x20 modules/lvgl/lib..__modules__lib__gui__lvgl__zephyr.a(lv_keyboard.c.obj)
 .text.lv_keyboard_constructor
                0x0000000008010938       0x4c modules/lvgl/lib..__modules__lib__gui__lvgl__zephyr.a(lv_keyboard.c.obj)
 .text.lv_keyboard_def_event_cb
                0x0000000008010984      0x1f8 modules/lvgl/lib..__modules__lib__gui__lvgl__zephyr.a(lv_keyboard.c.obj)
                0x0000000008010984                lv_keyboard_def_event_cb
 .text.lv_led_event
                0x0000000008010b7c      0x250 modules/lvgl/lib..__modules__lib__gui__lvgl__zephyr.a(lv_led.c.obj)
 .text.lv_menu_constructor
                0x0000000008010dcc      0x138 modules/lvgl/lib..__modules__lib__gui__lvgl__zephyr.a(lv_menu.c.obj)
 .text.lv_meter_event
                0x0000000008010f04      0x8ac modules/lvgl/lib..__modules__lib__gui__lvgl__zephyr.a(lv_meter.c.obj)
 .text.lv_spinbox_updatevalue
                0x00000000080117b0      0x10c modules/lvgl/lib..__modules__lib__gui__lvgl__zephyr.a(lv_spinbox.c.obj)
 .text.lv_spinbox_constructor
                0x00000000080118bc       0x50 modules/lvgl/lib..__modules__lib__gui__lvgl__zephyr.a(lv_spinbox.c.obj)
 .text.lv_spinbox_event
                0x000000000801190c      0x15c modules/lvgl/lib..__modules__lib__gui__lvgl__zephyr.a(lv_spinbox.c.obj)
 .text.lv_spinner_constructor
                0x0000000008011a68       0x84 modules/lvgl/lib..__modules__lib__gui__lvgl__zephyr.a(lv_spinner.c.obj)
 .text.lv_tabview_constructor
                0x0000000008011aec      0x14c modules/lvgl/lib..__modules__lib__gui__lvgl__zephyr.a(lv_tabview.c.obj)
 .text.lv_tabview_event
                0x0000000008011c38       0x34 modules/lvgl/lib..__modules__lib__gui__lvgl__zephyr.a(lv_tabview.c.obj)
 .text.lv_tileview_constructor
                0x0000000008011c6c       0x3c modules/lvgl/lib..__modules__lib__gui__lvgl__zephyr.a(lv_tileview.c.obj)
 .text.lv_tileview_tile_constructor
                0x0000000008011ca8       0x78 modules/lvgl/lib..__modules__lib__gui__lvgl__zephyr.a(lv_tileview.c.obj)
 .text.lv_win_constructor
                0x0000000008011d20       0x74 modules/lvgl/lib..__modules__lib__gui__lvgl__zephyr.a(lv_win.c.obj)
 .text.get_glyph_dsc_id
                0x0000000008011d94       0xd4 modules/lvgl/lib..__modules__lib__gui__lvgl__zephyr.a(lv_font_fmt_txt.c.obj)
 .text.lv_font_get_glyph_dsc_fmt_txt
                0x0000000008011e68      0x144 modules/lvgl/lib..__modules__lib__gui__lvgl__zephyr.a(lv_font_fmt_txt.c.obj)
                0x0000000008011e68                lv_font_get_glyph_dsc_fmt_txt
 .text.lv_disp_drv_init
                0x0000000008011fac       0x48 modules/lvgl/lib..__modules__lib__gui__lvgl__zephyr.a(lv_hal_disp.c.obj)
                0x0000000008011fac                lv_disp_drv_init
 .text.lv_disp_drv_register
                0x0000000008011ff4      0x12c modules/lvgl/lib..__modules__lib__gui__lvgl__zephyr.a(lv_hal_disp.c.obj)
                0x0000000008011ff4                lv_disp_drv_register
 .text.lv_disp_get_default
                0x0000000008012120        0xc modules/lvgl/lib..__modules__lib__gui__lvgl__zephyr.a(lv_hal_disp.c.obj)
                0x0000000008012120                lv_disp_get_default
 .text.lv_disp_get_hor_res
                0x000000000801212c       0x20 modules/lvgl/lib..__modules__lib__gui__lvgl__zephyr.a(lv_hal_disp.c.obj)
                0x000000000801212c                lv_disp_get_hor_res
 .text.lv_disp_get_ver_res
                0x000000000801214c       0x20 modules/lvgl/lib..__modules__lib__gui__lvgl__zephyr.a(lv_hal_disp.c.obj)
                0x000000000801214c                lv_disp_get_ver_res
 .text.lv_disp_get_dpi
                0x000000000801216c       0x1c modules/lvgl/lib..__modules__lib__gui__lvgl__zephyr.a(lv_hal_disp.c.obj)
                0x000000000801216c                lv_disp_get_dpi
 .text.lv_disp_get_next
                0x0000000008012188       0x14 modules/lvgl/lib..__modules__lib__gui__lvgl__zephyr.a(lv_hal_disp.c.obj)
                0x0000000008012188                lv_disp_get_next
 .text.lv_indev_get_next
                0x000000000801219c       0x14 modules/lvgl/lib..__modules__lib__gui__lvgl__zephyr.a(lv_hal_indev.c.obj)
                0x000000000801219c                lv_indev_get_next
 .text.anim_mark_list_change
                0x00000000080121b0       0x34 modules/lvgl/lib..__modules__lib__gui__lvgl__zephyr.a(lv_anim.c.obj)
 .text.anim_timer
                0x00000000080121e4      0x17c modules/lvgl/lib..__modules__lib__gui__lvgl__zephyr.a(lv_anim.c.obj)
 .text._lv_anim_core_init
                0x0000000008012360       0x34 modules/lvgl/lib..__modules__lib__gui__lvgl__zephyr.a(lv_anim.c.obj)
                0x0000000008012360                _lv_anim_core_init
 .text.lv_anim_init
                0x0000000008012394       0x38 modules/lvgl/lib..__modules__lib__gui__lvgl__zephyr.a(lv_anim.c.obj)
                0x0000000008012394                lv_anim_init
 .text.lv_anim_del
                0x00000000080123cc       0x60 modules/lvgl/lib..__modules__lib__gui__lvgl__zephyr.a(lv_anim.c.obj)
                0x00000000080123cc                lv_anim_del
 .text.lv_anim_start
                0x000000000801242c       0x84 modules/lvgl/lib..__modules__lib__gui__lvgl__zephyr.a(lv_anim.c.obj)
                0x000000000801242c                lv_anim_start
 .text.lv_anim_get
                0x00000000080124b0       0x30 modules/lvgl/lib..__modules__lib__gui__lvgl__zephyr.a(lv_anim.c.obj)
                0x00000000080124b0                lv_anim_get
 .text.lv_point_transform
                0x00000000080124e0      0x130 modules/lvgl/lib..__modules__lib__gui__lvgl__zephyr.a(lv_area.c.obj)
                0x00000000080124e0                lv_point_transform
 .text.lv_palette_main
                0x0000000008012610       0x14 modules/lvgl/lib..__modules__lib__gui__lvgl__zephyr.a(lv_color.c.obj)
                0x0000000008012610                lv_palette_main
 .text.lv_palette_lighten
                0x0000000008012624       0x24 modules/lvgl/lib..__modules__lib__gui__lvgl__zephyr.a(lv_color.c.obj)
                0x0000000008012624                lv_palette_lighten
 .text.lv_palette_darken
                0x0000000008012648       0x24 modules/lvgl/lib..__modules__lib__gui__lvgl__zephyr.a(lv_color.c.obj)
                0x0000000008012648                lv_palette_darken
 .text._lv_fs_init
                0x000000000801266c        0xc modules/lvgl/lib..__modules__lib__gui__lvgl__zephyr.a(lv_fs.c.obj)
                0x000000000801266c                _lv_fs_init
 .text.lv_fs_get_drv
                0x0000000008012678       0x2c modules/lvgl/lib..__modules__lib__gui__lvgl__zephyr.a(lv_fs.c.obj)
                0x0000000008012678                lv_fs_get_drv
 .text.lv_fs_get_ext
                0x00000000080126a4       0x2c modules/lvgl/lib..__modules__lib__gui__lvgl__zephyr.a(lv_fs.c.obj)
                0x00000000080126a4                lv_fs_get_ext
 .text.lv_trigo_sin
                0x00000000080126d0       0x58 modules/lvgl/lib..__modules__lib__gui__lvgl__zephyr.a(lv_math.c.obj)
                0x00000000080126d0                lv_trigo_sin
 .text.lv_mem_init
                0x0000000008012728       0x1c modules/lvgl/lib..__modules__lib__gui__lvgl__zephyr.a(lv_mem.c.obj)
                0x0000000008012728                lv_mem_init
 .text.lv_mem_alloc
                0x0000000008012744       0x3c modules/lvgl/lib..__modules__lib__gui__lvgl__zephyr.a(lv_mem.c.obj)
                0x0000000008012744                lv_mem_alloc
 .text.lv_mem_free
                0x0000000008012780       0x30 modules/lvgl/lib..__modules__lib__gui__lvgl__zephyr.a(lv_mem.c.obj)
                0x0000000008012780                lv_mem_free
 .text.lv_mem_realloc
                0x00000000080127b0       0x34 modules/lvgl/lib..__modules__lib__gui__lvgl__zephyr.a(lv_mem.c.obj)
                0x00000000080127b0                lv_mem_realloc
 .text.lv_mem_buf_get
                0x00000000080127e4       0x94 modules/lvgl/lib..__modules__lib__gui__lvgl__zephyr.a(lv_mem.c.obj)
                0x00000000080127e4                lv_mem_buf_get
 .text.lv_mem_buf_release
                0x0000000008012878       0x28 modules/lvgl/lib..__modules__lib__gui__lvgl__zephyr.a(lv_mem.c.obj)
                0x0000000008012878                lv_mem_buf_release
 .text.lv_mem_buf_free_all
                0x00000000080128a0       0x30 modules/lvgl/lib..__modules__lib__gui__lvgl__zephyr.a(lv_mem.c.obj)
                0x00000000080128a0                lv_mem_buf_free_all
 .text.lv_style_register_prop
                0x00000000080128d0       0x74 modules/lvgl/lib..__modules__lib__gui__lvgl__zephyr.a(lv_style.c.obj)
                0x00000000080128d0                lv_style_register_prop
 .text.lv_style_transition_dsc_init
                0x0000000008012944       0x30 modules/lvgl/lib..__modules__lib__gui__lvgl__zephyr.a(lv_style.c.obj)
                0x0000000008012944                lv_style_transition_dsc_init
 .text.lv_style_prop_get_default
                0x0000000008012974       0x98 modules/lvgl/lib..__modules__lib__gui__lvgl__zephyr.a(lv_style.c.obj)
                0x0000000008012974                lv_style_prop_get_default
 .text.lv_style_set_prop
                0x0000000008012a0c        0xc modules/lvgl/lib..__modules__lib__gui__lvgl__zephyr.a(lv_style.c.obj)
                0x0000000008012a0c                lv_style_set_prop
 .text._lv_style_prop_lookup_flags
                0x0000000008012a18       0x40 modules/lvgl/lib..__modules__lib__gui__lvgl__zephyr.a(lv_style.c.obj)
                0x0000000008012a18                _lv_style_prop_lookup_flags
 .text._lv_timer_core_init
                0x0000000008012a58       0x1c modules/lvgl/lib..__modules__lib__gui__lvgl__zephyr.a(lv_timer.c.obj)
                0x0000000008012a58                _lv_timer_core_init
 .text.lv_timer_create
                0x0000000008012a74       0x40 modules/lvgl/lib..__modules__lib__gui__lvgl__zephyr.a(lv_timer.c.obj)
                0x0000000008012a74                lv_timer_create
 .text.lv_timer_del
                0x0000000008012ab4       0x24 modules/lvgl/lib..__modules__lib__gui__lvgl__zephyr.a(lv_timer.c.obj)
                0x0000000008012ab4                lv_timer_del
 .text.lv_timer_handler
                0x0000000008012ad8      0x1a0 modules/lvgl/lib..__modules__lib__gui__lvgl__zephyr.a(lv_timer.c.obj)
                0x0000000008012ad8                lv_timer_handler
 .text.lv_txt_utf8_prev
                0x0000000008012c78       0x48 modules/lvgl/lib..__modules__lib__gui__lvgl__zephyr.a(lv_txt.c.obj)
 .text.lv_txt_utf8_get_byte_id
                0x0000000008012cc0       0x38 modules/lvgl/lib..__modules__lib__gui__lvgl__zephyr.a(lv_txt.c.obj)
 .text.lv_txt_utf8_get_char_id
                0x0000000008012cf8       0x28 modules/lvgl/lib..__modules__lib__gui__lvgl__zephyr.a(lv_txt.c.obj)
 .text.lv_txt_utf8_get_length
                0x0000000008012d20       0x28 modules/lvgl/lib..__modules__lib__gui__lvgl__zephyr.a(lv_txt.c.obj)
 .text._lv_txt_get_next_line
                0x0000000008012d48      0x228 modules/lvgl/lib..__modules__lib__gui__lvgl__zephyr.a(lv_txt.c.obj)
                0x0000000008012d48                _lv_txt_get_next_line
 .text._lv_txt_ins
                0x0000000008012f70       0x54 modules/lvgl/lib..__modules__lib__gui__lvgl__zephyr.a(lv_txt.c.obj)
                0x0000000008012f70                _lv_txt_ins
 .text._lv_txt_cut
                0x0000000008012fc4       0x48 modules/lvgl/lib..__modules__lib__gui__lvgl__zephyr.a(lv_txt.c.obj)
                0x0000000008012fc4                _lv_txt_cut
 .text._lv_txt_encoded_letter_next_2
                0x000000000801300c       0x34 modules/lvgl/lib..__modules__lib__gui__lvgl__zephyr.a(lv_txt.c.obj)
                0x000000000801300c                _lv_txt_encoded_letter_next_2
 .text.lv_arc_constructor
                0x0000000008013040       0x5c modules/lvgl/lib..__modules__lib__gui__lvgl__zephyr.a(lv_arc.c.obj)
 .text.lv_arc_event
                0x000000000801309c      0x5ec modules/lvgl/lib..__modules__lib__gui__lvgl__zephyr.a(lv_arc.c.obj)
 .text.lv_bar_set_value_with_anim
                0x0000000008013688       0x7c modules/lvgl/lib..__modules__lib__gui__lvgl__zephyr.a(lv_bar.c.obj)
 .text.draw_indic
                0x0000000008013704      0x530 modules/lvgl/lib..__modules__lib__gui__lvgl__zephyr.a(lv_bar.c.obj)
 .text.lv_bar_event
                0x0000000008013c34       0xc8 modules/lvgl/lib..__modules__lib__gui__lvgl__zephyr.a(lv_bar.c.obj)
 .text.lv_btn_create
                0x0000000008013cfc       0x18 modules/lvgl/lib..__modules__lib__gui__lvgl__zephyr.a(lv_btn.c.obj)
                0x0000000008013cfc                lv_btn_create
 .text.lv_btnmatrix_set_map.part.0
                0x0000000008013d14      0x258 modules/lvgl/lib..__modules__lib__gui__lvgl__zephyr.a(lv_btnmatrix.c.obj)
 .text.lv_btnmatrix_constructor
                0x0000000008013f6c       0x28 modules/lvgl/lib..__modules__lib__gui__lvgl__zephyr.a(lv_btnmatrix.c.obj)
 .text.draw_main
                0x0000000008013f94      0x3b0 modules/lvgl/lib..__modules__lib__gui__lvgl__zephyr.a(lv_btnmatrix.c.obj)
 .text.lv_btnmatrix_create
                0x0000000008014344       0x18 modules/lvgl/lib..__modules__lib__gui__lvgl__zephyr.a(lv_btnmatrix.c.obj)
                0x0000000008014344                lv_btnmatrix_create
 .text.lv_btnmatrix_get_btn_text
                0x000000000801435c       0x5c modules/lvgl/lib..__modules__lib__gui__lvgl__zephyr.a(lv_btnmatrix.c.obj)
                0x000000000801435c                lv_btnmatrix_get_btn_text
 .text.lv_btnmatrix_event
                0x00000000080143b8      0x52c modules/lvgl/lib..__modules__lib__gui__lvgl__zephyr.a(lv_btnmatrix.c.obj)
 .text.lv_checkbox_constructor
                0x00000000080148e4       0x38 modules/lvgl/lib..__modules__lib__gui__lvgl__zephyr.a(lv_checkbox.c.obj)
 .text.lv_checkbox_event
                0x000000000801491c      0x2e0 modules/lvgl/lib..__modules__lib__gui__lvgl__zephyr.a(lv_checkbox.c.obj)
 .text.lv_dropdown_create
                0x0000000008014bfc       0x18 modules/lvgl/lib..__modules__lib__gui__lvgl__zephyr.a(lv_dropdown.c.obj)
                0x0000000008014bfc                lv_dropdown_create
 .text.lv_dropdown_constructor
                0x0000000008014c14       0x60 modules/lvgl/lib..__modules__lib__gui__lvgl__zephyr.a(lv_dropdown.c.obj)
 .text.lv_dropdown_list_event
                0x0000000008014c74      0x1a4 modules/lvgl/lib..__modules__lib__gui__lvgl__zephyr.a(lv_dropdown.c.obj)
 .text.lv_dropdown_event
                0x0000000008014e18      0x398 modules/lvgl/lib..__modules__lib__gui__lvgl__zephyr.a(lv_dropdown.c.obj)
 .text.lv_img_create
                0x00000000080151b0       0x18 modules/lvgl/lib..__modules__lib__gui__lvgl__zephyr.a(lv_img.c.obj)
                0x00000000080151b0                lv_img_create
 .text.lv_img_event
                0x00000000080151c8      0x674 modules/lvgl/lib..__modules__lib__gui__lvgl__zephyr.a(lv_img.c.obj)
 .text.lv_label_revert_dots
                0x000000000801583c       0x58 modules/lvgl/lib..__modules__lib__gui__lvgl__zephyr.a(lv_label.c.obj)
 .text.lv_label_get_letter_on.part.0
                0x0000000008015894      0x1ec modules/lvgl/lib..__modules__lib__gui__lvgl__zephyr.a(lv_label.c.obj)
 .text.lv_label_refr_text
                0x0000000008015a80      0x4bc modules/lvgl/lib..__modules__lib__gui__lvgl__zephyr.a(lv_label.c.obj)
 .text.lv_label_event
                0x0000000008015f3c      0x344 modules/lvgl/lib..__modules__lib__gui__lvgl__zephyr.a(lv_label.c.obj)
 .text.lv_label_create
                0x0000000008016280       0x18 modules/lvgl/lib..__modules__lib__gui__lvgl__zephyr.a(lv_label.c.obj)
                0x0000000008016280                lv_label_create
 .text.lv_label_set_long_mode
                0x0000000008016298       0x60 modules/lvgl/lib..__modules__lib__gui__lvgl__zephyr.a(lv_label.c.obj)
                0x0000000008016298                lv_label_set_long_mode
 .text.lv_label_constructor
                0x00000000080162f8       0x4c modules/lvgl/lib..__modules__lib__gui__lvgl__zephyr.a(lv_label.c.obj)
 .text.lv_label_get_letter_pos
                0x0000000008016344      0x1bc modules/lvgl/lib..__modules__lib__gui__lvgl__zephyr.a(lv_label.c.obj)
                0x0000000008016344                lv_label_get_letter_pos
 .text.lv_label_ins_text
                0x0000000008016500       0x64 modules/lvgl/lib..__modules__lib__gui__lvgl__zephyr.a(lv_label.c.obj)
                0x0000000008016500                lv_label_ins_text
 .text.lv_line_event
                0x0000000008016564      0x174 modules/lvgl/lib..__modules__lib__gui__lvgl__zephyr.a(lv_line.c.obj)
 .text.refr_position
                0x00000000080166d8      0x130 modules/lvgl/lib..__modules__lib__gui__lvgl__zephyr.a(lv_roller.c.obj)
 .text.lv_roller_constructor
                0x0000000008016808       0x4c modules/lvgl/lib..__modules__lib__gui__lvgl__zephyr.a(lv_roller.c.obj)
 .text.lv_roller_label_event
                0x0000000008016854      0x158 modules/lvgl/lib..__modules__lib__gui__lvgl__zephyr.a(lv_roller.c.obj)
 .text.lv_roller_event
                0x00000000080169ac      0x494 modules/lvgl/lib..__modules__lib__gui__lvgl__zephyr.a(lv_roller.c.obj)
 .text.lv_slider_event
                0x0000000008016e40      0x714 modules/lvgl/lib..__modules__lib__gui__lvgl__zephyr.a(lv_slider.c.obj)
 .text.lv_switch_event
                0x0000000008017554      0x2ac modules/lvgl/lib..__modules__lib__gui__lvgl__zephyr.a(lv_switch.c.obj)
 .text.draw_main
                0x0000000008017800      0x4c4 modules/lvgl/lib..__modules__lib__gui__lvgl__zephyr.a(lv_table.c.obj)
 .text.lv_table_event
                0x0000000008017cc4      0x2c4 modules/lvgl/lib..__modules__lib__gui__lvgl__zephyr.a(lv_table.c.obj)
 .text.start_cursor_blink
                0x0000000008017f88       0x64 modules/lvgl/lib..__modules__lib__gui__lvgl__zephyr.a(lv_textarea.c.obj)
 .text.refr_cursor_area
                0x0000000008017fec      0x210 modules/lvgl/lib..__modules__lib__gui__lvgl__zephyr.a(lv_textarea.c.obj)
 .text.lv_textarea_set_cursor_pos
                0x00000000080181fc       0xf4 modules/lvgl/lib..__modules__lib__gui__lvgl__zephyr.a(lv_textarea.c.obj)
                0x00000000080181fc                lv_textarea_set_cursor_pos
 .text.lv_textarea_constructor
                0x00000000080182f0       0x84 modules/lvgl/lib..__modules__lib__gui__lvgl__zephyr.a(lv_textarea.c.obj)
 .text.lv_textarea_get_password_bullet
                0x0000000008018374       0x30 modules/lvgl/lib..__modules__lib__gui__lvgl__zephyr.a(lv_textarea.c.obj)
                0x0000000008018374                lv_textarea_get_password_bullet
 .text.pwd_char_hider
                0x00000000080183a4       0x7c modules/lvgl/lib..__modules__lib__gui__lvgl__zephyr.a(lv_textarea.c.obj)
 .text.auto_hide_characters
                0x0000000008018420       0x4c modules/lvgl/lib..__modules__lib__gui__lvgl__zephyr.a(lv_textarea.c.obj)
 .text.lv_textarea_add_text
                0x000000000801846c       0xd8 modules/lvgl/lib..__modules__lib__gui__lvgl__zephyr.a(lv_textarea.c.obj)
                0x000000000801846c                lv_textarea_add_text
 .text.insert_handler
                0x0000000008018544       0x3c modules/lvgl/lib..__modules__lib__gui__lvgl__zephyr.a(lv_textarea.c.obj)
 .text.lv_textarea_add_char
                0x0000000008018580       0xf4 modules/lvgl/lib..__modules__lib__gui__lvgl__zephyr.a(lv_textarea.c.obj)
                0x0000000008018580                lv_textarea_add_char
 .text.lv_textarea_set_text
                0x0000000008018674       0xcc modules/lvgl/lib..__modules__lib__gui__lvgl__zephyr.a(lv_textarea.c.obj)
                0x0000000008018674                lv_textarea_set_text
 .text.lv_textarea_event
                0x0000000008018740      0x474 modules/lvgl/lib..__modules__lib__gui__lvgl__zephyr.a(lv_textarea.c.obj)
 .text.lvgl_init
                0x0000000008018bb4      0x134 modules/lvgl/lib..__modules__lib__gui__lvgl__zephyr.a(lvgl.c.obj)
 .text.set_lvgl_rendering_cb
                0x0000000008018ce8       0x80 modules/lvgl/lib..__modules__lib__gui__lvgl__zephyr.a(lvgl_display.c.obj)
                0x0000000008018ce8                set_lvgl_rendering_cb
 .text.lvgl_heap_init
                0x0000000008018d68       0x1c modules/lvgl/lib..__modules__lib__gui__lvgl__zephyr.a(lvgl_mem.c.obj)
 .text.z_impl_k_busy_wait
                0x0000000008018d84       0x30 zephyr/kernel/libkernel.a(busy_wait.c.obj)
                0x0000000008018d84                z_impl_k_busy_wait
 .text.k_sys_fatal_error_handler
                0x0000000008018db4       0x30 zephyr/kernel/libkernel.a(fatal.c.obj)
                0x0000000008018db4                k_sys_fatal_error_handler
 .text.z_fatal_error
                0x0000000008018de4      0x100 zephyr/kernel/libkernel.a(fatal.c.obj)
                0x0000000008018de4                z_fatal_error
 .text.z_sys_init_run_level
                0x0000000008018ee4       0x48 zephyr/kernel/libkernel.a(init.c.obj)
 .text.bg_thread_main
                0x0000000008018f2c       0x34 zephyr/kernel/libkernel.a(init.c.obj)
 .text.z_bss_zero
                0x0000000008018f60       0x2c zephyr/kernel/libkernel.a(init.c.obj)
                0x0000000008018f60                z_bss_zero
 .text.z_init_cpu
                0x0000000008018f8c       0x8c zephyr/kernel/libkernel.a(init.c.obj)
                0x0000000008018f8c                z_init_cpu
 .text.z_cstart
                0x0000000008019018       0xd8 zephyr/kernel/libkernel.a(init.c.obj)
                0x0000000008019018                z_cstart
 .text.z_setup_new_thread
                0x00000000080190f0       0x64 zephyr/kernel/libkernel.a(thread.c.obj)
                0x00000000080190f0                z_setup_new_thread
 .text.z_impl_k_thread_create
                0x0000000008019154       0x58 zephyr/kernel/libkernel.a(thread.c.obj)
                0x0000000008019154                z_impl_k_thread_create
 .text.z_init_static_threads
                0x00000000080191ac       0x94 zephyr/kernel/libkernel.a(thread.c.obj)
                0x00000000080191ac                z_init_static_threads
 .text.z_impl_k_sem_give
                0x0000000008019240       0x48 zephyr/kernel/libkernel.a(sem.c.obj)
                0x0000000008019240                z_impl_k_sem_give
 .text.z_impl_k_sem_take
                0x0000000008019288       0x50 zephyr/kernel/libkernel.a(sem.c.obj)
                0x0000000008019288                z_impl_k_sem_take
 .text.sliceable
                0x00000000080192d8       0x3c zephyr/kernel/libkernel.a(sched.c.obj)
 .text.slice_timeout
                0x0000000008019314       0x20 zephyr/kernel/libkernel.a(sched.c.obj)
 .text.z_reset_time_slice
                0x0000000008019334       0x50 zephyr/kernel/libkernel.a(sched.c.obj)
                0x0000000008019334                z_reset_time_slice
 .text.update_cache
                0x0000000008019384       0x3c zephyr/kernel/libkernel.a(sched.c.obj)
 .text.move_thread_to_end_of_prio_q
                0x00000000080193c0       0x74 zephyr/kernel/libkernel.a(sched.c.obj)
 .text.ready_thread
                0x0000000008019434       0x68 zephyr/kernel/libkernel.a(sched.c.obj)
 .text.unready_thread
                0x000000000801949c       0x30 zephyr/kernel/libkernel.a(sched.c.obj)
 .text.pend_locked
                0x00000000080194cc       0x30 zephyr/kernel/libkernel.a(sched.c.obj)
 .text.z_time_slice
                0x00000000080194fc       0x60 zephyr/kernel/libkernel.a(sched.c.obj)
                0x00000000080194fc                z_time_slice
 .text.z_pend_curr
                0x000000000801955c       0x3c zephyr/kernel/libkernel.a(sched.c.obj)
                0x000000000801955c                z_pend_curr
 .text.z_reschedule
                0x0000000008019598       0x24 zephyr/kernel/libkernel.a(sched.c.obj)
                0x0000000008019598                z_reschedule
 .text.z_sched_start
                0x00000000080195bc       0x3c zephyr/kernel/libkernel.a(sched.c.obj)
                0x00000000080195bc                z_sched_start
 .text.z_impl_k_thread_suspend
                0x00000000080195f8       0x64 zephyr/kernel/libkernel.a(sched.c.obj)
                0x00000000080195f8                z_impl_k_thread_suspend
 .text.k_sched_lock
                0x000000000801965c       0x28 zephyr/kernel/libkernel.a(sched.c.obj)
                0x000000000801965c                k_sched_lock
 .text.k_sched_unlock
                0x0000000008019684       0x38 zephyr/kernel/libkernel.a(sched.c.obj)
                0x0000000008019684                k_sched_unlock
 .text.z_sched_init
                0x00000000080196bc       0x10 zephyr/kernel/libkernel.a(sched.c.obj)
                0x00000000080196bc                z_sched_init
 .text.z_impl_k_yield
                0x00000000080196cc       0x7c zephyr/kernel/libkernel.a(sched.c.obj)
                0x00000000080196cc                z_impl_k_yield
 .text.z_tick_sleep
                0x0000000008019748       0x88 zephyr/kernel/libkernel.a(sched.c.obj)
 .text.z_impl_k_sleep
                0x00000000080197d0       0x30 zephyr/kernel/libkernel.a(sched.c.obj)
                0x00000000080197d0                z_impl_k_sleep
 .text.z_impl_z_current_get
                0x0000000008019800        0xc zephyr/kernel/libkernel.a(sched.c.obj)
                0x0000000008019800                z_impl_z_current_get
 .text.z_thread_abort
                0x000000000801980c       0xc0 zephyr/kernel/libkernel.a(sched.c.obj)
                0x000000000801980c                z_thread_abort
 .text.z_data_copy
                0x00000000080198cc       0x4c zephyr/kernel/libkernel.a(xip.c.obj)
                0x00000000080198cc                z_data_copy
 .text.elapsed  0x0000000008019918       0x14 zephyr/kernel/libkernel.a(timeout.c.obj)
 .text.next_timeout
                0x000000000801992c       0x40 zephyr/kernel/libkernel.a(timeout.c.obj)
 .text.remove_timeout
                0x000000000801996c       0x38 zephyr/kernel/libkernel.a(timeout.c.obj)
 .text.z_add_timeout
                0x00000000080199a4       0xec zephyr/kernel/libkernel.a(timeout.c.obj)
                0x00000000080199a4                z_add_timeout
 .text.sys_clock_announce
                0x0000000008019a90       0xd8 zephyr/kernel/libkernel.a(timeout.c.obj)
                0x0000000008019a90                sys_clock_announce
 .text.sys_clock_tick_get
                0x0000000008019b68       0x34 zephyr/kernel/libkernel.a(timeout.c.obj)
                0x0000000008019b68                sys_clock_tick_get
 .text.z_timer_expiration_handler
                0x0000000008019b9c       0xe4 zephyr/kernel/libkernel.a(timer.c.obj)
                0x0000000008019b9c                z_timer_expiration_handler
 .text.z_impl_k_timer_start
                0x0000000008019c80       0x60 zephyr/kernel/libkernel.a(timer.c.obj)
                0x0000000008019c80                z_impl_k_timer_start
 .text.k_thread_system_pool_assign
                0x0000000008019ce0        0xc zephyr/kernel/libkernel.a(mempool.c.obj)
                0x0000000008019ce0                k_thread_system_pool_assign
 .text.boot_banner
                0x0000000008019cec        0xc zephyr/kernel/libkernel.a(banner.c.obj)
                0x0000000008019cec                boot_banner
 .text.statics_init
                0x0000000008019cf8       0x24 zephyr/kernel/libkernel.a(kheap.c.obj)
 .text._OffsetAbsSyms
                0x0000000008019d1c        0x2 zephyr/CMakeFiles/offsets.dir/./arch/arm/core/offsets/offsets.c.obj
                0x0000000008019d1c                _OffsetAbsSyms
 .text._Z7reversePci
                0x0000000008019d1e       0x22 app/libapp.a(main.cpp.obj)
                0x0000000008019d1e                reverse(char*, int)
 .text._Z5citoaiPci
                0x0000000008019d40       0x5e app/libapp.a(main.cpp.obj)
                0x0000000008019d40                citoa(int, char*, int)
 .text.cbpprintf_external
                0x0000000008019d9e       0x62 zephyr/libzephyr.a(cbprintf_packaged.c.obj)
                0x0000000008019d9e                cbpprintf_external
 .text.is_ptr   0x0000000008019e00       0x4a zephyr/libzephyr.a(cbprintf_packaged.c.obj)
                0x0000000008019e00                is_ptr
 .text.arch_printk_char_out
                0x0000000008019e4a        0x4 zephyr/libzephyr.a(printk.c.obj)
                0x0000000008019e4a                arch_printk_char_out
 .text.str_out  0x0000000008019e4e       0x24 zephyr/libzephyr.a(printk.c.obj)
 .text.printk   0x0000000008019e72       0x1a zephyr/libzephyr.a(printk.c.obj)
                0x0000000008019e72                printk
 .text.snprintk
                0x0000000008019e8c       0x1a zephyr/libzephyr.a(printk.c.obj)
                0x0000000008019e8c                snprintk
 .text.z_thread_entry
                0x0000000008019ea6       0x14 zephyr/libzephyr.a(thread_entry.c.obj)
                0x0000000008019ea6                z_thread_entry
 .text.chunk_field
                0x0000000008019eba       0x16 zephyr/libzephyr.a(heap.c.obj)
 .text.chunk_set
                0x0000000008019ed0       0x16 zephyr/libzephyr.a(heap.c.obj)
 .text.chunk_size
                0x0000000008019ee6        0xc zephyr/libzephyr.a(heap.c.obj)
 .text.set_chunk_used
                0x0000000008019ef2       0x30 zephyr/libzephyr.a(heap.c.obj)
 .text.set_chunk_size
                0x0000000008019f22        0x8 zephyr/libzephyr.a(heap.c.obj)
 .text.bucket_idx.isra.0
                0x0000000008019f2a       0x1e zephyr/libzephyr.a(heap.c.obj)
 .text.free_list_add
                0x0000000008019f48       0x84 zephyr/libzephyr.a(heap.c.obj)
 .text.sys_heap_init
                0x0000000008019fcc       0xa4 zephyr/libzephyr.a(heap.c.obj)
                0x0000000008019fcc                sys_heap_init
 .text.encode_uint
                0x000000000801a070       0x8c zephyr/libzephyr.a(cbprintf_complete.c.obj)
 .text.outs     0x000000000801a0fc       0x2e zephyr/libzephyr.a(cbprintf_complete.c.obj)
 .text.free_space
                0x000000000801a12a       0x26 zephyr/libzephyr.a(mpsc_pbuf.c.obj)
 .text.get_usage
                0x000000000801a150       0x22 zephyr/libzephyr.a(mpsc_pbuf.c.obj)
 .text.idx_inc  0x000000000801a172       0x1c zephyr/libzephyr.a(mpsc_pbuf.c.obj)
 .text.rd_idx_inc
                0x000000000801a18e       0x18 zephyr/libzephyr.a(mpsc_pbuf.c.obj)
 .text.add_skip_item
                0x000000000801a1a6       0x3a zephyr/libzephyr.a(mpsc_pbuf.c.obj)
 .text.drop_item_locked
                0x000000000801a1e0       0xee zephyr/libzephyr.a(mpsc_pbuf.c.obj)
 .text.post_drop_action
                0x000000000801a2ce       0x36 zephyr/libzephyr.a(mpsc_pbuf.c.obj)
 .text.max_utilization_update
                0x000000000801a304       0x1a zephyr/libzephyr.a(mpsc_pbuf.c.obj)
 .text.mpsc_pbuf_init
                0x000000000801a31e       0x42 zephyr/libzephyr.a(mpsc_pbuf.c.obj)
                0x000000000801a31e                mpsc_pbuf_init
 .text.mpsc_pbuf_alloc
                0x000000000801a360       0xfc zephyr/libzephyr.a(mpsc_pbuf.c.obj)
                0x000000000801a360                mpsc_pbuf_alloc
 .text.mpsc_pbuf_commit
                0x000000000801a45c       0x40 zephyr/libzephyr.a(mpsc_pbuf.c.obj)
                0x000000000801a45c                mpsc_pbuf_commit
 .text.mpsc_pbuf_claim
                0x000000000801a49c       0xa4 zephyr/libzephyr.a(mpsc_pbuf.c.obj)
                0x000000000801a49c                mpsc_pbuf_claim
 .text.mpsc_pbuf_free
                0x000000000801a540       0x78 zephyr/libzephyr.a(mpsc_pbuf.c.obj)
                0x000000000801a540                mpsc_pbuf_free
 .text.mpsc_pbuf_is_pending
                0x000000000801a5b8       0x1a zephyr/libzephyr.a(mpsc_pbuf.c.obj)
                0x000000000801a5b8                mpsc_pbuf_is_pending
 .text._ConfigAbsSyms
                0x000000000801a5d2        0x2 zephyr/libzephyr.a(configs.c.obj)
                0x000000000801a5d2                _ConfigAbsSyms
 .text.st_stm32_common_config
                0x000000000801a5d4        0x4 zephyr/libzephyr.a(soc_config.c.obj)
 .text.log_msg_generic_get_wlen
                0x000000000801a5d8       0x20 zephyr/libzephyr.a(log_core.c.obj)
 .text.dummy_timestamp
                0x000000000801a5f8        0x4 zephyr/libzephyr.a(log_core.c.obj)
 .text.atomic_inc
                0x000000000801a5fc       0x1a zephyr/libzephyr.a(log_core.c.obj)
 .text.default_lf_get_timestamp
                0x000000000801a616       0x10 zephyr/libzephyr.a(log_core.c.obj)
 .text.z_log_vprintk
                0x000000000801a626       0x1c zephyr/libzephyr.a(log_core.c.obj)
                0x000000000801a626                z_log_vprintk
 .text.z_log_notify_drop
                0x000000000801a642        0x6 zephyr/libzephyr.a(log_core.c.obj)
 .text.z_log_get_tag
                0x000000000801a648        0x4 zephyr/libzephyr.a(log_core.c.obj)
                0x000000000801a648                z_log_get_tag
 .text.z_cbprintf_cpy
                0x000000000801a64c       0x2c zephyr/libzephyr.a(log_msg.c.obj)
 .text.z_log_msg_finalize
                0x000000000801a678       0x32 zephyr/libzephyr.a(log_msg.c.obj)
                0x000000000801a678                z_log_msg_finalize
 .text.buffer_write
                0x000000000801a6aa       0x1a zephyr/libzephyr.a(log_output.c.obj)
 .text.cbvprintf
                0x000000000801a6c4        0xe zephyr/libzephyr.a(log_output.c.obj)
 .text.log_output_flush
                0x000000000801a6d2       0x1a zephyr/libzephyr.a(log_output.c.obj)
                0x000000000801a6d2                log_output_flush
 .text.out_func
                0x000000000801a6ec       0x36 zephyr/libzephyr.a(log_output.c.obj)
 .text.cr_out_func
                0x000000000801a722       0x1c zephyr/libzephyr.a(log_output.c.obj)
 .text.log_backend_uart_init
                0x000000000801a73e        0x2 zephyr/libzephyr.a(log_backend_uart.c.obj)
 .text.z_do_kernel_oops
                0x000000000801a740        0x8 zephyr/arch/arch/arm/core/aarch32/libarch__arm__core__aarch32.a(fatal.c.obj)
                0x000000000801a740                z_do_kernel_oops
 .text.z_irq_spurious
                0x000000000801a748        0x8 zephyr/arch/arch/arm/core/aarch32/libarch__arm__core__aarch32.a(irq_manage.c.obj)
                0x000000000801a748                z_irq_spurious
 .text.z_arm_nmi
                0x000000000801a750        0xe zephyr/arch/arch/arm/core/aarch32/libarch__arm__core__aarch32.a(nmi.c.obj)
                0x000000000801a750                z_arm_nmi
 .text.z_log_msg_static_create.constprop.0
                0x000000000801a75e        0x6 zephyr/arch/arch/arm/core/aarch32/cortex_m/libarch__arm__core__aarch32__cortex_m.a(fault.c.obj)
 .text.strcpy   0x000000000801a764       0x14 zephyr/lib/libc/minimal/liblib__libc__minimal.a(string.c.obj)
                0x000000000801a764                strcpy
 .text.strlen   0x000000000801a778        0xe zephyr/lib/libc/minimal/liblib__libc__minimal.a(string.c.obj)
                0x000000000801a778                strlen
 .text.strcmp   0x000000000801a786       0x18 zephyr/lib/libc/minimal/liblib__libc__minimal.a(string.c.obj)
                0x000000000801a786                strcmp
 .text.memcpy   0x000000000801a79e       0x16 zephyr/lib/libc/minimal/liblib__libc__minimal.a(string.c.obj)
                0x000000000801a79e                memcpy
 .text.memset   0x000000000801a7b4       0x12 zephyr/lib/libc/minimal/liblib__libc__minimal.a(string.c.obj)
                0x000000000801a7b4                memset
 .text._stdout_hook_default
                0x000000000801a7c6        0x6 zephyr/lib/libc/minimal/liblib__libc__minimal.a(stdout_console.c.obj)
 .text.sprintf_out
                0x000000000801a7cc       0x1a zephyr/lib/libc/minimal/liblib__libc__minimal.a(sprintf.c.obj)
 .text.strnlen  0x000000000801a7e6       0x12 zephyr/lib/libc/common/liblib__libc__common.a(strnlen.c.obj)
                0x000000000801a7e6                strnlen
 .text.stm32_exti_init
                0x000000000801a7f8       0x92 zephyr/drivers/interrupt_controller/libdrivers__interrupt_controller.a(intc_exti_stm32.c.obj)
 .text.stm32_exti_disable
                0x000000000801a88a       0x1a zephyr/drivers/interrupt_controller/libdrivers__interrupt_controller.a(intc_exti_stm32.c.obj)
                0x000000000801a88a                stm32_exti_disable
 .text.stm32_exti_trigger
                0x000000000801a8a4       0x64 zephyr/drivers/interrupt_controller/libdrivers__interrupt_controller.a(intc_exti_stm32.c.obj)
                0x000000000801a8a4                stm32_exti_trigger
 .text.stm32_clock_control_on
                0x000000000801a908       0x24 zephyr/drivers/clock_control/libdrivers__clock_control.a(clock_stm32_ll_h7.c.obj)
 .text.stm32_clock_control_off
                0x000000000801a92c       0x26 zephyr/drivers/clock_control/libdrivers__clock_control.a(clock_stm32_ll_h7.c.obj)
 .text.gpio_pin_configure_dt
                0x000000000801a952       0x40 zephyr/drivers/display/libdrivers__display.a(display_ili9xxx.c.obj)
 .text.ili9xxx_get_capabilities
                0x000000000801a992       0x38 zephyr/drivers/display/libdrivers__display.a(display_ili9xxx.c.obj)
 .text.z_log_msg_static_create.constprop.0
                0x000000000801a9ca        0x6 zephyr/drivers/display/libdrivers__display.a(display_ili9xxx.c.obj)
 .text.spi_write_dt
                0x000000000801a9d0       0x16 zephyr/drivers/display/libdrivers__display.a(display_ili9xxx.c.obj)
 .text.gpio_pin_set_dt.isra.0
                0x000000000801a9e6       0x28 zephyr/drivers/display/libdrivers__display.a(display_ili9xxx.c.obj)
 .text.ili9xxx_transmit
                0x000000000801aa0e       0x58 zephyr/drivers/display/libdrivers__display.a(display_ili9xxx.c.obj)
                0x000000000801aa0e                ili9xxx_transmit
 .text.ili9xxx_set_orientation
                0x000000000801aa66       0x66 zephyr/drivers/display/libdrivers__display.a(display_ili9xxx.c.obj)
 .text.ili9xxx_set_pixel_format
                0x000000000801aacc       0x40 zephyr/drivers/display/libdrivers__display.a(display_ili9xxx.c.obj)
 .text.ili9xxx_write
                0x000000000801ab0c       0xde zephyr/drivers/display/libdrivers__display.a(display_ili9xxx.c.obj)
 .text.ili9xxx_display_blanking_off
                0x000000000801abea        0xa zephyr/drivers/display/libdrivers__display.a(display_ili9xxx.c.obj)
 .text.ili9xxx_display_blanking_on
                0x000000000801abf4        0xa zephyr/drivers/display/libdrivers__display.a(display_ili9xxx.c.obj)
 .text.ili9340_regs_init
                0x000000000801abfe       0xa2 zephyr/drivers/display/libdrivers__display.a(display_ili9340.c.obj)
                0x000000000801abfe                ili9340_regs_init
 .text.gpio_stm32_port_get_raw
                0x000000000801aca0        0xc zephyr/drivers/gpio/libdrivers__gpio.a(gpio_stm32.c.obj)
 .text.gpio_stm32_port_set_masked_raw
                0x000000000801acac       0x12 zephyr/drivers/gpio/libdrivers__gpio.a(gpio_stm32.c.obj)
 .text.gpio_stm32_port_set_bits_raw
                0x000000000801acbe        0xa zephyr/drivers/gpio/libdrivers__gpio.a(gpio_stm32.c.obj)
 .text.gpio_stm32_port_clear_bits_raw
                0x000000000801acc8        0xc zephyr/drivers/gpio/libdrivers__gpio.a(gpio_stm32.c.obj)
 .text.gpio_stm32_port_toggle_bits
                0x000000000801acd4        0xe zephyr/drivers/gpio/libdrivers__gpio.a(gpio_stm32.c.obj)
 .text.gpio_stm32_manage_callback
                0x000000000801ace2       0x52 zephyr/drivers/gpio/libdrivers__gpio.a(gpio_stm32.c.obj)
 .text.gpio_stm32_configure_raw.isra.0
                0x000000000801ad34       0xa0 zephyr/drivers/gpio/libdrivers__gpio.a(gpio_stm32.c.obj)
 .text.gpio_stm32_config
                0x000000000801add4       0x78 zephyr/drivers/gpio/libdrivers__gpio.a(gpio_stm32.c.obj)
 .text.gpio_stm32_isr
                0x000000000801ae4c       0x2e zephyr/drivers/gpio/libdrivers__gpio.a(gpio_stm32.c.obj)
 .text.gpio_stm32_configure
                0x000000000801ae7a       0x30 zephyr/drivers/gpio/libdrivers__gpio.a(gpio_stm32.c.obj)
                0x000000000801ae7a                gpio_stm32_configure
 .text.pinctrl_lookup_state
                0x000000000801aeaa       0x26 zephyr/drivers/pinctrl/libdrivers__pinctrl.a(common.c.obj)
                0x000000000801aeaa                pinctrl_lookup_state
 .text.reset_stm32_status
                0x000000000801aed0       0x22 zephyr/drivers/reset/libdrivers__reset.a(reset_stm32.c.obj)
 .text.reset_stm32_line_assert
                0x000000000801aef2       0x1c zephyr/drivers/reset/libdrivers__reset.a(reset_stm32.c.obj)
 .text.reset_stm32_line_deassert
                0x000000000801af0e       0x1e zephyr/drivers/reset/libdrivers__reset.a(reset_stm32.c.obj)
 .text.reset_stm32_line_toggle
                0x000000000801af2c       0x16 zephyr/drivers/reset/libdrivers__reset.a(reset_stm32.c.obj)
 .text.uart_stm32_err_check
                0x000000000801af42       0x62 zephyr/drivers/serial/libdrivers__serial.a(uart_stm32.c.obj)
 .text.uart_stm32_poll_out
                0x000000000801afa4       0x3a zephyr/drivers/serial/libdrivers__serial.a(uart_stm32.c.obj)
 .text.uart_stm32_poll_in
                0x000000000801afde       0x24 zephyr/drivers/serial/libdrivers__serial.a(uart_stm32.c.obj)
 .text.uart_stm32_config_get
                0x000000000801b002       0xb2 zephyr/drivers/serial/libdrivers__serial.a(uart_stm32.c.obj)
 .text.uart_stm32_set_baudrate
                0x000000000801b0b4       0x42 zephyr/drivers/serial/libdrivers__serial.a(uart_stm32.c.obj)
 .text.spi_context_get_next_buf
                0x000000000801b0f6       0x2c zephyr/drivers/spi/libdrivers__spi.a(spi_ll_stm32.c.obj)
 .text.spi_context_buffers_setup
                0x000000000801b122       0x5e zephyr/drivers/spi/libdrivers__spi.a(spi_ll_stm32.c.obj)
 .text.gpio_pin_set_dt.isra.0
                0x000000000801b180       0x28 zephyr/drivers/spi/libdrivers__spi.a(spi_ll_stm32.c.obj)
 .text.spi_context_unlock_unconditionally
                0x000000000801b1a8       0x30 zephyr/drivers/spi/libdrivers__spi.a(spi_ll_stm32.c.obj)
 .text.spi_stm32_release
                0x000000000801b1d8        0xc zephyr/drivers/spi/libdrivers__spi.a(spi_ll_stm32.c.obj)
 .text.lv_disp_get_scr_act
                0x000000000801b1e4        0xe modules/lvgl/lib..__modules__lib__gui__lvgl__zephyr.a(lv_disp.c.obj)
                0x000000000801b1e4                lv_disp_get_scr_act
 .text.lv_disp_get_scr_prev
                0x000000000801b1f2        0xe modules/lvgl/lib..__modules__lib__gui__lvgl__zephyr.a(lv_disp.c.obj)
                0x000000000801b1f2                lv_disp_get_scr_prev
 .text.lv_disp_get_layer_top
                0x000000000801b200        0xe modules/lvgl/lib..__modules__lib__gui__lvgl__zephyr.a(lv_disp.c.obj)
                0x000000000801b200                lv_disp_get_layer_top
 .text.lv_disp_get_layer_sys
                0x000000000801b20e        0xe modules/lvgl/lib..__modules__lib__gui__lvgl__zephyr.a(lv_disp.c.obj)
                0x000000000801b20e                lv_disp_get_layer_sys
 .text.lv_disp_get_theme
                0x000000000801b21c        0xc modules/lvgl/lib..__modules__lib__gui__lvgl__zephyr.a(lv_disp.c.obj)
                0x000000000801b21c                lv_disp_get_theme
 .text.lv_disp_is_invalidation_enabled
                0x000000000801b228       0x18 modules/lvgl/lib..__modules__lib__gui__lvgl__zephyr.a(lv_disp.c.obj)
                0x000000000801b228                lv_disp_is_invalidation_enabled
 .text.lv_obj_get_event_dsc.isra.0
                0x000000000801b240       0x1a modules/lvgl/lib..__modules__lib__gui__lvgl__zephyr.a(lv_event.c.obj)
 .text.lv_obj_event_base
                0x000000000801b25a       0x2c modules/lvgl/lib..__modules__lib__gui__lvgl__zephyr.a(lv_event.c.obj)
                0x000000000801b25a                lv_obj_event_base
 .text.lv_event_get_target
                0x000000000801b286        0x4 modules/lvgl/lib..__modules__lib__gui__lvgl__zephyr.a(lv_event.c.obj)
                0x000000000801b286                lv_event_get_target
 .text.lv_event_get_current_target
                0x000000000801b28a        0x4 modules/lvgl/lib..__modules__lib__gui__lvgl__zephyr.a(lv_event.c.obj)
                0x000000000801b28a                lv_event_get_current_target
 .text.lv_event_get_code
                0x000000000801b28e        0x8 modules/lvgl/lib..__modules__lib__gui__lvgl__zephyr.a(lv_event.c.obj)
                0x000000000801b28e                lv_event_get_code
 .text.lv_event_get_param
                0x000000000801b296        0x4 modules/lvgl/lib..__modules__lib__gui__lvgl__zephyr.a(lv_event.c.obj)
                0x000000000801b296                lv_event_get_param
 .text.lv_event_get_user_data
                0x000000000801b29a        0x4 modules/lvgl/lib..__modules__lib__gui__lvgl__zephyr.a(lv_event.c.obj)
                0x000000000801b29a                lv_event_get_user_data
 .text.lv_obj_add_event_cb
                0x000000000801b29e       0x8c modules/lvgl/lib..__modules__lib__gui__lvgl__zephyr.a(lv_event.c.obj)
                0x000000000801b29e                lv_obj_add_event_cb
 .text.lv_event_get_indev
                0x000000000801b32a        0xe modules/lvgl/lib..__modules__lib__gui__lvgl__zephyr.a(lv_event.c.obj)
                0x000000000801b32a                lv_event_get_indev
 .text.lv_event_get_draw_ctx
                0x000000000801b338        0xe modules/lvgl/lib..__modules__lib__gui__lvgl__zephyr.a(lv_event.c.obj)
                0x000000000801b338                lv_event_get_draw_ctx
 .text.lv_event_set_ext_draw_size
                0x000000000801b346       0x18 modules/lvgl/lib..__modules__lib__gui__lvgl__zephyr.a(lv_event.c.obj)
                0x000000000801b346                lv_event_set_ext_draw_size
 .text.get_indev
                0x000000000801b35e       0x4c modules/lvgl/lib..__modules__lib__gui__lvgl__zephyr.a(lv_group.c.obj)
 .text.focus_next_core
                0x000000000801b3aa       0xe4 modules/lvgl/lib..__modules__lib__gui__lvgl__zephyr.a(lv_group.c.obj)
 .text.lv_group_refocus
                0x000000000801b48e       0x28 modules/lvgl/lib..__modules__lib__gui__lvgl__zephyr.a(lv_group.c.obj)
 .text.lv_group_remove_obj
                0x000000000801b4b6       0x90 modules/lvgl/lib..__modules__lib__gui__lvgl__zephyr.a(lv_group.c.obj)
                0x000000000801b4b6                lv_group_remove_obj
 .text.lv_group_add_obj
                0x000000000801b546       0x72 modules/lvgl/lib..__modules__lib__gui__lvgl__zephyr.a(lv_group.c.obj)
                0x000000000801b546                lv_group_add_obj
 .text.lv_group_get_focused
                0x000000000801b5b8        0xa modules/lvgl/lib..__modules__lib__gui__lvgl__zephyr.a(lv_group.c.obj)